Component: ARM Compiler 5.06 update 3 (build 300) Tool: armlink [4d35c9]

==============================================================================

Section Cross References

    startup_stm32f103xb.o(RESET) refers to startup_stm32f103xb.o(STACK) for __initial_sp
    startup_stm32f103xb.o(RESET) refers to startup_stm32f103xb.o(.text) for Reset_Handler
    startup_stm32f103xb.o(RESET) refers to stm32f1xx_it.o(i.NMI_Handler) for NMI_Handler
    startup_stm32f103xb.o(RESET) refers to stm32f1xx_it.o(i.HardFault_Handler) for HardFault_Handler
    startup_stm32f103xb.o(RESET) refers to stm32f1xx_it.o(i.MemManage_Handler) for MemManage_Handler
    startup_stm32f103xb.o(RESET) refers to stm32f1xx_it.o(i.BusFault_Handler) for BusFault_Handler
    startup_stm32f103xb.o(RESET) refers to stm32f1xx_it.o(i.UsageFault_Handler) for UsageFault_Handler
    startup_stm32f103xb.o(RESET) refers to stm32f1xx_it.o(i.SVC_Handler) for SVC_Handler
    startup_stm32f103xb.o(RESET) refers to stm32f1xx_it.o(i.DebugMon_Handler) for DebugMon_Handler
    startup_stm32f103xb.o(RESET) refers to stm32f1xx_it.o(i.PendSV_Handler) for PendSV_Handler
    startup_stm32f103xb.o(RESET) refers to stm32f1xx_it.o(i.SysTick_Handler) for SysTick_Handler
    startup_stm32f103xb.o(.text) refers to system_stm32f1xx.o(i.SystemInit) for SystemInit
    startup_stm32f103xb.o(.text) refers to entry.o(.ARM.Collect$$$$00000000) for __main
    main.o(i.SystemClock_Config) refers to memseta.o(.text) for __aeabi_memclr4
    main.o(i.SystemClock_Config) refers to stm32f1xx_hal_rcc.o(i.HAL_RCC_OscConfig) for HAL_RCC_OscConfig
    main.o(i.SystemClock_Config) refers to stm32f1xx_hal_rcc.o(i.HAL_RCC_ClockConfig) for HAL_RCC_ClockConfig
    main.o(i.main) refers to stm32f1xx_hal.o(i.HAL_Init) for HAL_Init
    main.o(i.main) refers to main.o(i.SystemClock_Config) for SystemClock_Config
    main.o(i.main) refers to gpio.o(i.MX_GPIO_Init) for MX_GPIO_Init
    main.o(i.main) refers to spi.o(i.MX_SPI1_Init) for MX_SPI1_Init
    main.o(i.main) refers to usart.o(i.MX_USART2_UART_Init) for MX_USART2_UART_Init
    main.o(i.main) refers to fatfs.o(i.MX_FATFS_Init) for MX_FATFS_Init
    main.o(i.main) refers to printfa.o(i.__0printf) for __2printf
    main.o(i.main) refers to lcd_touch.o(i.TP_Init) for TP_Init
    main.o(i.main) refers to lcd_driver_1.o(i.Lcd_Init) for Lcd_Init
    main.o(i.main) refers to lcd_gui.o(i.Gui_draw_line) for Gui_draw_line
    main.o(i.main) refers to lcd_gui.o(i.Gui_draw_rectangle) for Gui_draw_rectangle
    main.o(i.main) refers to lcd_driver_1.o(i.Gui_fill_color) for Gui_fill_color
    main.o(i.main) refers to lcd_gui.o(i.Gui_draw_circle) for Gui_draw_circle
    main.o(i.main) refers to lcd_gui.o(i.Gui_draw_str) for Gui_draw_str
    main.o(i.main) refers to stm32f1xx_hal.o(i.HAL_Delay) for HAL_Delay
    main.o(i.main) refers to lcd_showbmp.o(i.SD_Init) for SD_Init
    main.o(i.main) refers to lcd_touch.o(i.Load_Touch_Draw) for Load_Touch_Draw
    main.o(i.main) refers to lcd_touch.o(i.TP_test) for TP_test
    main.o(i.main) refers to font24.o(.data) for Font24
    gpio.o(i.MX_GPIO_Init) refers to stm32f1xx_hal_gpio.o(i.HAL_GPIO_WritePin) for HAL_GPIO_WritePin
    gpio.o(i.MX_GPIO_Init) refers to stm32f1xx_hal_gpio.o(i.HAL_GPIO_Init) for HAL_GPIO_Init
    spi.o(i.HAL_SPI_MspDeInit) refers to stm32f1xx_hal_gpio.o(i.HAL_GPIO_DeInit) for HAL_GPIO_DeInit
    spi.o(i.HAL_SPI_MspInit) refers to stm32f1xx_hal_gpio.o(i.HAL_GPIO_Init) for HAL_GPIO_Init
    spi.o(i.MX_SPI1_Init) refers to stm32f1xx_hal_spi.o(i.HAL_SPI_Init) for HAL_SPI_Init
    spi.o(i.MX_SPI1_Init) refers to main.o(i.Error_Handler) for Error_Handler
    spi.o(i.MX_SPI1_Init) refers to spi.o(.bss) for .bss
    spi.o(i.SPI_Set_Speed) refers to stm32f1xx_hal_spi.o(i.HAL_SPI_Init) for HAL_SPI_Init
    spi.o(i.SPI_Set_Speed) refers to main.o(i.Error_Handler) for Error_Handler
    spi.o(i.SPI_Set_Speed) refers to spi.o(.bss) for .bss
    usart.o(i.HAL_UART_MspDeInit) refers to stm32f1xx_hal_gpio.o(i.HAL_GPIO_DeInit) for HAL_GPIO_DeInit
    usart.o(i.HAL_UART_MspInit) refers to stm32f1xx_hal_gpio.o(i.HAL_GPIO_Init) for HAL_GPIO_Init
    usart.o(i.MX_USART2_UART_Init) refers to stm32f1xx_hal_uart.o(i.HAL_UART_Init) for HAL_UART_Init
    usart.o(i.MX_USART2_UART_Init) refers to main.o(i.Error_Handler) for Error_Handler
    usart.o(i.MX_USART2_UART_Init) refers to usart.o(.bss) for .bss
    usart.o(i.fputc) refers to stm32f1xx_hal_uart.o(i.HAL_UART_Transmit) for HAL_UART_Transmit
    usart.o(i.fputc) refers to usart.o(.bss) for .bss
    stm32f1xx_it.o(i.SysTick_Handler) refers to stm32f1xx_hal.o(i.HAL_IncTick) for HAL_IncTick
    user_diskio.o(i.USER_initialize) refers to sdcard_spi.o(i.USER_SPI_initialize) for USER_SPI_initialize
    user_diskio.o(i.USER_ioctl) refers to sdcard_spi.o(i.USER_SPI_ioctl) for USER_SPI_ioctl
    user_diskio.o(i.USER_read) refers to sdcard_spi.o(i.USER_SPI_read) for USER_SPI_read
[...]
    Removing stm32f1xx_hal_uart.o(i.HAL_UART_TxCpltCallback), (2 bytes).
    Removing stm32f1xx_hal_uart.o(i.HAL_UART_TxHalfCpltCallback), (2 bytes).
    Removing stm32f1xx_hal_uart.o(i.UART_DMAAbortOnError), (16 bytes).
    Removing stm32f1xx_hal_uart.o(i.UART_DMAError), (74 bytes).
    Removing stm32f1xx_hal_uart.o(i.UART_DMAReceiveCplt), (60 bytes).
    Removing stm32f1xx_hal_uart.o(i.UART_DMARxAbortCallback), (42 bytes).
    Removing stm32f1xx_hal_uart.o(i.UART_DMARxHalfCplt), (10 bytes).
    Removing stm32f1xx_hal_uart.o(i.UART_DMARxOnlyAbortCallback), (20 bytes).
    Removing stm32f1xx_hal_uart.o(i.UART_DMATransmitCplt), (46 bytes).
    Removing stm32f1xx_hal_uart.o(i.UART_DMATxAbortCallback), (42 bytes).
    Removing stm32f1xx_hal_uart.o(i.UART_DMATxHalfCplt), (10 bytes).
    Removing stm32f1xx_hal_uart.o(i.UART_DMATxOnlyAbortCallback), (20 bytes).
    Removing stm32f1xx_hal_uart.o(i.UART_EndRxTransfer), (28 bytes).
    Removing stm32f1xx_hal_uart.o(i.UART_EndTxTransfer), (18 bytes).
    Removing stm32f1xx_hal_uart.o(i.UART_Receive_IT), (140 bytes).
    Removing system_stm32f1xx.o(.rev16_text), (4 bytes).
    Removing system_stm32f1xx.o(.revsh_text), (4 bytes).
    Removing system_stm32f1xx.o(.rrx_text), (6 bytes).
    Removing system_stm32f1xx.o(i.SystemCoreClockUpdate), (104 bytes).
    Removing diskio.o(.rev16_text), (4 bytes).
    Removing diskio.o(.revsh_text), (4 bytes).
    Removing diskio.o(.rrx_text), (6 bytes).
    Removing diskio.o(i.disk_ioctl), (28 bytes).
    Removing diskio.o(i.get_fattime), (4 bytes).
    Removing ff.o(.rev16_text), (4 bytes).
    Removing ff.o(.revsh_text), (4 bytes).
    Removing ff.o(.rrx_text), (6 bytes).
    Removing ff.o(i.chk_lock), (100 bytes).
    Removing ff.o(i.clmt_clust), (38 bytes).
    Removing ff.o(i.clust2sect), (30 bytes).
    Removing ff.o(i.create_chain), (176 bytes).
    Removing ff.o(i.create_name), (236 bytes).
    Removing ff.o(i.dec_lock), (60 bytes).
    Removing ff.o(i.dir_next), (244 bytes).
    Removing ff.o(i.dir_read), (92 bytes).
    Removing ff.o(i.dir_register), (102 bytes).
    Removing ff.o(i.dir_remove), (54 bytes).
    Removing ff.o(i.dir_sdi), (136 bytes).
    Removing ff.o(i.f_chmod), (78 bytes).
    Removing ff.o(i.f_close), (38 bytes).
    Removing ff.o(i.f_closedir), (32 bytes).
    Removing ff.o(i.f_getfree), (200 bytes).
    Removing ff.o(i.f_gets), (72 bytes).
    Removing ff.o(i.f_lseek), (430 bytes).
    Removing ff.o(i.f_mkdir), (352 bytes).
    Removing ff.o(i.f_mkfs), (1334 bytes).
    Removing ff.o(i.f_open), (404 bytes).
    Removing ff.o(i.f_opendir), (130 bytes).
    Removing ff.o(i.f_printf), (490 bytes).
    Removing ff.o(i.f_putc), (60 bytes).
    Removing ff.o(i.f_puts), (70 bytes).
    Removing ff.o(i.f_read), (306 bytes).
    Removing ff.o(i.f_readdir), (78 bytes).
    Removing ff.o(i.f_rename), (256 bytes).
    Removing ff.o(i.f_stat), (60 bytes).
    Removing ff.o(i.f_sync), (122 bytes).
    Removing ff.o(i.f_truncate), (142 bytes).
    Removing ff.o(i.f_unlink), (156 bytes).
    Removing ff.o(i.f_utime), (82 bytes).
    Removing ff.o(i.f_write), (394 bytes).
    Removing ff.o(i.follow_path), (170 bytes).
    Removing ff.o(i.get_fat), (194 bytes).
    Removing ff.o(i.get_fileinfo), (76 bytes).
    Removing ff.o(i.inc_lock), (152 bytes).
    Removing ff.o(i.ld_clust), (20 bytes).
    Removing ff.o(i.mem_cpy), (18 bytes).
    Removing ff.o(i.mem_set), (14 bytes).
    Removing ff.o(i.put_fat), (248 bytes).
    Removing ff.o(i.putc_bfd), (70 bytes).
    Removing ff.o(i.remove_chain), (110 bytes).
    Removing ff.o(i.st_clust), (16 bytes).
    Removing ff.o(i.sync_fs), (182 bytes).
    Removing ff.o(i.validate), (40 bytes).
    Removing ff.o(.constdata), (44 bytes).
    Removing ff_gen_drv.o(.rev16_text), (4 bytes).
    Removing ff_gen_drv.o(.revsh_text), (4 bytes).
    Removing ff_gen_drv.o(.rrx_text), (6 bytes).
    Removing ff_gen_drv.o(i.FATFS_GetAttachedDriversNbr), (12 bytes).
    Removing ff_gen_drv.o(i.FATFS_UnLinkDriver), (6 bytes).
    Removing ff_gen_drv.o(i.FATFS_UnLinkDriverEx), (52 bytes).
    Removing syscall.o(.rev16_text), (4 bytes).
    Removing syscall.o(.revsh_text), (4 bytes).
    Removing syscall.o(.rrx_text), (6 bytes).
    Removing lcd_driver_1.o(.rev16_text), (4 bytes).
    Removing lcd_driver_1.o(.revsh_text), (4 bytes).
    Removing lcd_driver_1.o(.rrx_text), (6 bytes).
    Removing lcd_driver_1.o(i.LCD_Clearx), (132 bytes).
    Removing lcd_driver_1.o(i.Lcd_Gpio_Init), (16 bytes).
    Removing lcd_driver_1.o(.data), (2 bytes).
    Removing lcd_gui.o(.rev16_text), (4 bytes).
    Removing lcd_gui.o(.revsh_text), (4 bytes).
    Removing lcd_gui.o(.rrx_text), (6 bytes).
    Removing lcd_touch.o(.rev16_text), (4 bytes).
    Removing lcd_touch.o(.revsh_text), (4 bytes).
    Removing lcd_touch.o(.rrx_text), (6 bytes).
    Removing lcd_touch.o(i.delayMicroseconds), (6 bytes).
    Removing lcd_showbmp.o(.rev16_text), (4 bytes).
    Removing lcd_showbmp.o(.revsh_text), (4 bytes).
    Removing lcd_showbmp.o(.rrx_text), (6 bytes).
    Removing lcd_showbmp.o(i.display_images), (272 bytes).
    Removing sdcard_spi.o(.rev16_text), (4 bytes).
    Removing sdcard_spi.o(.revsh_text), (4 bytes).
    Removing sdcard_spi.o(.rrx_text), (6 bytes).
    Removing fatfs_storage_1.o(.rev16_text), (4 bytes).
    Removing fatfs_storage_1.o(.revsh_text), (4 bytes).
    Removing fatfs_storage_1.o(.rrx_text), (6 bytes).
    Removing fatfs_storage_1.o(i.Buffercmp), (30 bytes).
    Removing fatfs_storage_1.o(i.Storage_CheckBitmapFile), (32 bytes).
    Removing fatfs_storage_1.o(i.Storage_CopyFile), (96 bytes).
    Removing fatfs_storage_1.o(i.Storage_GetDirectoryBitmapFiles), (136 bytes).
    Removing fatfs_storage_1.o(i.Storage_OpenReadFile), (436 bytes).
    Removing fatfs_storage_1.o(.bss), (1540 bytes).
    Removing fatfs_storage_1.o(.data), (8 bytes).

391 unused section(s) (total 25952 bytes) removed from the image.

==============================================================================

Image Symbol Table

    Local Symbols

    Symbol Name                              Value     Ov Type        Size  Object(Section)

    ../Core/Src/gpio.c                       0x00000000   Number         0  gpio.o ABSOLUTE
    ../Core/Src/main.c                       0x00000000   Number         0  main.o ABSOLUTE
    ../Core/Src/spi.c                        0x00000000   Number         0  spi.o ABSOLUTE
    ../Core/Src/stm32f1xx_hal_msp.c          0x00000000   Number         0  stm32f1xx_hal_msp.o ABSOLUTE
    ../Core/Src/stm32f1xx_it.c               0x00000000   Number         0  stm32f1xx_it.o ABSOLUTE
    ../Core/Src/system_stm32f1xx.c           0x00000000   Number         0  system_stm32f1xx.o ABSOLUTE
    ../Core/Src/usart.c                      0x00000000   Number         0  usart.o ABSOLUTE
    ../Drivers/STM32F1xx_HAL_Driver/Src/stm32f1xx_hal.c 0x00000000   Number         0  stm32f1xx_hal.o ABSOLUTE
    ../Drivers/STM32F1xx_HAL_Driver/Src/stm32f1xx_hal_cortex.c 0x00000000   Number         0  stm32f1xx_hal_cortex.o ABSOLUTE
    ../Drivers/STM32F1xx_HAL_Driver/Src/stm32f1xx_hal_dma.c 0x00000000   Number         0  stm32f1xx_hal_dma.o ABSOLUTE
    ../Drivers/STM32F1xx_HAL_Driver/Src/stm32f1xx_hal_exti.c 0x00000000   Number         0  stm32f1xx_hal_exti.o ABSOLUTE
    ../Drivers/STM32F1xx_HAL_Driver/Src/stm32f1xx_hal_flash.c 0x00000000   Number         0  stm32f1xx_hal_flash.o ABSOLUTE
    ../Drivers/STM32F1xx_HAL_Driver/Src/stm32f1xx_hal_flash_ex.c 0x00000000   Number         0  stm32f1xx_hal_flash_ex.o ABSOLUTE
    ../Drivers/STM32F1xx_HAL_Driver/Src/stm32f1xx_hal_gpio.c 0x00000000   Number         0  stm32f1xx_hal_gpio.o ABSOLUTE
    ../Drivers/STM32F1xx_HAL_Driver/Src/stm32f1xx_hal_gpio_ex.c 0x00000000   Number         0  stm32f1xx_hal_gpio_ex.o ABSOLUTE
    ../Drivers/STM32F1xx_HAL_Driver/Src/stm32f1xx_hal_pwr.c 0x00000000   Number         0  stm32f1xx_hal_pwr.o ABSOLUTE
    ../Drivers/STM32F1xx_HAL_Driver/Src/stm32f1xx_hal_rcc.c 0x00000000   Number         0  stm32f1xx_hal_rcc.o ABSOLUTE
    ../Drivers/STM32F1xx_HAL_Driver/Src/stm32f1xx_hal_rcc_ex.c 0x00000000   Number         0  stm32f1xx_hal_rcc_ex.o ABSOLUTE
    ../Drivers/STM32F1xx_HAL_Driver/Src/stm32f1xx_hal_spi.c 0x00000000   Number         0  stm32f1xx_hal_spi.o ABSOLUTE
    ../Drivers/STM32F1xx_HAL_Driver/Src/stm32f1xx_hal_tim.c 0x00000000   Number         0  stm32f1xx_hal_tim.o ABSOLUTE
    ../Drivers/STM32F1xx_HAL_Driver/Src/stm32f1xx_hal_tim_ex.c 0x00000000   Number         0  stm32f1xx_hal_tim_ex.o ABSOLUTE
    ../Drivers/STM32F1xx_HAL_Driver/Src/stm32f1xx_hal_uart.c 0x00000000   Number         0  stm32f1xx_hal_uart.o ABSOLUTE
    ../FATFS/App/fatfs.c                     0x00000000   Number         0  fatfs.o ABSOLUTE
    ../FATFS/Target/user_diskio.c            0x00000000   Number         0  user_diskio.o ABSOLUTE
    ../Middlewares/Third_Party/FatFs/src/diskio.c 0x00000000   Number         0  diskio.o ABSOLUTE
    ../Middlewares/Third_Party/FatFs/src/ff.c 0x00000000   Number         0  ff.o ABSOLUTE
    ../Middlewares/Third_Party/FatFs/src/ff_gen_drv.c 0x00000000   Number         0  ff_gen_drv.o ABSOLUTE
    ../Middlewares/Third_Party/FatFs/src/option/syscall.c 0x00000000   Number         0  syscall.o ABSOLUTE
    ../clib/microlib/division.c              0x00000000   Number         0  uidiv.o ABSOLUTE
    ../clib/microlib/division.c              0x00000000   Number         0  uldiv.o ABSOLUTE
    ../clib/microlib/init/entry.s            0x00000000   Number         0  entry10b.o ABSOLUTE
    ../clib/microlib/init/entry.s            0x00000000   Number         0  entry9b.o ABSOLUTE
    ../clib/microlib/init/entry.s            0x00000000   Number         0  entry9a.o ABSOLUTE
    ../clib/microlib/init/entry.s            0x00000000   Number         0  entry8a.o ABSOLUTE
    ../clib/microlib/init/entry.s            0x00000000   Number         0  entry7b.o ABSOLUTE
    ../clib/microlib/init/entry.s            0x00000000   Number         0  entry10a.o ABSOLUTE
    ../clib/microlib/init/entry.s            0x00000000   Number         0  entry7a.o ABSOLUTE
    ../clib/microlib/init/entry.s            0x00000000   Number         0  entry.o ABSOLUTE
    ../clib/microlib/init/entry.s            0x00000000   Number         0  entry11b.o ABSOLUTE
    ../clib/microlib/init/entry.s            0x00000000   Number         0  entry5.o ABSOLUTE
    ../clib/microlib/init/entry.s            0x00000000   Number         0  entry11a.o ABSOLUTE
    ../clib/microlib/init/entry.s            0x00000000   Number         0  entry2.o ABSOLUTE
    ../clib/microlib/init/entry.s            0x00000000   Number         0  entry8b.o ABSOLUTE
    ../clib/microlib/longlong.c              0x00000000   Number         0  llushr.o ABSOLUTE
    ../clib/microlib/longlong.c              0x00000000   Number         0  llshl.o ABSOLUTE
    ../clib/microlib/longlong.c              0x00000000   Number         0  llsshr.o ABSOLUTE
    ../clib/microlib/malloc/malloc.c         0x00000000   Number         0  mallocr.o ABSOLUTE
    ../clib/microlib/malloc/malloc.c         0x00000000   Number         0  mallocra.o ABSOLUTE
    ../clib/microlib/malloc/malloc.c         0x00000000   Number         0  malloc.o ABSOLUTE
    ../clib/microlib/malloc/malloc.c         0x00000000   Number         0  malloca.o ABSOLUTE
    ../clib/microlib/malloc/mvars.c          0x00000000   Number         0  mvars.o ABSOLUTE
    ../clib/microlib/printf/printf.c         0x00000000   Number         0  printf5.o ABSOLUTE
    ../clib/microlib/printf/printf.c         0x00000000   Number         0  printf6.o ABSOLUTE
    ../clib/microlib/printf/printf.c         0x00000000   Number         0  printf7.o ABSOLUTE
    ../clib/microlib/printf/printf.c         0x00000000   Number         0  printf8.o ABSOLUTE
    ../clib/microlib/printf/printf.c         0x00000000   Number         0  printfa.o ABSOLUTE
    ../clib/microlib/printf/printf.c         0x00000000   Number         0  printfb.o ABSOLUTE
    ../clib/microlib/printf/printf.c         0x00000000   Number         0  printf0.o ABSOLUTE
    ../clib/microlib/printf/printf.c         0x00000000   Number         0  printf4.o ABSOLUTE
    ../clib/microlib/printf/printf.c         0x00000000   Number         0  printf3.o ABSOLUTE
    ../clib/microlib/printf/printf.c         0x00000000   Number         0  printf2.o ABSOLUTE
    ../clib/microlib/printf/printf.c         0x00000000   Number         0  printf1.o ABSOLUTE
    ../clib/microlib/printf/stubs.s          0x00000000   Number         0  stubs.o ABSOLUTE
    ../clib/microlib/string/memcpy.c         0x00000000   Number         0  memcpyb.o ABSOLUTE
    ../clib/microlib/string/memcpy.c         0x00000000   Number         0  memcpya.o ABSOLUTE
    ../clib/microlib/string/memset.c         0x00000000   Number         0  memseta.o ABSOLUTE
    ../clib/microlib/string/strlen.c         0x00000000   Number         0  strlen.o ABSOLUTE
    ../clib/microlib/stubs.s                 0x00000000   Number         0  useno.o ABSOLUTE
    ../clib/microlib/stubs.s                 0x00000000   Number         0  iusefp.o ABSOLUTE
    ../fplib/microlib/fpadd.c                0x00000000   Number         0  dadd.o ABSOLUTE
    ../fplib/microlib/fpadd.c                0x00000000   Number         0  fadd.o ABSOLUTE
    ../fplib/microlib/fpdiv.c                0x00000000   Number         0  ddiv.o ABSOLUTE
    ../fplib/microlib/fpdiv.c                0x00000000   Number         0  fdiv.o ABSOLUTE
    ../fplib/microlib/fpepilogue.c           0x00000000   Number         0  depilogue.o ABSOLUTE
    ../fplib/microlib/fpepilogue.c           0x00000000   Number         0  fepilogue.o ABSOLUTE
    ../fplib/microlib/fpfix.c                0x00000000   Number         0  dfixul.o ABSOLUTE
    ../fplib/microlib/fpfix.c                0x00000000   Number         0  ffixui.o ABSOLUTE
    ../fplib/microlib/fpflt.c                0x00000000   Number         0  fflti.o ABSOLUTE
    ../fplib/microlib/fpflt.c                0x00000000   Number         0  ffltui.o ABSOLUTE
    ../fplib/microlib/fpflt.c                0x00000000   Number         0  dflti.o ABSOLUTE
    ../fplib/microlib/fpmul.c                0x00000000   Number         0  dmul.o ABSOLUTE
    ..\Core\Src\gpio.c                       0x00000000   Number         0  gpio.o ABSOLUTE
    ..\Core\Src\main.c                       0x00000000   Number         0  main.o ABSOLUTE
    ..\Core\Src\spi.c                        0x00000000   Number         0  spi.o ABSOLUTE
    ..\Core\Src\stm32f1xx_hal_msp.c          0x00000000   Number         0  stm32f1xx_hal_msp.o ABSOLUTE
    ..\Core\Src\stm32f1xx_it.c               0x00000000   Number         0  stm32f1xx_it.o ABSOLUTE
    ..\Core\Src\system_stm32f1xx.c           0x00000000   Number         0  system_stm32f1xx.o ABSOLUTE
    ..\Core\Src\usart.c                      0x00000000   Number         0  usart.o ABSOLUTE
    ..\Drivers\STM32F1xx_HAL_Driver\Src\stm32f1xx_hal.c 0x00000000   Number         0  stm32f1xx_hal.o ABSOLUTE
    ..\Drivers\STM32F1xx_HAL_Driver\Src\stm32f1xx_hal_cortex.c 0x00000000   Number         0  stm32f1xx_hal_cortex.o ABSOLUTE
    ..\Drivers\STM32F1xx_HAL_Driver\Src\stm32f1xx_hal_dma.c 0x00000000   Number         0  stm32f1xx_hal_dma.o ABSOLUTE
    ..\Drivers\STM32F1xx_HAL_Driver\Src\stm32f1xx_hal_exti.c 0x00000000   Number         0  stm32f1xx_hal_exti.o ABSOLUTE
    ..\Drivers\STM32F1xx_HAL_Driver\Src\stm32f1xx_hal_flash.c 0x00000000   Number         0  stm32f1xx_hal_flash.o ABSOLUTE
    ..\Drivers\STM32F1xx_HAL_Driver\Src\stm32f1xx_hal_flash_ex.c 0x00000000   Number         0  stm32f1xx_hal_flash_ex.o ABSOLUTE
    ..\Drivers\STM32F1xx_HAL_Driver\Src\stm32f1xx_hal_gpio.c 0x00000000   Number         0  stm32f1xx_hal_gpio.o ABSOLUTE
    ..\Drivers\STM32F1xx_HAL_Driver\Src\stm32f1xx_hal_gpio_ex.c 0x00000000   Number         0  stm32f1xx_hal_gpio_ex.o ABSOLUTE
    ..\Drivers\STM32F1xx_HAL_Driver\Src\stm32f1xx_hal_pwr.c 0x00000000   Number         0  stm32f1xx_hal_pwr.o ABSOLUTE
    ..\Drivers\STM32F1xx_HAL_Driver\Src\stm32f1xx_hal_rcc.c 0x00000000   Number         0  stm32f1xx_hal_rcc.o ABSOLUTE
    ..\Drivers\STM32F1xx_HAL_Driver\Src\stm32f1xx_hal_rcc_ex.c 0x00000000   Number         0  stm32f1xx_hal_rcc_ex.o ABSOLUTE
    ..\Drivers\STM32F1xx_HAL_Driver\Src\stm32f1xx_hal_spi.c 0x00000000   Number         0  stm32f1xx_hal_spi.o ABSOLUTE
    ..\Drivers\STM32F1xx_HAL_Driver\Src\stm32f1xx_hal_tim.c 0x00000000   Number         0  stm32f1xx_hal_tim.o ABSOLUTE
    ..\Drivers\STM32F1xx_HAL_Driver\Src\stm32f1xx_hal_tim_ex.c 0x00000000   Number         0  stm32f1xx_hal_tim_ex.o ABSOLUTE
    ..\Drivers\STM32F1xx_HAL_Driver\Src\stm32f1xx_hal_uart.c 0x00000000   Number         0  stm32f1xx_hal_uart.o ABSOLUTE
    ..\FATFS\App\fatfs.c                     0x00000000   Number         0  fatfs.o ABSOLUTE
    ..\FATFS\Target\user_diskio.c            0x00000000   Number         0  user_diskio.o ABSOLUTE
    ..\Middlewares\Third_Party\FatFs\src\diskio.c 0x00000000   Number         0  diskio.o ABSOLUTE
    ..\Middlewares\Third_Party\FatFs\src\ff.c 0x00000000   Number         0  ff.o ABSOLUTE
    ..\Middlewares\Third_Party\FatFs\src\ff_gen_drv.c 0x00000000   Number         0  ff_gen_drv.o ABSOLUTE
    ..\Middlewares\Third_Party\FatFs\src\option\syscall.c 0x00000000   Number         0  syscall.o ABSOLUTE
    LCD\\lcd_driver.c                        0x00000000   Number         0  lcd_driver_1.o ABSOLUTE
    LCD\\lcd_gui.c                           0x00000000   Number         0  lcd_gui.o ABSOLUTE
    LCD\\lcd_showbmp.c                       0x00000000   Number         0  lcd_showbmp.o ABSOLUTE
    LCD\\lcd_touch.c                         0x00000000   Number         0  lcd_touch.o ABSOLUTE
    LCD\font16.c                             0x00000000   Number         0  font16.o ABSOLUTE
    LCD\font24.c                             0x00000000   Number         0  font24.o ABSOLUTE
    LCD\lcd_driver.c                         0x00000000   Number         0  lcd_driver_1.o ABSOLUTE
    LCD\lcd_gui.c                            0x00000000   Number         0  lcd_gui.o ABSOLUTE
    LCD\lcd_showbmp.c                        0x00000000   Number         0  lcd_showbmp.o ABSOLUTE
    LCD\lcd_touch.c                          0x00000000   Number         0  lcd_touch.o ABSOLUTE
    SDCard\\fatfs_storage.c                  0x00000000   Number         0  fatfs_storage_1.o ABSOLUTE
    SDCard\\sdcard_spi.c                     0x00000000   Number         0  sdcard_spi.o ABSOLUTE
    SDCard\fatfs_storage.c                   0x00000000   Number         0  fatfs_storage_1.o ABSOLUTE
    SDCard\sdcard_spi.c                      0x00000000   Number         0  sdcard_spi.o ABSOLUTE
    cdcmple.s                                0x00000000   Number         0  cdcmple.o ABSOLUTE
    cdrcmple.s                               0x00000000   Number         0  cdrcmple.o ABSOLUTE
    dc.s                                     0x00000000   Number         0  dc.o ABSOLUTE
    handlers.s                               0x00000000   Number         0  handlers.o ABSOLUTE
    init.s                                   0x00000000   Number         0  init.o ABSOLUTE
    startup_stm32f103xb.s                    0x00000000   Number         0  startup_stm32f103xb.o ABSOLUTE
    RESET                                    0x08000000   Section      236  startup_stm32f103xb.o(RESET)
    .ARM.Collect$$$$00000000                 0x080000ec   Section        0  entry.o(.ARM.Collect$$$$00000000)
    .ARM.Collect$$$$00000001                 0x080000ec   Section        4  entry2.o(.ARM.Collect$$$$00000001)
    .ARM.Collect$$$$00000004                 0x080000f0   Section        4  entry5.o(.ARM.Collect$$$$00000004)
    .ARM.Collect$$$$00000008                 0x080000f4   Section        0  entry7b.o(.ARM.Collect$$$$00000008)
    .ARM.Collect$$$$0000000A                 0x080000f4   Section        0  entry8b.o(.ARM.Collect$$$$0000000A)
    .ARM.Collect$$$$0000000B                 0x080000f4   Section        8  entry9a.o(.ARM.Collect$$$$0000000B)
    .ARM.Collect$$$$0000000D                 0x080000fc   Section        0  entry10a.o(.ARM.Collect$$$$0000000D)
    .ARM.Collect$$$$0000000F                 0x080000fc   Section        0  entry11a.o(.ARM.Collect$$$$0000000F)
    .ARM.Collect$$$$00002712                 0x080000fc   Section        4  entry2.o(.ARM.Collect$$$$00002712)
    __lit__00000000                          0x080000fc   Data           4  entry2.o(.ARM.Collect$$$$00002712)
    .text                                    0x08000100   Section       36  startup_stm32f103xb.o(.text)
    .text                                    0x08000124   Section        0  llushr.o(.text)
    .text                                    0x08000144   Section        0  memseta.o(.text)
    .text                                    0x08000168   Section        0  fadd.o(.text)
    .text                                    0x08000218   Section        0  fdiv.o(.text)
    .text                                    0x08000294   Section        0  ddiv.o(.text)
    .text                                    0x08000372   Section        0  fflti.o(.text)
    .text                                    0x08000384   Section        0  ffltui.o(.text)
    .text                                    0x0800038e   Section        0  dflti.o(.text)
    .text                                    0x080003b0   Section        0  ffixui.o(.text)
    .text                                    0x080003d8   Section       48  cdcmple.o(.text)
    .text                                    0x08000408   Section       48  cdrcmple.o(.text)
    .text                                    0x08000438   Section        0  uidiv.o(.text)
    .text                                    0x08000464   Section        0  uldiv.o(.text)
    .text                                    0x080004c6   Section        0  fepilogue.o(.text)
    .text                                    0x080004c6   Section        0  iusefp.o(.text)
    .text                                    0x08000534   Section        0  depilogue.o(.text)
    .text                                    0x080005ee   Section        0  dadd.o(.text)
    .text                                    0x0800073c   Section        0  dmul.o(.text)
    .text                                    0x08000820   Section        0  dfixul.o(.text)
    .text                                    0x08000850   Section       36  init.o(.text)
    .text                                    0x08000874   Section        0  llshl.o(.text)
    .text                                    0x08000892   Section        0  llsshr.o(.text)
    i.BusFault_Handler                       0x080008b6   Section        0  stm32f1xx_it.o(i.BusFault_Handler)
    i.DebugMon_Handler                       0x080008b8   Section        0  stm32f1xx_it.o(i.DebugMon_Handler)
    i.Draw_Point                             0x080008bc   Section        0  lcd_driver_1.o(i.Draw_Point)
    i.Error_Handler                          0x08000904   Section        0  main.o(i.Error_Handler)
    i.FATFS_LinkDriver                       0x08000906   Section        0  ff_gen_drv.o(i.FATFS_LinkDriver)
    i.FATFS_LinkDriverEx                     0x0800090c   Section        0  ff_gen_drv.o(i.FATFS_LinkDriverEx)
    i.Gui_draw_char                          0x0800094c   Section        0  lcd_gui.o(i.Gui_draw_char)
    i.Gui_draw_circle                        0x08000a38   Section        0  lcd_gui.o(i.Gui_draw_circle)
    i.Gui_draw_line                          0x08000c18   Section        0  lcd_gui.o(i.Gui_draw_line)
    i.Gui_draw_point                         0x08000cb0   Section        0  lcd_gui.o(i.Gui_draw_point)
    i.Gui_draw_rectangle                     0x08000d18   Section        0  lcd_gui.o(i.Gui_draw_rectangle)
    i.Gui_draw_str                           0x08000df8   Section        0  lcd_gui.o(i.Gui_draw_str)
    i.Gui_fill_color                         0x08000e60   Section        0  lcd_driver_1.o(i.Gui_fill_color)
    i.Gui_set_pix                            0x08000ee0   Section        0  lcd_gui.o(i.Gui_set_pix)
    i.HAL_Delay                              0x08000f00   Section        0  stm32f1xx_hal.o(i.HAL_Delay)
    i.HAL_GPIO_Init                          0x08000f24   Section        0  stm32f1xx_hal_gpio.o(i.HAL_GPIO_Init)
    i.HAL_GPIO_ReadPin                       0x08001104   Section        0  stm32f1xx_hal_gpio.o(i.HAL_GPIO_ReadPin)
    i.HAL_GPIO_WritePin                      0x0800110e   Section        0  stm32f1xx_hal_gpio.o(i.HAL_GPIO_WritePin)
    i.HAL_GetTick                            0x08001118   Section        0  stm32f1xx_hal.o(i.HAL_GetTick)
    i.HAL_IncTick                            0x08001124   Section        0  stm32f1xx_hal.o(i.HAL_IncTick)
    i.HAL_Init                               0x08001134   Section        0  stm32f1xx_hal.o(i.HAL_Init)
    i.HAL_InitTick                           0x08001158   Section        0  stm32f1xx_hal.o(i.HAL_InitTick)
    i.HAL_MspInit                            0x08001198   Section        0  stm32f1xx_hal_msp.o(i.HAL_MspInit)
    i.HAL_NVIC_SetPriority                   0x080011d4   Section        0  stm32f1xx_hal_cortex.o(i.HAL_NVIC_SetPriority)
    i.HAL_NVIC_SetPriorityGrouping           0x08001214   Section        0  stm32f1xx_hal_cortex.o(i.HAL_NVIC_SetPriorityGrouping)
    i.HAL_RCC_ClockConfig                    0x08001238   Section        0  stm32f1xx_hal_rcc.o(i.HAL_RCC_ClockConfig)
    i.HAL_RCC_GetPCLK1Freq                   0x08001364   Section        0  stm32f1xx_hal_rcc.o(i.HAL_RCC_GetPCLK1Freq)
    i.HAL_RCC_GetPCLK2Freq                   0x08001384   Section        0  stm32f1xx_hal_rcc.o(i.HAL_RCC_GetPCLK2Freq)
    i.HAL_RCC_GetSysClockFreq                0x080013a4   Section        0  stm32f1xx_hal_rcc.o(i.HAL_RCC_GetSysClockFreq)
    i.HAL_RCC_OscConfig                      0x08001410   Section        0  stm32f1xx_hal_rcc.o(i.HAL_RCC_OscConfig)
    i.HAL_SPI_Init                           0x08001730   Section        0  stm32f1xx_hal_spi.o(i.HAL_SPI_Init)
    i.HAL_SPI_MspInit                        0x080017e4   Section        0  spi.o(i.HAL_SPI_MspInit)
    i.HAL_SPI_Transmit                       0x08001854   Section        0  stm32f1xx_hal_spi.o(i.HAL_SPI_Transmit)
    i.HAL_SPI_TransmitReceive                0x080019ba   Section        0  stm32f1xx_hal_spi.o(i.HAL_SPI_TransmitReceive)
    i.HAL_SYSTICK_Config                     0x08001b9c   Section        0  stm32f1xx_hal_cortex.o(i.HAL_SYSTICK_Config)
    i.HAL_UART_Init                          0x08001bc4   Section        0  stm32f1xx_hal_uart.o(i.HAL_UART_Init)
    i.HAL_UART_MspInit                       0x08001c28   Section        0  usart.o(i.HAL_UART_MspInit)
    i.HAL_UART_Transmit                      0x08001c98   Section        0  stm32f1xx_hal_uart.o(i.HAL_UART_Transmit)
    i.HardFault_Handler                      0x08001d4a   Section        0  stm32f1xx_it.o(i.HardFault_Handler)
    i.LCD_Clear                              0x08001d4c   Section        0  lcd_driver_1.o(i.LCD_Clear)
    i.LCD_Display_Dir                        0x08001db0   Section        0  lcd_driver_1.o(i.LCD_Display_Dir)
    i.LCD_Scan_Dir                           0x08001df4   Section        0  lcd_driver_1.o(i.LCD_Scan_Dir)
    i.LCD_Set_Cursor                         0x08001e36   Section        0  lcd_driver_1.o(i.LCD_Set_Cursor)
    i.Lcd_Init                               0x08001e40   Section        0  lcd_driver_1.o(i.Lcd_Init)
    i.Load_Touch_Draw                        0x0800201c   Section        0  lcd_touch.o(i.Load_Touch_Draw)
    i.MX_FATFS_Init                          0x080020dc   Section        0  fatfs.o(i.MX_FATFS_Init)
    i.MX_GPIO_Init                           0x080020f8   Section        0  gpio.o(i.MX_GPIO_Init)
    i.MX_SPI1_Init                           0x080021f0   Section        0  spi.o(i.MX_SPI1_Init)
    i.MX_USART2_UART_Init                    0x08002238   Section        0  usart.o(i.MX_USART2_UART_Init)
    i.MemManage_Handler                      0x08002270   Section        0  stm32f1xx_it.o(i.MemManage_Handler)
    i.NMI_Handler                            0x08002272   Section        0  stm32f1xx_it.o(i.NMI_Handler)
    i.PendSV_Handler                         0x08002274   Section        0  stm32f1xx_it.o(i.PendSV_Handler)
    i.SD_Init                                0x08002278   Section        0  lcd_showbmp.o(i.SD_Init)
    i.SPI_EndRxTxTransaction                 0x080022e4   Section        0  stm32f1xx_hal_spi.o(i.SPI_EndRxTxTransaction)
    SPI_EndRxTxTransaction                   0x080022e5   Thumb Code    32  stm32f1xx_hal_spi.o(i.SPI_EndRxTxTransaction)
    i.SPI_Set_Speed                          0x08002304   Section        0  spi.o(i.SPI_Set_Speed)
    i.SPI_Timer_On                           0x08002324   Section        0  sdcard_spi.o(i.SPI_Timer_On)
    i.SPI_Timer_Status                       0x0800233c   Section        0  sdcard_spi.o(i.SPI_Timer_Status)
    i.SPI_WaitFlagStateUntilTimeout          0x0800235c   Section        0  stm32f1xx_hal_spi.o(i.SPI_WaitFlagStateUntilTimeout)
    SPI_WaitFlagStateUntilTimeout            0x0800235d   Thumb Code   180  stm32f1xx_hal_spi.o(i.SPI_WaitFlagStateUntilTimeout)
    i.SVC_Handler                            0x08002414   Section        0  stm32f1xx_it.o(i.SVC_Handler)
    i.Set_Window                             0x08002416   Section        0  lcd_driver_1.o(i.Set_Window)
    i.Spi_write_cmd                          0x08002470   Section        0  lcd_driver_1.o(i.Spi_write_cmd)
    Spi_write_cmd                            0x08002471   Thumb Code    48  lcd_driver_1.o(i.Spi_write_cmd)
    i.Spi_write_data                         0x080024ac   Section        0  lcd_driver_1.o(i.Spi_write_data)
    Spi_write_data                           0x080024ad   Thumb Code    48  lcd_driver_1.o(i.Spi_write_data)
    i.Spi_write_word                         0x080024e8   Section        0  lcd_driver_1.o(i.Spi_write_word)
    i.SysTick_Handler                        0x08002514   Section        0  stm32f1xx_it.o(i.SysTick_Handler)
    i.SystemClock_Config                     0x08002518   Section        0  main.o(i.SystemClock_Config)
    i.SystemInit                             0x08002566   Section        0  system_stm32f1xx.o(i.SystemInit)
    i.TP_Calibrate                           0x08002568   Section        0  lcd_touch.o(i.TP_Calibrate)
    i.TP_Draw_Calib_Cross                    0x080028f4   Section        0  lcd_touch.o(i.TP_Draw_Calib_Cross)
    TP_Draw_Calib_Cross                      0x080028f5   Thumb Code    94  lcd_touch.o(i.TP_Draw_Calib_Cross)
    i.TP_Init                                0x08002954   Section        0  lcd_touch.o(i.TP_Init)
    i.TP_Read_ADC_XY                         0x08002978   Section        0  lcd_touch.o(i.TP_Read_ADC_XY)
    TP_Read_ADC_XY                           0x08002979   Thumb Code    24  lcd_touch.o(i.TP_Read_ADC_XY)
    i.TP_Read_ADC_XY2                        0x08002990   Section        0  lcd_touch.o(i.TP_Read_ADC_XY2)
    i.TP_Scan                                0x08002a20   Section        0  lcd_touch.o(i.TP_Scan)
    i.TP_calib_info_show                     0x08002adc   Section        0  lcd_touch.o(i.TP_calib_info_show)
    TP_calib_info_show                       0x08002add   Thumb Code   248  lcd_touch.o(i.TP_calib_info_show)
    i.TP_read_ADC                            0x08002bf4   Section        0  lcd_touch.o(i.TP_read_ADC)
    TP_read_ADC                              0x08002bf5   Thumb Code   130  lcd_touch.o(i.TP_read_ADC)
    i.TP_read_adc_avg                        0x08002c80   Section        0  lcd_touch.o(i.TP_read_adc_avg)
    TP_read_adc_avg                          0x08002c81   Thumb Code   102  lcd_touch.o(i.TP_read_adc_avg)
    i.TP_test                                0x08002ce8   Section        0  lcd_touch.o(i.TP_test)
    i.UART_SetConfig                         0x08002da8   Section        0  stm32f1xx_hal_uart.o(i.UART_SetConfig)
    UART_SetConfig                           0x08002da9   Thumb Code   178  stm32f1xx_hal_uart.o(i.UART_SetConfig)
    i.UART_WaitOnFlagUntilTimeout            0x08002e60   Section        0  stm32f1xx_hal_uart.o(i.UART_WaitOnFlagUntilTimeout)
    UART_WaitOnFlagUntilTimeout              0x08002e61   Thumb Code   100  stm32f1xx_hal_uart.o(i.UART_WaitOnFlagUntilTimeout)
    i.USER_SPI_initialize                    0x08002ec4   Section        0  sdcard_spi.o(i.USER_SPI_initialize)
    i.USER_SPI_ioctl                         0x08002fec   Section        0  sdcard_spi.o(i.USER_SPI_ioctl)
    i.USER_SPI_read                          0x080031ac   Section        0  sdcard_spi.o(i.USER_SPI_read)
    i.USER_SPI_status                        0x0800322c   Section        0  sdcard_spi.o(i.USER_SPI_status)
    i.USER_SPI_write                         0x0800323c   Section        0  sdcard_spi.o(i.USER_SPI_write)
    i.USER_initialize                        0x080032d8   Section        0  user_diskio.o(i.USER_initialize)
    i.USER_ioctl                             0x080032dc   Section        0  user_diskio.o(i.USER_ioctl)
    i.USER_read                              0x080032e0   Section        0  user_diskio.o(i.USER_read)
    i.USER_status                            0x080032e4   Section        0  user_diskio.o(i.USER_status)
    i.USER_write                             0x080032e8   Section        0  user_diskio.o(i.USER_write)
    i.UsageFault_Handler                     0x080032ec   Section        0  stm32f1xx_it.o(i.UsageFault_Handler)
    i.__0printf                              0x080032f0   Section        0  printfa.o(i.__0printf)
    i.__0sprintf                             0x08003310   Section        0  printfa.o(i.__0sprintf)
    i.__NVIC_SetPriority                     0x08003338   Section        0  stm32f1xx_hal_cortex.o(i.__NVIC_SetPriority)
    __NVIC_SetPriority                       0x08003339   Thumb Code    32  stm32f1xx_hal_cortex.o(i.__NVIC_SetPriority)
    i.__scatterload_copy                     0x08003358   Section       14  handlers.o(i.__scatterload_copy)
    i.__scatterload_null                     0x08003366   Section        2  handlers.o(i.__scatterload_null)
    i.__scatterload_zeroinit                 0x08003368   Section       14  handlers.o(i.__scatterload_zeroinit)
    i._fp_digits                             0x08003378   Section        0  printfa.o(i._fp_digits)
    _fp_digits                               0x08003379   Thumb Code   366  printfa.o(i._fp_digits)
    i._printf_core                           0x080034fc   Section        0  printfa.o(i._printf_core)
    _printf_core                             0x080034fd   Thumb Code  1744  printfa.o(i._printf_core)
    i._printf_post_padding                   0x08003bd8   Section        0  printfa.o(i._printf_post_padding)
    _printf_post_padding                     0x08003bd9   Thumb Code    36  printfa.o(i._printf_post_padding)
    i._printf_pre_padding                    0x08003bfc   Section        0  printfa.o(i._printf_pre_padding)
    _printf_pre_padding                      0x08003bfd   Thumb Code    46  printfa.o(i._printf_pre_padding)
    i._sputc                                 0x08003c2a   Section        0  printfa.o(i._sputc)
    _sputc                                   0x08003c2b   Thumb Code    10  printfa.o(i._sputc)
    i.check_fs                               0x08003c34   Section        0  ff.o(i.check_fs)
    check_fs                                 0x08003c35   Thumb Code    90  ff.o(i.check_fs)
    i.clear_lock                             0x08003c94   Section        0  ff.o(i.clear_lock)
    clear_lock                               0x08003c95   Thumb Code    32  ff.o(i.clear_lock)
    i.despiselect                            0x08003cb8   Section        0  sdcard_spi.o(i.despiselect)
    despiselect                              0x08003cb9   Thumb Code    22  sdcard_spi.o(i.despiselect)
    i.disk_initialize                        0x08003cd4   Section        0  diskio.o(i.disk_initialize)
    i.disk_read                              0x08003cfc   Section        0  diskio.o(i.disk_read)
    i.disk_status                            0x08003d18   Section        0  diskio.o(i.disk_status)
    i.disk_write                             0x08003d30   Section        0  diskio.o(i.disk_write)
    i.f_mount                                0x08003d4c   Section        0  ff.o(i.f_mount)
    i.find_volume                            0x08003da8   Section        0  ff.o(i.find_volume)
    find_volume                              0x08003da9   Thumb Code   588  ff.o(i.find_volume)
    i.fputc                                  0x08004000   Section        0  usart.o(i.fputc)
    i.get_ldnumber                           0x08004018   Section        0  ff.o(i.get_ldnumber)
    get_ldnumber                             0x08004019   Thumb Code    60  ff.o(i.get_ldnumber)
    i.main                                   0x08004054   Section        0  main.o(i.main)
    i.malloc                                 0x080042ec   Section        0  malloc.o(i.malloc)
    i.move_window                            0x08004358   Section        0  ff.o(i.move_window)
    move_window                              0x08004359   Thumb Code    54  ff.o(i.move_window)
    i.rcvr_datablock                         0x08004390   Section        0  sdcard_spi.o(i.rcvr_datablock)
    rcvr_datablock                           0x08004391   Thumb Code    78  sdcard_spi.o(i.rcvr_datablock)
    i.send_cmd                               0x080043de   Section        0  sdcard_spi.o(i.send_cmd)
    send_cmd                                 0x080043df   Thumb Code   134  sdcard_spi.o(i.send_cmd)
    i.spiselect                              0x08004464   Section        0  sdcard_spi.o(i.spiselect)
    spiselect                                0x08004465   Thumb Code    42  sdcard_spi.o(i.spiselect)
    i.sync_window                            0x08004494   Section        0  ff.o(i.sync_window)
    sync_window                              0x08004495   Thumb Code    96  ff.o(i.sync_window)
    i.wait_ready                             0x080044f4   Section        0  sdcard_spi.o(i.wait_ready)
    wait_ready                               0x080044f5   Thumb Code    38  sdcard_spi.o(i.wait_ready)
    i.xchg_spi                               0x0800451c   Section        0  sdcard_spi.o(i.xchg_spi)
    xchg_spi                                 0x0800451d   Thumb Code    26  sdcard_spi.o(i.xchg_spi)
    i.xmit_datablock                         0x0800453c   Section        0  sdcard_spi.o(i.xmit_datablock)
    xmit_datablock                           0x0800453d   Thumb Code    80  sdcard_spi.o(i.xmit_datablock)
    .constdata                               0x0800458c   Section       16  system_stm32f1xx.o(.constdata)
    .constdata                               0x0800459c   Section        8  system_stm32f1xx.o(.constdata)
    .constdata                               0x080045a4   Section     3040  font16.o(.constdata)
    .constdata                               0x08005184   Section     6840  font24.o(.constdata)
    .conststring                             0x08006c3c   Section      121  lcd_touch.o(.conststring)
    .data                                    0x20000000   Section        4  usart.o(.data)
    .data                                    0x20000004   Section       20  user_diskio.o(.data)
    .data                                    0x20000018   Section        5  fatfs.o(.data)
    .data                                    0x20000020   Section       12  stm32f1xx_hal.o(.data)
    .data                                    0x2000002c   Section        4  system_stm32f1xx.o(.data)
    .data                                    0x20000030   Section        8  ff.o(.data)
    Fsid                                     0x20000030   Data           2  ff.o(.data)
    FatFs                                    0x20000034   Data           4  ff.o(.data)
    .data                                    0x20000038   Section        2  lcd_driver_1.o(.data)
    .data                                    0x2000003a   Section        8  lcd_driver_1.o(.data)
    .data                                    0x20000044   Section       12  font16.o(.data)
    .data                                    0x20000050   Section       12  font24.o(.data)
    .data                                    0x2000005c   Section       12  sdcard_spi.o(.data)
    Stat                                     0x2000005c   Data           1  sdcard_spi.o(.data)
    CardType                                 0x2000005d   Data           1  sdcard_spi.o(.data)
    .data                                    0x20000068   Section        4  mvars.o(.data)
    .data                                    0x2000006c   Section        4  mvars.o(.data)
    .bss                                     0x20000070   Section       88  spi.o(.bss)
    .bss                                     0x200000c8   Section       64  usart.o(.bss)
    .bss                                     0x20000108   Section       24  ff.o(.bss)
    Files                                    0x20000108   Data          24  ff.o(.bss)
    .bss                                     0x20000120   Section       12  ff_gen_drv.o(.bss)
    .bss                                     0x2000012c   Section       40  lcd_touch.o(.bss)
    .bss                                     0x20000154   Section      660  lcd_showbmp.o(.bss)
    HEAP                                     0x200003e8   Section      512  startup_stm32f103xb.o(HEAP)
    STACK                                    0x200005e8   Section     4096  startup_stm32f103xb.o(STACK)

    Global Symbols

    Symbol Name                              Value     Ov Type        Size  Object(Section)

    BuildAttributes$$THM_ISAv4$P$D$K$B$S$PE$A:L22UL41UL21$X:L11$S22US41US21$IEEE1$IW$USESV6$~STKCKD$USESV7$~SHL$OTIME$ROPI$EBA8$MICROLIB$REQ8$PRES8$EABIv2 0x00000000   Number         0  anon$$obj.o ABSOLUTE
    __ARM_use_no_argv                        0x00000000   Number         0  main.o ABSOLUTE
    __use_no_errno                           0x00000000   Number         0  useno.o ABSOLUTE
    __use_no_exception_handling              0x00000000   Number         0  useno.o ABSOLUTE
    __use_no_fp                              0x00000000   Number         0  useno.o ABSOLUTE
    __use_no_heap                            0x00000000   Number         0  useno.o ABSOLUTE
    __use_no_heap_region                     0x00000000   Number         0  useno.o ABSOLUTE
    __use_no_semihosting                     0x00000000   Number         0  useno.o ABSOLUTE
    __use_no_semihosting_swi                 0x00000000   Number         0  useno.o ABSOLUTE
    __use_no_signal_handling                 0x00000000   Number         0  useno.o ABSOLUTE
    _printf_a                                0x00000000   Number         0  stubs.o ABSOLUTE
    _printf_c                                0x00000000   Number         0  stubs.o ABSOLUTE
    _printf_charcount                        0x00000000   Number         0  stubs.o ABSOLUTE
    _printf_d                                0x00000000   Number         0  stubs.o ABSOLUTE
    _printf_e                                0x00000000   Number         0  stubs.o ABSOLUTE
    _printf_f                                0x00000000   Number         0  stubs.o ABSOLUTE
    _printf_flags                            0x00000000   Number         0  stubs.o ABSOLUTE
    _printf_fp_dec                           0x00000000   Number         0  stubs.o ABSOLUTE
    _printf_fp_hex                           0x00000000   Number         0  stubs.o ABSOLUTE
    _printf_g                                0x00000000   Number         0  stubs.o ABSOLUTE
    _printf_i                                0x00000000   Number         0  stubs.o ABSOLUTE
    _printf_int_dec                          0x00000000   Number         0  stubs.o ABSOLUTE
    _printf_l                                0x00000000   Number         0  stubs.o ABSOLUTE
    _printf_lc                               0x00000000   Number         0  stubs.o ABSOLUTE
    _printf_ll                               0x00000000   Number         0  stubs.o ABSOLUTE
    _printf_lld                              0x00000000   Number         0  stubs.o ABSOLUTE
    _printf_lli                              0x00000000   Number         0  stubs.o ABSOLUTE
    _printf_llo                              0x00000000   Number         0  stubs.o ABSOLUTE
    _printf_llu                              0x00000000   Number         0  stubs.o ABSOLUTE
    _printf_llx                              0x00000000   Number         0  stubs.o ABSOLUTE
    _printf_longlong_dec                     0x00000000   Number         0  stubs.o ABSOLUTE
    _printf_longlong_hex                     0x00000000   Number         0  stubs.o ABSOLUTE
    _printf_longlong_oct                     0x00000000   Number         0  stubs.o ABSOLUTE
    _printf_ls                               0x00000000   Number         0  stubs.o ABSOLUTE
    _printf_mbtowc                           0x00000000   Number         0  stubs.o ABSOLUTE
    _printf_n                                0x00000000   Number         0  stubs.o ABSOLUTE
    _printf_o                                0x00000000   Number         0  stubs.o ABSOLUTE
    _printf_p                                0x00000000   Number         0  stubs.o ABSOLUTE
    _printf_percent                          0x00000000   Number         0  stubs.o ABSOLUTE
    _printf_pre_padding                      0x00000000   Number         0  stubs.o ABSOLUTE
    _printf_return_value                     0x00000000   Number         0  stubs.o ABSOLUTE
    _printf_s                                0x00000000   Number         0  stubs.o ABSOLUTE
    _printf_sizespec                         0x00000000   Number         0  stubs.o ABSOLUTE
    _printf_str                              0x00000000   Number         0  stubs.o ABSOLUTE
    _printf_truncate_signed                  0x00000000   Number         0  stubs.o ABSOLUTE
    _printf_truncate_unsigned                0x00000000   Number         0  stubs.o ABSOLUTE
    _printf_u                                0x00000000   Number         0  stubs.o ABSOLUTE
    _printf_wc                               0x00000000   Number         0  stubs.o ABSOLUTE
    _printf_wctomb                           0x00000000   Number         0  stubs.o ABSOLUTE
    _printf_widthprec                        0x00000000   Number         0  stubs.o ABSOLUTE
    _printf_x                                0x00000000   Number         0  stubs.o ABSOLUTE
    __cpp_initialize__aeabi_                  - Undefined Weak Reference
    __cxa_finalize                            - Undefined Weak Reference
    __decompress                              - Undefined Weak Reference
    _clock_init                               - Undefined Weak Reference
    _microlib_exit                            - Undefined Weak Reference
    __Vectors_Size                           0x000000ec   Number         0  startup_stm32f103xb.o ABSOLUTE
    __Vectors                                0x08000000   Data           4  startup_stm32f103xb.o(RESET)
    __Vectors_End                            0x080000ec   Data           0  startup_stm32f103xb.o(RESET)
    __main                                   0x080000ed   Thumb Code     0  entry.o(.ARM.Collect$$$$00000000)
    _main_stk                                0x080000ed   Thumb Code     0  entry2.o(.ARM.Collect$$$$00000001)
    _main_scatterload                        0x080000f1   Thumb Code     0  entry5.o(.ARM.Collect$$$$00000004)
    __main_after_scatterload                 0x080000f5   Thumb Code     0  entry5.o(.ARM.Collect$$$$00000004)
    _main_clock                              0x080000f5   Thumb Code     0  entry7b.o(.ARM.Collect$$$$00000008)
    _main_cpp_init                           0x080000f5   Thumb Code     0  entry8b.o(.ARM.Collect$$$$0000000A)
    _main_init                               0x080000f5   Thumb Code     0  entry9a.o(.ARM.Collect$$$$0000000B)
    __rt_final_cpp                           0x080000fd   Thumb Code     0  entry10a.o(.ARM.Collect$$$$0000000D)
    __rt_final_exit                          0x080000fd   Thumb Code     0  entry11a.o(.ARM.Collect$$$$0000000F)
    Reset_Handler                            0x08000101   Thumb Code     8  startup_stm32f103xb.o(.text)
    ADC1_2_IRQHandler                        0x0800011b   Thumb Code     0  startup_stm32f103xb.o(.text)
    CAN1_RX1_IRQHandler                      0x0800011b   Thumb Code     0  startup_stm32f103xb.o(.text)
    CAN1_SCE_IRQHandler                      0x0800011b   Thumb Code     0  startup_stm32f103xb.o(.text)
    DMA1_Channel1_IRQHandler                 0x0800011b   Thumb Code     0  startup_stm32f103xb.o(.text)
    DMA1_Channel2_IRQHandler                 0x0800011b   Thumb Code     0  startup_stm32f103xb.o(.text)
    DMA1_Channel3_IRQHandler                 0x0800011b   Thumb Code     0  startup_stm32f103xb.o(.text)
    DMA1_Channel4_IRQHandler                 0x0800011b   Thumb Code     0  startup_stm32f103xb.o(.text)
    DMA1_Channel5_IRQHandler                 0x0800011b   Thumb Code     0  startup_stm32f103xb.o(.text)
    DMA1_Channel6_IRQHandler                 0x0800011b   Thumb Code     0  startup_stm32f103xb.o(.text)
    DMA1_Channel7_IRQHandler                 0x0800011b   Thumb Code     0  startup_stm32f103xb.o(.text)
    EXTI0_IRQHandler                         0x0800011b   Thumb Code     0  startup_stm32f103xb.o(.text)
    EXTI15_10_IRQHandler                     0x0800011b   Thumb Code     0  startup_stm32f103xb.o(.text)
    EXTI1_IRQHandler                         0x0800011b   Thumb Code     0  startup_stm32f103xb.o(.text)
    EXTI2_IRQHandler                         0x0800011b   Thumb Code     0  startup_stm32f103xb.o(.text)
    EXTI3_IRQHandler                         0x0800011b   Thumb Code     0  startup_stm32f103xb.o(.text)
    EXTI4_IRQHandler                         0x0800011b   Thumb Code     0  startup_stm32f103xb.o(.text)
    EXTI9_5_IRQHandler                       0x0800011b   Thumb Code     0  startup_stm32f103xb.o(.text)
    FLASH_IRQHandler                         0x0800011b   Thumb Code     0  startup_stm32f103xb.o(.text)
    I2C1_ER_IRQHandler                       0x0800011b   Thumb Code     0  startup_stm32f103xb.o(.text)
    I2C1_EV_IRQHandler                       0x0800011b   Thumb Code     0  startup_stm32f103xb.o(.text)
    I2C2_ER_IRQHandler                       0x0800011b   Thumb Code     0  startup_stm32f103xb.o(.text)
    I2C2_EV_IRQHandler                       0x0800011b   Thumb Code     0  startup_stm32f103xb.o(.text)
    PVD_IRQHandler                           0x0800011b   Thumb Code     0  startup_stm32f103xb.o(.text)
    RCC_IRQHandler                           0x0800011b   Thumb Code     0  startup_stm32f103xb.o(.text)
    RTC_Alarm_IRQHandler                     0x0800011b   Thumb Code     0  startup_stm32f103xb.o(.text)
    RTC_IRQHandler                           0x0800011b   Thumb Code     0  startup_stm32f103xb.o(.text)
    SPI1_IRQHandler                          0x0800011b   Thumb Code     0  startup_stm32f103xb.o(.text)
    SPI2_IRQHandler                          0x0800011b   Thumb Code     0  startup_stm32f103xb.o(.text)
    TAMPER_IRQHandler                        0x0800011b   Thumb Code     0  startup_stm32f103xb.o(.text)
    TIM1_BRK_IRQHandler                      0x0800011b   Thumb Code     0  startup_stm32f103xb.o(.text)
    TIM1_CC_IRQHandler                       0x0800011b   Thumb Code     0  startup_stm32f103xb.o(.text)
    TIM1_TRG_COM_IRQHandler                  0x0800011b   Thumb Code     0  startup_stm32f103xb.o(.text)
    TIM1_UP_IRQHandler                       0x0800011b   Thumb Code     0  startup_stm32f103xb.o(.text)
    TIM2_IRQHandler                          0x0800011b   Thumb Code     0  startup_stm32f103xb.o(.text)
    TIM3_IRQHandler                          0x0800011b   Thumb Code     0  startup_stm32f103xb.o(.text)
    TIM4_IRQHandler                          0x0800011b   Thumb Code     0  startup_stm32f103xb.o(.text)
    USART1_IRQHandler                        0x0800011b   Thumb Code     0  startup_stm32f103xb.o(.text)
    USART2_IRQHandler                        0x0800011b   Thumb Code     0  startup_stm32f103xb.o(.text)
    USART3_IRQHandler                        0x0800011b   Thumb Code     0  startup_stm32f103xb.o(.text)
    USBWakeUp_IRQHandler                     0x0800011b   Thumb Code     0  startup_stm32f103xb.o(.text)
    USB_HP_CAN1_TX_IRQHandler                0x0800011b   Thumb Code     0  startup_stm32f103xb.o(.text)
    USB_LP_CAN1_RX0_IRQHandler               0x0800011b   Thumb Code     0  startup_stm32f103xb.o(.text)
    WWDG_IRQHandler                          0x0800011b   Thumb Code     0  startup_stm32f103xb.o(.text)
    __aeabi_llsr                             0x08000125   Thumb Code    32  llushr.o(.text)
    _ll_ushift_r                             0x08000125   Thumb Code     0  llushr.o(.text)
    __aeabi_memset                           0x08000145   Thumb Code    14  memseta.o(.text)
    __aeabi_memset4                          0x08000145   Thumb Code     0  memseta.o(.text)
    __aeabi_memset8                          0x08000145   Thumb Code     0  memseta.o(.text)
    __aeabi_memclr                           0x08000153   Thumb Code     4  memseta.o(.text)
    __aeabi_memclr4                          0x08000153   Thumb Code     0  memseta.o(.text)
    __aeabi_memclr8                          0x08000153   Thumb Code     0  memseta.o(.text)
    _memset$wrapper                          0x08000157   Thumb Code    18  memseta.o(.text)
    __aeabi_fadd                             0x08000169   Thumb Code   164  fadd.o(.text)
    __aeabi_fsub                             0x0800020d   Thumb Code     6  fadd.o(.text)
    __aeabi_frsub                            0x08000213   Thumb Code     6  fadd.o(.text)
    __aeabi_fdiv                             0x08000219   Thumb Code   124  fdiv.o(.text)
    __aeabi_ddiv                             0x08000295   Thumb Code   222  ddiv.o(.text)
    __aeabi_i2f                              0x08000373   Thumb Code    18  fflti.o(.text)
    __aeabi_ui2f                             0x08000385   Thumb Code    10  ffltui.o(.text)
    __aeabi_i2d                              0x0800038f   Thumb Code    34  dflti.o(.text)
    __aeabi_f2uiz                            0x080003b1   Thumb Code    40  ffixui.o(.text)
    __aeabi_cdcmpeq                          0x080003d9   Thumb Code     0  cdcmple.o(.text)
    __aeabi_cdcmple                          0x080003d9   Thumb Code    48  cdcmple.o(.text)
    __aeabi_cdrcmple                         0x08000409   Thumb Code    48  cdrcmple.o(.text)
    __aeabi_uidiv                            0x08000439   Thumb Code     0  uidiv.o(.text)
    __aeabi_uidivmod                         0x08000439   Thumb Code    44  uidiv.o(.text)
    __aeabi_uldivmod                         0x08000465   Thumb Code    98  uldiv.o(.text)
    __I$use$fp                               0x080004c7   Thumb Code     0  iusefp.o(.text)
    _float_round                             0x080004c7   Thumb Code    18  fepilogue.o(.text)
    _float_epilogue                          0x080004d9   Thumb Code    92  fepilogue.o(.text)
    _double_round                            0x08000535   Thumb Code    30  depilogue.o(.text)
    _double_epilogue                         0x08000553   Thumb Code   156  depilogue.o(.text)
    __aeabi_dadd                             0x080005ef   Thumb Code   322  dadd.o(.text)
    __aeabi_dsub                             0x08000731   Thumb Code     6  dadd.o(.text)
    __aeabi_drsub                            0x08000737   Thumb Code     6  dadd.o(.text)
    __aeabi_dmul                             0x0800073d   Thumb Code   228  dmul.o(.text)
    __aeabi_d2ulz                            0x08000821   Thumb Code    48  dfixul.o(.text)
    __scatterload                            0x08000851   Thumb Code    28  init.o(.text)
    __scatterload_rt2                        0x08000851   Thumb Code     0  init.o(.text)
    __aeabi_llsl                             0x08000875   Thumb Code    30  llshl.o(.text)
    _ll_shift_l                              0x08000875   Thumb Code     0  llshl.o(.text)
    __aeabi_lasr                             0x08000893   Thumb Code    36  llsshr.o(.text)
    _ll_sshift_r                             0x08000893   Thumb Code     0  llsshr.o(.text)
    BusFault_Handler                         0x080008b7   Thumb Code     2  stm32f1xx_it.o(i.BusFault_Handler)
    DebugMon_Handler                         0x080008b9   Thumb Code     2  stm32f1xx_it.o(i.DebugMon_Handler)
    Draw_Point                               0x080008bd   Thumb Code    58  lcd_driver_1.o(i.Draw_Point)
    Error_Handler                            0x08000905   Thumb Code     2  main.o(i.Error_Handler)
    FATFS_LinkDriver                         0x08000907   Thumb Code     6  ff_gen_drv.o(i.FATFS_LinkDriver)
    FATFS_LinkDriverEx                       0x0800090d   Thumb Code    60  ff_gen_drv.o(i.FATFS_LinkDriverEx)
    Gui_draw_char                            0x0800094d   Thumb Code   188  lcd_gui.o(i.Gui_draw_char)
    Gui_draw_circle                          0x08000a39   Thumb Code   426  lcd_gui.o(i.Gui_draw_circle)
    Gui_draw_line                            0x08000c19   Thumb Code   152  lcd_gui.o(i.Gui_draw_line)
    Gui_draw_point                           0x08000cb1   Thumb Code    98  lcd_gui.o(i.Gui_draw_point)
    Gui_draw_rectangle                       0x08000d19   Thumb Code   178  lcd_gui.o(i.Gui_draw_rectangle)
    Gui_draw_str                             0x08000df9   Thumb Code    98  lcd_gui.o(i.Gui_draw_str)
    Gui_fill_color                           0x08000e61   Thumb Code   116  lcd_driver_1.o(i.Gui_fill_color)
    Gui_set_pix                              0x08000ee1   Thumb Code    26  lcd_gui.o(i.Gui_set_pix)
    HAL_Delay                                0x08000f01   Thumb Code    32  stm32f1xx_hal.o(i.HAL_Delay)
    HAL_GPIO_Init                            0x08000f25   Thumb Code   446  stm32f1xx_hal_gpio.o(i.HAL_GPIO_Init)
    HAL_GPIO_ReadPin                         0x08001105   Thumb Code    10  stm32f1xx_hal_gpio.o(i.HAL_GPIO_ReadPin)
    HAL_GPIO_WritePin                        0x0800110f   Thumb Code    10  stm32f1xx_hal_gpio.o(i.HAL_GPIO_WritePin)
    HAL_GetTick                              0x08001119   Thumb Code     6  stm32f1xx_hal.o(i.HAL_GetTick)
    HAL_IncTick                              0x08001125   Thumb Code    12  stm32f1xx_hal.o(i.HAL_IncTick)
    HAL_Init                                 0x08001135   Thumb Code    32  stm32f1xx_hal.o(i.HAL_Init)
    HAL_InitTick                             0x08001159   Thumb Code    54  stm32f1xx_hal.o(i.HAL_InitTick)
    HAL_MspInit                              0x08001199   Thumb Code    52  stm32f1xx_hal_msp.o(i.HAL_MspInit)
    HAL_NVIC_SetPriority                     0x080011d5   Thumb Code    60  stm32f1xx_hal_cortex.o(i.HAL_NVIC_SetPriority)
    HAL_NVIC_SetPriorityGrouping             0x08001215   Thumb Code    26  stm32f1xx_hal_cortex.o(i.HAL_NVIC_SetPriorityGrouping)
    HAL_RCC_ClockConfig                      0x08001239   Thumb Code   280  stm32f1xx_hal_rcc.o(i.HAL_RCC_ClockConfig)
    HAL_RCC_GetPCLK1Freq                     0x08001365   Thumb Code    20  stm32f1xx_hal_rcc.o(i.HAL_RCC_GetPCLK1Freq)
    HAL_RCC_GetPCLK2Freq                     0x08001385   Thumb Code    20  stm32f1xx_hal_rcc.o(i.HAL_RCC_GetPCLK2Freq)
    HAL_RCC_GetSysClockFreq                  0x080013a5   Thumb Code    74  stm32f1xx_hal_rcc.o(i.HAL_RCC_GetSysClockFreq)
    HAL_RCC_OscConfig                        0x08001411   Thumb Code   778  stm32f1xx_hal_rcc.o(i.HAL_RCC_OscConfig)
    HAL_SPI_Init                             0x08001731   Thumb Code   178  stm32f1xx_hal_spi.o(i.HAL_SPI_Init)
    HAL_SPI_MspInit                          0x080017e5   Thumb Code    98  spi.o(i.HAL_SPI_MspInit)
    HAL_SPI_Transmit                         0x08001855   Thumb Code   358  stm32f1xx_hal_spi.o(i.HAL_SPI_Transmit)
    HAL_SPI_TransmitReceive                  0x080019bb   Thumb Code   482  stm32f1xx_hal_spi.o(i.HAL_SPI_TransmitReceive)
    HAL_SYSTICK_Config                       0x08001b9d   Thumb Code    40  stm32f1xx_hal_cortex.o(i.HAL_SYSTICK_Config)
    HAL_UART_Init                            0x08001bc5   Thumb Code    98  stm32f1xx_hal_uart.o(i.HAL_UART_Init)
    HAL_UART_MspInit                         0x08001c29   Thumb Code    98  usart.o(i.HAL_UART_MspInit)
    HAL_UART_Transmit                        0x08001c99   Thumb Code   178  stm32f1xx_hal_uart.o(i.HAL_UART_Transmit)
    HardFault_Handler                        0x08001d4b   Thumb Code     2  stm32f1xx_it.o(i.HardFault_Handler)
    LCD_Clear                                0x08001d4d   Thumb Code    88  lcd_driver_1.o(i.LCD_Clear)
    LCD_Display_Dir                          0x08001db1   Thumb Code    62  lcd_driver_1.o(i.LCD_Display_Dir)
    LCD_Scan_Dir                             0x08001df5   Thumb Code    66  lcd_driver_1.o(i.LCD_Scan_Dir)
    LCD_Set_Cursor                           0x08001e37   Thumb Code     8  lcd_driver_1.o(i.LCD_Set_Cursor)
    Lcd_Init                                 0x08001e41   Thumb Code   450  lcd_driver_1.o(i.Lcd_Init)
    Load_Touch_Draw                          0x0800201d   Thumb Code   166  lcd_touch.o(i.Load_Touch_Draw)
    MX_FATFS_Init                            0x080020dd   Thumb Code    18  fatfs.o(i.MX_FATFS_Init)
    MX_GPIO_Init                             0x080020f9   Thumb Code   230  gpio.o(i.MX_GPIO_Init)
    MX_SPI1_Init                             0x080021f1   Thumb Code    62  spi.o(i.MX_SPI1_Init)
    MX_USART2_UART_Init                      0x08002239   Thumb Code    48  usart.o(i.MX_USART2_UART_Init)
    MemManage_Handler                        0x08002271   Thumb Code     2  stm32f1xx_it.o(i.MemManage_Handler)
    NMI_Handler                              0x08002273   Thumb Code     2  stm32f1xx_it.o(i.NMI_Handler)
    PendSV_Handler                           0x08002275   Thumb Code     2  stm32f1xx_it.o(i.PendSV_Handler)
    SD_Init                                  0x08002279   Thumb Code    56  lcd_showbmp.o(i.SD_Init)
    SPI_Set_Speed                            0x08002305   Thumb Code    26  spi.o(i.SPI_Set_Speed)
    SPI_Timer_On                             0x08002325   Thumb Code    18  sdcard_spi.o(i.SPI_Timer_On)
    SPI_Timer_Status                         0x0800233d   Thumb Code    26  sdcard_spi.o(i.SPI_Timer_Status)
    SVC_Handler                              0x08002415   Thumb Code     2  stm32f1xx_it.o(i.SVC_Handler)
    Set_Window                               0x08002417   Thumb Code    90  lcd_driver_1.o(i.Set_Window)
    Spi_write_word                           0x080024e9   Thumb Code    40  lcd_driver_1.o(i.Spi_write_word)
    SysTick_Handler                          0x08002515   Thumb Code     4  stm32f1xx_it.o(i.SysTick_Handler)
    SystemClock_Config                       0x08002519   Thumb Code    78  main.o(i.SystemClock_Config)
    SystemInit                               0x08002567   Thumb Code     2  system_stm32f1xx.o(i.SystemInit)
    TP_Calibrate                             0x08002569   Thumb Code   760  lcd_touch.o(i.TP_Calibrate)
    TP_Init                                  0x08002955   Thumb Code    24  lcd_touch.o(i.TP_Init)
    TP_Read_ADC_XY2                          0x08002991   Thumb Code   144  lcd_touch.o(i.TP_Read_ADC_XY2)
    TP_Scan                                  0x08002a21   Thumb Code   174  lcd_touch.o(i.TP_Scan)
    TP_test                                  0x08002ce9   Thumb Code   166  lcd_touch.o(i.TP_test)
    USER_SPI_initialize                      0x08002ec5   Thumb Code   286  sdcard_spi.o(i.USER_SPI_initialize)
    USER_SPI_ioctl                           0x08002fed   Thumb Code   444  sdcard_spi.o(i.USER_SPI_ioctl)
    USER_SPI_read                            0x080031ad   Thumb Code   124  sdcard_spi.o(i.USER_SPI_read)
    USER_SPI_status                          0x0800322d   Thumb Code    12  sdcard_spi.o(i.USER_SPI_status)
    USER_SPI_write                           0x0800323d   Thumb Code   150  sdcard_spi.o(i.USER_SPI_write)
    USER_initialize                          0x080032d9   Thumb Code     4  user_diskio.o(i.USER_initialize)
    USER_ioctl                               0x080032dd   Thumb Code     4  user_diskio.o(i.USER_ioctl)
    USER_read                                0x080032e1   Thumb Code     4  user_diskio.o(i.USER_read)
    USER_status                              0x080032e5   Thumb Code     4  user_diskio.o(i.USER_status)
    USER_write                               0x080032e9   Thumb Code     4  user_diskio.o(i.USER_write)
    UsageFault_Handler                       0x080032ed   Thumb Code     2  stm32f1xx_it.o(i.UsageFault_Handler)
    __0printf                                0x080032f1   Thumb Code    22  printfa.o(i.__0printf)
    __1printf                                0x080032f1   Thumb Code     0  printfa.o(i.__0printf)
    __2printf                                0x080032f1   Thumb Code     0  printfa.o(i.__0printf)
    __c89printf                              0x080032f1   Thumb Code     0  printfa.o(i.__0printf)
    printf                                   0x080032f1   Thumb Code     0  printfa.o(i.__0printf)
    __0sprintf                               0x08003311   Thumb Code    34  printfa.o(i.__0sprintf)
    __1sprintf                               0x08003311   Thumb Code     0  printfa.o(i.__0sprintf)
    __2sprintf                               0x08003311   Thumb Code     0  printfa.o(i.__0sprintf)
    __c89sprintf                             0x08003311   Thumb Code     0  printfa.o(i.__0sprintf)
    sprintf                                  0x08003311   Thumb Code     0  printfa.o(i.__0sprintf)
    __scatterload_copy                       0x08003359   Thumb Code    14  handlers.o(i.__scatterload_copy)
    __scatterload_null                       0x08003367   Thumb Code     2  handlers.o(i.__scatterload_null)
    __scatterload_zeroinit                   0x08003369   Thumb Code    14  handlers.o(i.__scatterload_zeroinit)
    disk_initialize                          0x08003cd5   Thumb Code    36  diskio.o(i.disk_initialize)
    disk_read                                0x08003cfd   Thumb Code    24  diskio.o(i.disk_read)
    disk_status                              0x08003d19   Thumb Code    18  diskio.o(i.disk_status)
    disk_write                               0x08003d31   Thumb Code    24  diskio.o(i.disk_write)
    f_mount                                  0x08003d4d   Thumb Code    88  ff.o(i.f_mount)
    fputc                                    0x08004001   Thumb Code    20  usart.o(i.fputc)
    main                                     0x08004055   Thumb Code   558  main.o(i.main)
    malloc                                   0x080042ed   Thumb Code    92  malloc.o(i.malloc)
    AHBPrescTable                            0x0800458c   Data          16  system_stm32f1xx.o(.constdata)
    APBPrescTable                            0x0800459c   Data           8  system_stm32f1xx.o(.constdata)
    Font16_Table                             0x080045a4   Data        3040  font16.o(.constdata)
    Font24_Table                             0x08005184   Data        6840  font24.o(.constdata)
    Region$$Table$$Base                      0x08006cb8   Number         0  anon$$obj.o(Region$$Table)
    Region$$Table$$Limit                     0x08006cd8   Number         0  anon$$obj.o(Region$$Table)
    __stdout                                 0x20000000   Data           4  usart.o(.data)
    USER_Driver                              0x20000004   Data          20  user_diskio.o(.data)
    retUSER                                  0x20000018   Data           1  fatfs.o(.data)
    USERPath                                 0x20000019   Data           4  fatfs.o(.data)
    uwTickFreq                               0x20000020   Data           1  stm32f1xx_hal.o(.data)
    uwTickPrio                               0x20000024   Data           4  stm32f1xx_hal.o(.data)
    uwTick                                   0x20000028   Data           4  stm32f1xx_hal.o(.data)
    SystemCoreClock                          0x2000002c   Data           4  system_stm32f1xx.o(.data)
    POINT_COLOR                              0x20000038   Data           2  lcd_driver_1.o(.data)
    lcddev                                   0x2000003a   Data           8  lcd_driver_1.o(.data)
    Font16                                   0x20000044   Data          12  font16.o(.data)
    Font24                                   0x20000050   Data          12  font24.o(.data)
    spiTimerTickStart                        0x20000060   Data           4  sdcard_spi.o(.data)
    spiTimerTickDelay                        0x20000064   Data           4  sdcard_spi.o(.data)
    __microlib_freelist                      0x20000068   Data           4  mvars.o(.data)
    __microlib_freelist_initialised          0x2000006c   Data           4  mvars.o(.data)
    hspi1                                    0x20000070   Data          88  spi.o(.bss)
    huart2                                   0x200000c8   Data          64  usart.o(.bss)
    disk                                     0x20000120   Data          12  ff_gen_drv.o(.bss)
    tp_dev                                   0x2000012c   Data          40  lcd_touch.o(.bss)
    pDirectoryFiles                          0x20000154   Data          80  lcd_showbmp.o(.bss)
    SDFatFs                                  0x200001a4   Data         560  lcd_showbmp.o(.bss)
    str                                      0x200003d4   Data          20  lcd_showbmp.o(.bss)
    __heap_base                              0x200003e8   Data           0  startup_stm32f103xb.o(HEAP)
    __heap_limit                             0x200005e8   Data           0  startup_stm32f103xb.o(HEAP)
    __initial_sp                             0x200015e8   Data           0  startup_stm32f103xb.o(STACK)



==============================================================================

Memory Map of the image

  Image Entry point : 0x080000ed

  Load Region LR_IROM1 (Base: 0x08000000, Size: 0x00006d48, Max: 0x00020000, ABSOLUTE)

    Execution Region ER_IROM1 (Base: 0x08000000, Size: 0x00006cd8, Max: 0x00020000, ABSOLUTE)

    Base Addr    Size         Type   Attr      Idx    E Section Name        Object

    0x08000000   0x000000ec   Data   RO            3    RESET               startup_stm32f103xb.o
    0x080000ec   0x00000000   Code   RO         3223  * .ARM.Collect$$$$00000000  mc_w.l(entry.o)
    0x080000ec   0x00000004   Code   RO         3539    .ARM.Collect$$$$00000001  mc_w.l(entry2.o)
    0x080000f0   0x00000004   Code   RO         3542    .ARM.Collect$$$$00000004  mc_w.l(entry5.o)
    0x080000f4   0x00000000   Code   RO         3544    .ARM.Collect$$$$00000008  mc_w.l(entry7b.o)
    0x080000f4   0x00000000   Code   RO         3546    .ARM.Collect$$$$0000000A  mc_w.l(entry8b.o)
    0x080000f4   0x00000008   Code   RO         3547    .ARM.Collect$$$$0000000B  mc_w.l(entry9a.o)
    0x080000fc   0x00000000   Code   RO         3549    .ARM.Collect$$$$0000000D  mc_w.l(entry10a.o)
    0x080000fc   0x00000000   Code   RO         3551    .ARM.Collect$$$$0000000F  mc_w.l(entry11a.o)
    0x080000fc   0x00000004   Code   RO         3540    .ARM.Collect$$$$00002712  mc_w.l(entry2.o)
    0x08000100   0x00000024   Code   RO            4    .text               startup_stm32f103xb.o
    0x08000124   0x00000020   Code   RO         3226    .text               mc_w.l(llushr.o)
    0x08000144   0x00000024   Code   RO         3228    .text               mc_w.l(memseta.o)
    0x08000168   0x000000b0   Code   RO         3521    .text               mf_w.l(fadd.o)
    0x08000218   0x0000007c   Code   RO         3523    .text               mf_w.l(fdiv.o)
    0x08000294   0x000000de   Code   RO         3525    .text               mf_w.l(ddiv.o)
    0x08000372   0x00000012   Code   RO         3527    .text               mf_w.l(fflti.o)
    0x08000384   0x0000000a   Code   RO         3529    .text               mf_w.l(ffltui.o)
    0x0800038e   0x00000022   Code   RO         3531    .text               mf_w.l(dflti.o)
    0x080003b0   0x00000028   Code   RO         3533    .text               mf_w.l(ffixui.o)
    0x080003d8   0x00000030   Code   RO         3535    .text               mf_w.l(cdcmple.o)
    0x08000408   0x00000030   Code   RO         3537    .text               mf_w.l(cdrcmple.o)
    0x08000438   0x0000002c   Code   RO         3553    .text               mc_w.l(uidiv.o)
    0x08000464   0x00000062   Code   RO         3555    .text               mc_w.l(uldiv.o)
    0x080004c6   0x00000000   Code   RO         3563    .text               mc_w.l(iusefp.o)
    0x080004c6   0x0000006e   Code   RO         3564    .text               mf_w.l(fepilogue.o)
    0x08000534   0x000000ba   Code   RO         3566    .text               mf_w.l(depilogue.o)
    0x080005ee   0x0000014e   Code   RO         3568    .text               mf_w.l(dadd.o)
    0x0800073c   0x000000e4   Code   RO         3570    .text               mf_w.l(dmul.o)
    0x08000820   0x00000030   Code   RO         3572    .text               mf_w.l(dfixul.o)
    0x08000850   0x00000024   Code   RO         3574    .text               mc_w.l(init.o)
    0x08000874   0x0000001e   Code   RO         3576    .text               mc_w.l(llshl.o)
    0x08000892   0x00000024   Code   RO         3578    .text               mc_w.l(llsshr.o)
    0x080008b6   0x00000002   Code   RO          330    i.BusFault_Handler  stm32f1xx_it.o
    0x080008b8   0x00000002   Code   RO          331    i.DebugMon_Handler  stm32f1xx_it.o
    0x080008ba   0x00000002   PAD
    0x080008bc   0x00000048   Code   RO         2707    i.Draw_Point        lcd_driver_1.o
    0x08000904   0x00000002   Code   RO           13    i.Error_Handler     main.o
    0x08000906   0x00000006   Code   RO         2627    i.FATFS_LinkDriver  ff_gen_drv.o
    0x0800090c   0x00000040   Code   RO         2628    i.FATFS_LinkDriverEx  ff_gen_drv.o
    0x0800094c   0x000000ec   Code   RO         2815    i.Gui_draw_char     lcd_gui.o
    0x08000a38   0x000001e0   Code   RO         2816    i.Gui_draw_circle   lcd_gui.o
    0x08000c18   0x00000098   Code   RO         2817    i.Gui_draw_line     lcd_gui.o
    0x08000cb0   0x00000068   Code   RO         2818    i.Gui_draw_point    lcd_gui.o
    0x08000d18   0x000000e0   Code   RO         2819    i.Gui_draw_rectangle  lcd_gui.o
    0x08000df8   0x00000068   Code   RO         2820    i.Gui_draw_str      lcd_gui.o
    0x08000e60   0x00000080   Code   RO         2708    i.Gui_fill_color    lcd_driver_1.o
    0x08000ee0   0x00000020   Code   RO         2821    i.Gui_set_pix       lcd_gui.o
    0x08000f00   0x00000024   Code   RO          570    i.HAL_Delay         stm32f1xx_hal.o
    0x08000f24   0x000001e0   Code   RO          878    i.HAL_GPIO_Init     stm32f1xx_hal_gpio.o
    0x08001104   0x0000000a   Code   RO          880    i.HAL_GPIO_ReadPin  stm32f1xx_hal_gpio.o
    0x0800110e   0x0000000a   Code   RO          882    i.HAL_GPIO_WritePin  stm32f1xx_hal_gpio.o
    0x08001118   0x0000000c   Code   RO          574    i.HAL_GetTick       stm32f1xx_hal.o
    0x08001124   0x00000010   Code   RO          580    i.HAL_IncTick       stm32f1xx_hal.o
    0x08001134   0x00000024   Code   RO          581    i.HAL_Init          stm32f1xx_hal.o
    0x08001158   0x00000040   Code   RO          582    i.HAL_InitTick      stm32f1xx_hal.o
    0x08001198   0x0000003c   Code   RO          405    i.HAL_MspInit       stm32f1xx_hal_msp.o
    0x080011d4   0x00000040   Code   RO         1044    i.HAL_NVIC_SetPriority  stm32f1xx_hal_cortex.o
    0x08001214   0x00000024   Code   RO         1045    i.HAL_NVIC_SetPriorityGrouping  stm32f1xx_hal_cortex.o
    0x08001238   0x0000012c   Code   RO          738    i.HAL_RCC_ClockConfig  stm32f1xx_hal_rcc.o
    0x08001364   0x00000020   Code   RO          745    i.HAL_RCC_GetPCLK1Freq  stm32f1xx_hal_rcc.o
    0x08001384   0x00000020   Code   RO          746    i.HAL_RCC_GetPCLK2Freq  stm32f1xx_hal_rcc.o
    0x080013a4   0x0000006c   Code   RO          747    i.HAL_RCC_GetSysClockFreq  stm32f1xx_hal_rcc.o
    0x08001410   0x00000320   Code   RO          750    i.HAL_RCC_OscConfig  stm32f1xx_hal_rcc.o
    0x08001730   0x000000b2   Code   RO         1549    i.HAL_SPI_Init      stm32f1xx_hal_spi.o
    0x080017e2   0x00000002   PAD
    0x080017e4   0x00000070   Code   RO          224    i.HAL_SPI_MspInit   spi.o
    0x08001854   0x00000166   Code   RO         1557    i.HAL_SPI_Transmit  stm32f1xx_hal_spi.o
    0x080019ba   0x000001e2   Code   RO         1558    i.HAL_SPI_TransmitReceive  stm32f1xx_hal_spi.o
    0x08001b9c   0x00000028   Code   RO         1049    i.HAL_SYSTICK_Config  stm32f1xx_hal_cortex.o
    0x08001bc4   0x00000062   Code   RO         1921    i.HAL_UART_Init     stm32f1xx_hal_uart.o
    0x08001c26   0x00000002   PAD
    0x08001c28   0x00000070   Code   RO          272    i.HAL_UART_MspInit  usart.o
    0x08001c98   0x000000b2   Code   RO         1929    i.HAL_UART_Transmit  stm32f1xx_hal_uart.o
    0x08001d4a   0x00000002   Code   RO          332    i.HardFault_Handler  stm32f1xx_it.o
    0x08001d4c   0x00000064   Code   RO         2709    i.LCD_Clear         lcd_driver_1.o
    0x08001db0   0x00000044   Code   RO         2711    i.LCD_Display_Dir   lcd_driver_1.o
    0x08001df4   0x00000042   Code   RO         2712    i.LCD_Scan_Dir      lcd_driver_1.o
    0x08001e36   0x00000008   Code   RO         2713    i.LCD_Set_Cursor    lcd_driver_1.o
    0x08001e3e   0x00000002   PAD
    0x08001e40   0x000001dc   Code   RO         2715    i.Lcd_Init          lcd_driver_1.o
    0x0800201c   0x000000c0   Code   RO         2899    i.Load_Touch_Draw   lcd_touch.o
    0x080020dc   0x0000001c   Code   RO          489    i.MX_FATFS_Init     fatfs.o
    0x080020f8   0x000000f8   Code   RO          199    i.MX_GPIO_Init      gpio.o
    0x080021f0   0x00000048   Code   RO          225    i.MX_SPI1_Init      spi.o
    0x08002238   0x00000038   Code   RO          273    i.MX_USART2_UART_Init  usart.o
    0x08002270   0x00000002   Code   RO          333    i.MemManage_Handler  stm32f1xx_it.o
    0x08002272   0x00000002   Code   RO          334    i.NMI_Handler       stm32f1xx_it.o
    0x08002274   0x00000002   Code   RO          335    i.PendSV_Handler    stm32f1xx_it.o
    0x08002276   0x00000002   PAD
    0x08002278   0x0000006c   Code   RO         3028    i.SD_Init           lcd_showbmp.o
    0x080022e4   0x00000020   Code   RO         1587    i.SPI_EndRxTxTransaction  stm32f1xx_hal_spi.o
    0x08002304   0x00000020   Code   RO          226    i.SPI_Set_Speed     spi.o
    0x08002324   0x00000018   Code   RO         3071    i.SPI_Timer_On      sdcard_spi.o
    0x0800233c   0x00000020   Code   RO         3072    i.SPI_Timer_Status  sdcard_spi.o
    0x0800235c   0x000000b8   Code   RO         1592    i.SPI_WaitFlagStateUntilTimeout  stm32f1xx_hal_spi.o
    0x08002414   0x00000002   Code   RO          336    i.SVC_Handler       stm32f1xx_it.o
    0x08002416   0x0000005a   Code   RO         2716    i.Set_Window        lcd_driver_1.o
    0x08002470   0x0000003c   Code   RO         2717    i.Spi_write_cmd     lcd_driver_1.o
    0x080024ac   0x0000003c   Code   RO         2718    i.Spi_write_data    lcd_driver_1.o
    0x080024e8   0x0000002c   Code   RO         2719    i.Spi_write_word    lcd_driver_1.o
    0x08002514   0x00000004   Code   RO          337    i.SysTick_Handler   stm32f1xx_it.o
    0x08002518   0x0000004e   Code   RO           14    i.SystemClock_Config  main.o
    0x08002566   0x00000002   Code   RO         2218    i.SystemInit        system_stm32f1xx.o
    0x08002568   0x0000038c   Code   RO         2900    i.TP_Calibrate      lcd_touch.o
    0x080028f4   0x0000005e   Code   RO         2901    i.TP_Draw_Calib_Cross  lcd_touch.o
    0x08002952   0x00000002   PAD
    0x08002954   0x00000024   Code   RO         2902    i.TP_Init           lcd_touch.o
    0x08002978   0x00000018   Code   RO         2903    i.TP_Read_ADC_XY    lcd_touch.o
    0x08002990   0x00000090   Code   RO         2904    i.TP_Read_ADC_XY2   lcd_touch.o
    0x08002a20   0x000000bc   Code   RO         2905    i.TP_Scan           lcd_touch.o
    0x08002adc   0x00000118   Code   RO         2906    i.TP_calib_info_show  lcd_touch.o
    0x08002bf4   0x0000008c   Code   RO         2907    i.TP_read_ADC       lcd_touch.o
    0x08002c80   0x00000066   Code   RO         2908    i.TP_read_adc_avg   lcd_touch.o
    0x08002ce6   0x00000002   PAD
    0x08002ce8   0x000000c0   Code   RO         2909    i.TP_test           lcd_touch.o
    0x08002da8   0x000000b8   Code   RO         1947    i.UART_SetConfig    stm32f1xx_hal_uart.o
    0x08002e60   0x00000064   Code   RO         1948    i.UART_WaitOnFlagUntilTimeout  stm32f1xx_hal_uart.o
    0x08002ec4   0x00000128   Code   RO         3131    i.USER_SPI_initialize  sdcard_spi.o
    0x08002fec   0x000001c0   Code   RO         3155    i.USER_SPI_ioctl    sdcard_spi.o
    0x080031ac   0x00000080   Code   RO         3143    i.USER_SPI_read     sdcard_spi.o
    0x0800322c   0x00000010   Code   RO         3137    i.USER_SPI_status   sdcard_spi.o
    0x0800323c   0x0000009c   Code   RO         3149    i.USER_SPI_write    sdcard_spi.o
    0x080032d8   0x00000004   Code   RO          429    i.USER_initialize   user_diskio.o
    0x080032dc   0x00000004   Code   RO          430    i.USER_ioctl        user_diskio.o
    0x080032e0   0x00000004   Code   RO          431    i.USER_read         user_diskio.o
    0x080032e4   0x00000004   Code   RO          432    i.USER_status       user_diskio.o
    0x080032e8   0x00000004   Code   RO          433    i.USER_write        user_diskio.o
    0x080032ec   0x00000002   Code   RO          338    i.UsageFault_Handler  stm32f1xx_it.o
    0x080032ee   0x00000002   PAD
    0x080032f0   0x00000020   Code   RO         3465    i.__0printf         mc_w.l(printfa.o)
    0x08003310   0x00000028   Code   RO         3467    i.__0sprintf        mc_w.l(printfa.o)
    0x08003338   0x00000020   Code   RO         1051    i.__NVIC_SetPriority  stm32f1xx_hal_cortex.o
    0x08003358   0x0000000e   Code   RO         3582    i.__scatterload_copy  mc_w.l(handlers.o)
    0x08003366   0x00000002   Code   RO         3583    i.__scatterload_null  mc_w.l(handlers.o)
    0x08003368   0x0000000e   Code   RO         3584    i.__scatterload_zeroinit  mc_w.l(handlers.o)
    0x08003376   0x00000002   PAD
    0x08003378   0x00000184   Code   RO         3472    i._fp_digits        mc_w.l(printfa.o)
    0x080034fc   0x000006dc   Code   RO         3473    i._printf_core      mc_w.l(printfa.o)
    0x08003bd8   0x00000024   Code   RO         3474    i._printf_post_padding  mc_w.l(printfa.o)
    0x08003bfc   0x0000002e   Code   RO         3475    i._printf_pre_padding  mc_w.l(printfa.o)
    0x08003c2a   0x0000000a   Code   RO         3477    i._sputc            mc_w.l(printfa.o)
    0x08003c34   0x00000060   Code   RO         2310    i.check_fs          ff.o
    0x08003c94   0x00000024   Code   RO         2312    i.clear_lock        ff.o
    0x08003cb8   0x0000001c   Code   RO         3073    i.despiselect       sdcard_spi.o
    0x08003cd4   0x00000028   Code   RO         2255    i.disk_initialize   diskio.o
    0x08003cfc   0x0000001c   Code   RO         2257    i.disk_read         diskio.o
    0x08003d18   0x00000018   Code   RO         2258    i.disk_status       diskio.o
    0x08003d30   0x0000001c   Code   RO         2259    i.disk_write        diskio.o
    0x08003d4c   0x0000005c   Code   RO         2331    i.f_mount           ff.o
    0x08003da8   0x00000258   Code   RO         2346    i.find_volume       ff.o
    0x08004000   0x00000018   Code   RO          275    i.fputc             usart.o
    0x08004018   0x0000003c   Code   RO         2350    i.get_ldnumber      ff.o
    0x08004054   0x00000298   Code   RO           15    i.main              main.o
    0x080042ec   0x0000006c   Code   RO         3494    i.malloc            mc_w.l(malloc.o)
    0x08004358   0x00000036   Code   RO         2355    i.move_window       ff.o
    0x0800438e   0x00000002   PAD
    0x08004390   0x0000004e   Code   RO         3074    i.rcvr_datablock    sdcard_spi.o
    0x080043de   0x00000086   Code   RO         3075    i.send_cmd          sdcard_spi.o
    0x08004464   0x00000030   Code   RO         3076    i.spiselect         sdcard_spi.o
    0x08004494   0x00000060   Code   RO         2361    i.sync_window       ff.o
    0x080044f4   0x00000026   Code   RO         3077    i.wait_ready        sdcard_spi.o
    0x0800451a   0x00000002   PAD
    0x0800451c   0x00000020   Code   RO         3078    i.xchg_spi          sdcard_spi.o
    0x0800453c   0x00000050   Code   RO         3079    i.xmit_datablock    sdcard_spi.o
    0x0800458c   0x00000010   Data   RO         2219    .constdata          system_stm32f1xx.o
    0x0800459c   0x00000008   Data   RO         2220    .constdata          system_stm32f1xx.o
    0x080045a4   0x00000be0   Data   RO         2997    .constdata          font16.o
    0x08005184   0x00001ab8   Data   RO         3011    .constdata          font24.o
    0x08006c3c   0x00000079   Data   RO         2912    .conststring        lcd_touch.o
    0x08006cb5   0x00000003   PAD
    0x08006cb8   0x00000020   Data   RO         3580    Region$$Table       anon$$obj.o


    Execution Region RW_IRAM1 (Base: 0x20000000, Size: 0x000015e8, Max: 0x00005000, ABSOLUTE)

    Base Addr    Size         Type   Attr      Idx    E Section Name        Object

    0x20000000   0x00000004   Data   RW          277    .data               usart.o
    0x20000004   0x00000014   Data   RW          434    .data               user_diskio.o
    0x20000018   0x00000005   Data   RW          493    .data               fatfs.o
    0x2000001d   0x00000003   PAD
    0x20000020   0x0000000c   Data   RW          588    .data               stm32f1xx_hal.o
    0x2000002c   0x00000004   Data   RW         2221    .data               system_stm32f1xx.o
    0x20000030   0x00000008   Data   RW         2365    .data               ff.o
    0x20000038   0x00000002   Data   RW         2720    .data               lcd_driver_1.o
    0x2000003a   0x00000008   Data   RW         2722    .data               lcd_driver_1.o
    0x20000042   0x00000002   PAD
    0x20000044   0x0000000c   Data   RW         2998    .data               font16.o
    0x20000050   0x0000000c   Data   RW         3012    .data               font24.o
    0x2000005c   0x0000000c   Data   RW         3080    .data               sdcard_spi.o
    0x20000068   0x00000004   Data   RW         3561    .data               mc_w.l(mvars.o)
    0x2000006c   0x00000004   Data   RW         3562    .data               mc_w.l(mvars.o)
    0x20000070   0x00000058   Zero   RW          227    .bss                spi.o
    0x200000c8   0x00000040   Zero   RW          276    .bss                usart.o
    0x20000108   0x00000018   Zero   RW         2363    .bss                ff.o
    0x20000120   0x0000000c   Zero   RW         2631    .bss                ff_gen_drv.o
    0x2000012c   0x00000028   Zero   RW         2911    .bss                lcd_touch.o
    0x20000154   0x00000294   Zero   RW         3030    .bss                lcd_showbmp.o
    0x200003e8   0x00000200   Zero   RW            2    HEAP                startup_stm32f103xb.o
    0x200005e8   0x00001000   Zero   RW            1    STACK               startup_stm32f103xb.o


==============================================================================

Image component sizes


      Code (inc. data)   RO Data    RW Data    ZI Data      Debug   Object Name

       120         18          0          0          0       2972   diskio.o
        28         10          0          5          0       1086   fatfs.o
      1034         26          0          8         24       9139   ff.o
        70          4          0          0         12       1603   ff_gen_drv.o
         0          0       3040         12          0        955   font16.o
         0          0       6840         12          0        963   font24.o
       248         18          0          0          0       1015   gpio.o
      1172        106          0         10          0       8655   lcd_driver_1.o
      1332        166          0          0          0       8225   lcd_gui.o
       108         52          0          0        660       3956   lcd_showbmp.o
      2300        274        121          0         40       9000   lcd_touch.o
       744        106          0          0          0     405464   main.o
      1538         58          0         12          0      11250   sdcard_spi.o
       216         30          0          0         88       2201   spi.o
        36          8        236          0       4608        812   startup_stm32f103xb.o
       164         28          0         12          0       5965   stm32f1xx_hal.o
       172         14          0          0          0      28318   stm32f1xx_hal_cortex.o
       500         34          0          0          0       3551   stm32f1xx_hal_gpio.o
        60          8          0          0          0        886   stm32f1xx_hal_msp.o
      1272        100          0          0          0       5236   stm32f1xx_hal_rcc.o
      1234          4          0          0          0       6236   stm32f1xx_hal_spi.o
       560          6          0          0          0       4016   stm32f1xx_hal_uart.o
        20          0          0          0          0       3938   stm32f1xx_it.o
         2          0         24          4          0       1143   system_stm32f1xx.o
       192         26          0          4         64       3514   usart.o
        20          0          0         20          0       3456   user_diskio.o

    ----------------------------------------------------------------------
     13162       1096      10296        104       5496     533555   Object Totals
         0          0         32          0          0          0   (incl. Generated)
        20          0          3          5          0          0   (incl. Padding)

    ----------------------------------------------------------------------

      Code (inc. data)   RO Data    RW Data    ZI Data      Debug   Library Member Name

         0          0          0          0          0          0   entry.o
         0          0          0          0          0          0   entry10a.o
         0          0          0          0          0          0   entry11a.o
         8          4          0          0          0          0   entry2.o
         4          0          0          0          0          0   entry5.o
         0          0          0          0          0          0   entry7b.o
         0          0          0          0          0          0   entry8b.o
         8          4          0          0          0          0   entry9a.o
        30          0          0          0          0          0   handlers.o
        36          8          0          0          0         68   init.o
         0          0          0          0          0          0   iusefp.o
        30          0          0          0          0         68   llshl.o
        36          0          0          0          0         68   llsshr.o
        32          0          0          0          0         68   llushr.o
       108         16          0          0          0         84   malloc.o
        36          0          0          0          0        108   memseta.o
         0          0          0          8          0          0   mvars.o
      2308         96          0          0          0        604   printfa.o
        44          0          0          0          0         80   uidiv.o
        98          0          0          0          0         92   uldiv.o
        48          0          0          0          0         68   cdcmple.o
        48          0          0          0          0         68   cdrcmple.o
       334          0          0          0          0        148   dadd.o
       222          0          0          0          0        100   ddiv.o
       186          0          0          0          0        176   depilogue.o
        48          0          0          0          0         68   dfixul.o
        34          0          0          0          0         76   dflti.o
       228          0          0          0          0         96   dmul.o
       176          0          0          0          0        140   fadd.o
       124          0          0          0          0         88   fdiv.o
       110          0          0          0          0        168   fepilogue.o
        40          0          0          0          0         68   ffixui.o
        18          0          0          0          0         68   fflti.o
        10          0          0          0          0         68   ffltui.o

    ----------------------------------------------------------------------
      4406        128          0          8          0       2640   Library Totals
         2          0          0          0          0          0   (incl. Padding)

    ----------------------------------------------------------------------

      Code (inc. data)   RO Data    RW Data    ZI Data      Debug   Library Name

      2778        128          0          8          0       1240   mc_w.l
      1626          0          0          0          0       1400   mf_w.l

    ----------------------------------------------------------------------
      4406        128          0          8          0       2640   Library Totals

    ----------------------------------------------------------------------

==============================================================================


      Code (inc. data)   RO Data    RW Data    ZI Data      Debug   

     17568       1224      10296        112       5496     529379   Grand Totals
     17568       1224      10296        112       5496     529379   ELF Image Totals
     17568       1224      10296        112          0          0   ROM Totals

==============================================================================

    Total RO  Size (Code + RO Data)                27864 (  27.21kB)
    Total RW  Size (RW Data + ZI Data)              5608 (   5.48kB)
    Total ROM Size (Code + RO Data + RW Data)      27976 (  27.32kB)

==============================================================================

