Component: ARM Compiler 5.06 update 3 (build 300) Tool: armlink [4d35c9]

==============================================================================

Section Cross References

    startup_stm32f103xb.o(RESET) refers to startup_stm32f103xb.o(STACK) for __initial_sp
    startup_stm32f103xb.o(RESET) refers to startup_stm32f103xb.o(.text) for Reset_Handler
    startup_stm32f103xb.o(RESET) refers to stm32f1xx_it.o(i.NMI_Handler) for NMI_Handler
    startup_stm32f103xb.o(RESET) refers to stm32f1xx_it.o(i.HardFault_Handler) for HardFault_Handler
    startup_stm32f103xb.o(RESET) refers to stm32f1xx_it.o(i.MemManage_Handler) for MemManage_Handler
    startup_stm32f103xb.o(RESET) refers to stm32f1xx_it.o(i.BusFault_Handler) for BusFault_Handler
    startup_stm32f103xb.o(RESET) refers to stm32f1xx_it.o(i.UsageFault_Handler) for UsageFault_Handler
    startup_stm32f103xb.o(RESET) refers to stm32f1xx_it.o(i.SVC_Handler) for SVC_Handler
    startup_stm32f103xb.o(RESET) refers to stm32f1xx_it.o(i.DebugMon_Handler) for DebugMon_Handler
    startup_stm32f103xb.o(RESET) refers to stm32f1xx_it.o(i.PendSV_Handler) for PendSV_Handler
    startup_stm32f103xb.o(RESET) refers to stm32f1xx_it.o(i.SysTick_Handler) for SysTick_Handler
    startup_stm32f103xb.o(.text) refers to system_stm32f1xx.o(i.SystemInit) for SystemInit
    startup_stm32f103xb.o(.text) refers to entry.o(.ARM.Collect$$$$00000000) for __main
    lcd_driver.o(i.lcd_clear_screen) refers to lcd_driver.o(i.lcd_set_cursor) for lcd_set_cursor
    lcd_driver.o(i.lcd_clear_screen) refers to lcd_driver.o(i.lcd_write_byte) for lcd_write_byte
    lcd_driver.o(i.lcd_clear_screen) refers to stm32f1xx_hal_gpio.o(i.HAL_GPIO_WritePin) for HAL_GPIO_WritePin
    lcd_driver.o(i.lcd_clear_screen) refers to stm32f1xx_hal_spi.o(i.HAL_SPI_Transmit) for HAL_SPI_Transmit
    lcd_driver.o(i.lcd_clear_screen) refers to lcd_driver.o(i.setRotation) for setRotation
    lcd_driver.o(i.lcd_clear_screen) refers to lcd_driver.o(.data) for .data
    lcd_driver.o(i.lcd_clear_screen) refers to spi.o(.bss) for hspi1
    lcd_driver.o(i.lcd_display_char) refers to lcd_driver.o(i.lcd_draw_point) for lcd_draw_point
    lcd_driver.o(i.lcd_display_char) refers to fonts.o(.constdata) for c_chFont1206
    lcd_driver.o(i.lcd_display_char) refers to fonts.o(.constdata) for c_chFont1608
    lcd_driver.o(i.lcd_display_num) refers to lcd_driver.o(i.lcd_display_char) for lcd_display_char
    lcd_driver.o(i.lcd_display_string) refers to lcd_driver.o(i.lcd_clear_screen) for lcd_clear_screen
    lcd_driver.o(i.lcd_display_string) refers to lcd_driver.o(i.lcd_display_char) for lcd_display_char
    lcd_driver.o(i.lcd_draw_circle) refers to lcd_driver.o(i.lcd_draw_point) for lcd_draw_point
    lcd_driver.o(i.lcd_draw_h_line) refers to lcd_driver.o(i.lcd_draw_point) for lcd_draw_point
    lcd_driver.o(i.lcd_draw_line) refers to lcd_driver.o(i.lcd_draw_point) for lcd_draw_point
    lcd_driver.o(i.lcd_draw_point) refers to lcd_driver.o(i.lcd_set_cursor) for lcd_set_cursor
    lcd_driver.o(i.lcd_draw_point) refers to lcd_driver.o(i.lcd_write_byte) for lcd_write_byte
    lcd_driver.o(i.lcd_draw_point) refers to lcd_driver.o(i.lcd_write_word) for lcd_write_word
    lcd_driver.o(i.lcd_draw_point) refers to lcd_driver.o(.data) for .data
    lcd_driver.o(i.lcd_draw_rect) refers to lcd_driver.o(i.lcd_draw_h_line) for lcd_draw_h_line
    lcd_driver.o(i.lcd_draw_rect) refers to lcd_driver.o(i.lcd_draw_v_line) for lcd_draw_v_line
    lcd_driver.o(i.lcd_draw_v_line) refers to lcd_driver.o(i.lcd_draw_point) for lcd_draw_point
    lcd_driver.o(i.lcd_fill_rect) refers to lcd_driver.o(i.lcd_draw_point) for lcd_draw_point
    lcd_driver.o(i.lcd_init) refers to stm32f1xx_hal_gpio.o(i.HAL_GPIO_WritePin) for HAL_GPIO_WritePin
    lcd_driver.o(i.lcd_init) refers to lcd_driver.o(i.lcd_read_id) for lcd_read_id
    lcd_driver.o(i.lcd_init) refers to lcd_driver.o(i.lcd_write_register) for lcd_write_register
    lcd_driver.o(i.lcd_init) refers to lcd_driver.o(i.lcd_clear_screen) for lcd_clear_screen
    lcd_driver.o(i.lcd_init) refers to lcd_driver.o(i.lcd_write_byte) for lcd_write_byte
    lcd_driver.o(i.lcd_init) refers to stm32f1xx_hal.o(i.HAL_Delay) for HAL_Delay
    lcd_driver.o(i.lcd_init) refers to lcd_driver.o(.data) for .data
    lcd_driver.o(i.lcd_read_id) refers to stm32f1xx_hal_gpio.o(i.HAL_GPIO_WritePin) for HAL_GPIO_WritePin
    lcd_driver.o(i.lcd_read_id) refers to stm32f1xx_hal_spi.o(i.HAL_SPI_Transmit) for HAL_SPI_Transmit
    lcd_driver.o(i.lcd_read_id) refers to stm32f1xx_hal_spi.o(i.HAL_SPI_TransmitReceive) for HAL_SPI_TransmitReceive
    lcd_driver.o(i.lcd_read_id) refers to spi.o(.bss) for hspi1
    lcd_driver.o(i.lcd_set_cursor) refers to lcd_driver.o(i.lcd_write_register) for lcd_write_register
    lcd_driver.o(i.lcd_set_cursor) refers to lcd_driver.o(i.lcd_write_byte) for lcd_write_byte
    lcd_driver.o(i.lcd_set_cursor) refers to lcd_driver.o(.data) for .data
[...]
    Removing stm32f1xx_hal_exti.o(i.HAL_EXTI_RegisterCallback), (14 bytes).
    Removing stm32f1xx_hal_exti.o(i.HAL_EXTI_SetConfigLine), (164 bytes).
    Removing stm32f1xx_hal_spi.o(.rev16_text), (4 bytes).
    Removing stm32f1xx_hal_spi.o(.revsh_text), (4 bytes).
    Removing stm32f1xx_hal_spi.o(.rrx_text), (6 bytes).
    Removing stm32f1xx_hal_spi.o(i.HAL_SPI_Abort), (288 bytes).
    Removing stm32f1xx_hal_spi.o(i.HAL_SPI_AbortCpltCallback), (2 bytes).
    Removing stm32f1xx_hal_spi.o(i.HAL_SPI_Abort_IT), (288 bytes).
    Removing stm32f1xx_hal_spi.o(i.HAL_SPI_DMAPause), (38 bytes).
    Removing stm32f1xx_hal_spi.o(i.HAL_SPI_DMAResume), (38 bytes).
    Removing stm32f1xx_hal_spi.o(i.HAL_SPI_DMAStop), (66 bytes).
    Removing stm32f1xx_hal_spi.o(i.HAL_SPI_DeInit), (46 bytes).
    Removing stm32f1xx_hal_spi.o(i.HAL_SPI_ErrorCallback), (2 bytes).
    Removing stm32f1xx_hal_spi.o(i.HAL_SPI_GetError), (4 bytes).
    Removing stm32f1xx_hal_spi.o(i.HAL_SPI_GetState), (6 bytes).
    Removing stm32f1xx_hal_spi.o(i.HAL_SPI_IRQHandler), (224 bytes).
    Removing stm32f1xx_hal_spi.o(i.HAL_SPI_MspDeInit), (2 bytes).
    Removing stm32f1xx_hal_spi.o(i.HAL_SPI_MspInit), (2 bytes).
    Removing stm32f1xx_hal_spi.o(i.HAL_SPI_Receive), (346 bytes).
    Removing stm32f1xx_hal_spi.o(i.HAL_SPI_Receive_DMA), (244 bytes).
    Removing stm32f1xx_hal_spi.o(i.HAL_SPI_Receive_IT), (176 bytes).
    Removing stm32f1xx_hal_spi.o(i.HAL_SPI_RxCpltCallback), (2 bytes).
    Removing stm32f1xx_hal_spi.o(i.HAL_SPI_RxHalfCpltCallback), (2 bytes).
    Removing stm32f1xx_hal_spi.o(i.HAL_SPI_TransmitReceive_DMA), (292 bytes).
    Removing stm32f1xx_hal_spi.o(i.HAL_SPI_TransmitReceive_IT), (164 bytes).
    Removing stm32f1xx_hal_spi.o(i.HAL_SPI_Transmit_DMA), (216 bytes).
    Removing stm32f1xx_hal_spi.o(i.HAL_SPI_Transmit_IT), (148 bytes).
    Removing stm32f1xx_hal_spi.o(i.HAL_SPI_TxCpltCallback), (2 bytes).
    Removing stm32f1xx_hal_spi.o(i.HAL_SPI_TxHalfCpltCallback), (2 bytes).
    Removing stm32f1xx_hal_spi.o(i.HAL_SPI_TxRxCpltCallback), (2 bytes).
    Removing stm32f1xx_hal_spi.o(i.HAL_SPI_TxRxHalfCpltCallback), (2 bytes).
    Removing stm32f1xx_hal_spi.o(i.SPI_2linesRxISR_16BIT), (48 bytes).
    Removing stm32f1xx_hal_spi.o(i.SPI_2linesRxISR_8BIT), (48 bytes).
    Removing stm32f1xx_hal_spi.o(i.SPI_2linesTxISR_16BIT), (48 bytes).
    Removing stm32f1xx_hal_spi.o(i.SPI_2linesTxISR_8BIT), (48 bytes).
    Removing stm32f1xx_hal_spi.o(i.SPI_AbortRx_ISR), (80 bytes).
    Removing stm32f1xx_hal_spi.o(i.SPI_AbortTx_ISR), (28 bytes).
    Removing stm32f1xx_hal_spi.o(i.SPI_CloseRxTx_ISR), (144 bytes).
    Removing stm32f1xx_hal_spi.o(i.SPI_CloseRx_ISR), (76 bytes).
    Removing stm32f1xx_hal_spi.o(i.SPI_CloseTx_ISR), (124 bytes).
    Removing stm32f1xx_hal_spi.o(i.SPI_DMAAbortOnError), (16 bytes).
    Removing stm32f1xx_hal_spi.o(i.SPI_DMAError), (34 bytes).
    Removing stm32f1xx_hal_spi.o(i.SPI_DMAHalfReceiveCplt), (10 bytes).
    Removing stm32f1xx_hal_spi.o(i.SPI_DMAHalfTransmitCplt), (10 bytes).
    Removing stm32f1xx_hal_spi.o(i.SPI_DMAHalfTransmitReceiveCplt), (10 bytes).
    Removing stm32f1xx_hal_spi.o(i.SPI_DMAReceiveCplt), (106 bytes).
    Removing stm32f1xx_hal_spi.o(i.SPI_DMARxAbortCallback), (98 bytes).
    Removing stm32f1xx_hal_spi.o(i.SPI_DMATransmitCplt), (100 bytes).
    Removing stm32f1xx_hal_spi.o(i.SPI_DMATransmitReceiveCplt), (90 bytes).
    Removing stm32f1xx_hal_spi.o(i.SPI_DMATxAbortCallback), (112 bytes).
    Removing stm32f1xx_hal_spi.o(i.SPI_EndRxTransaction), (92 bytes).
    Removing stm32f1xx_hal_spi.o(i.SPI_RxISR_16BIT), (32 bytes).
    Removing stm32f1xx_hal_spi.o(i.SPI_RxISR_8BIT), (32 bytes).
    Removing stm32f1xx_hal_spi.o(i.SPI_TxISR_16BIT), (32 bytes).
    Removing stm32f1xx_hal_spi.o(i.SPI_TxISR_8BIT), (32 bytes).
    Removing stm32f1xx_hal_tim.o(.rev16_text), (4 bytes).
    Removing stm32f1xx_hal_tim.o(.revsh_text), (4 bytes).
    Removing stm32f1xx_hal_tim.o(.rrx_text), (6 bytes).
    Removing stm32f1xx_hal_tim_ex.o(.rev16_text), (4 bytes).
    Removing stm32f1xx_hal_tim_ex.o(.revsh_text), (4 bytes).
    Removing stm32f1xx_hal_tim_ex.o(.rrx_text), (6 bytes).
    Removing stm32f1xx_hal_uart.o(.rev16_text), (4 bytes).
    Removing stm32f1xx_hal_uart.o(.revsh_text), (4 bytes).
    Removing stm32f1xx_hal_uart.o(.rrx_text), (6 bytes).
    Removing stm32f1xx_hal_uart.o(i.HAL_HalfDuplex_EnableReceiver), (50 bytes).
    Removing stm32f1xx_hal_uart.o(i.HAL_HalfDuplex_EnableTransmitter), (50 bytes).
    Removing stm32f1xx_hal_uart.o(i.HAL_HalfDuplex_Init), (108 bytes).
    Removing stm32f1xx_hal_uart.o(i.HAL_LIN_Init), (128 bytes).
    Removing stm32f1xx_hal_uart.o(i.HAL_LIN_SendBreak), (46 bytes).
    Removing stm32f1xx_hal_uart.o(i.HAL_MultiProcessor_EnterMuteMode), (46 bytes).
    Removing stm32f1xx_hal_uart.o(i.HAL_MultiProcessor_ExitMuteMode), (46 bytes).
    Removing stm32f1xx_hal_uart.o(i.HAL_MultiProcessor_Init), (142 bytes).
    Removing stm32f1xx_hal_uart.o(i.HAL_UART_Abort), (138 bytes).
    Removing stm32f1xx_hal_uart.o(i.HAL_UART_AbortCpltCallback), (2 bytes).
    Removing stm32f1xx_hal_uart.o(i.HAL_UART_AbortReceive), (88 bytes).
    Removing stm32f1xx_hal_uart.o(i.HAL_UART_AbortReceiveCpltCallback), (2 bytes).
    Removing stm32f1xx_hal_uart.o(i.HAL_UART_AbortReceive_IT), (92 bytes).
    Removing stm32f1xx_hal_uart.o(i.HAL_UART_AbortTransmit), (78 bytes).
    Removing stm32f1xx_hal_uart.o(i.HAL_UART_AbortTransmitCpltCallback), (2 bytes).
    Removing stm32f1xx_hal_uart.o(i.HAL_UART_AbortTransmit_IT), (84 bytes).
    Removing stm32f1xx_hal_uart.o(i.HAL_UART_Abort_IT), (172 bytes).
    Removing stm32f1xx_hal_uart.o(i.HAL_UART_DMAPause), (102 bytes).
    Removing stm32f1xx_hal_uart.o(i.HAL_UART_DMAResume), (94 bytes).
    Removing stm32f1xx_hal_uart.o(i.HAL_UART_DMAStop), (88 bytes).
    Removing stm32f1xx_hal_uart.o(i.HAL_UART_DeInit), (50 bytes).
    Removing stm32f1xx_hal_uart.o(i.HAL_UART_ErrorCallback), (2 bytes).
    Removing stm32f1xx_hal_uart.o(i.HAL_UART_GetError), (4 bytes).
    Removing stm32f1xx_hal_uart.o(i.HAL_UART_GetState), (10 bytes).
    Removing stm32f1xx_hal_uart.o(i.HAL_UART_IRQHandler), (348 bytes).
    Removing stm32f1xx_hal_uart.o(i.HAL_UART_MspDeInit), (2 bytes).
    Removing stm32f1xx_hal_uart.o(i.HAL_UART_MspInit), (2 bytes).
    Removing stm32f1xx_hal_uart.o(i.HAL_UART_Receive), (188 bytes).
    Removing stm32f1xx_hal_uart.o(i.HAL_UART_Receive_DMA), (152 bytes).
    Removing stm32f1xx_hal_uart.o(i.HAL_UART_Receive_IT), (82 bytes).
    Removing stm32f1xx_hal_uart.o(i.HAL_UART_RxCpltCallback), (2 bytes).
    Removing stm32f1xx_hal_uart.o(i.HAL_UART_RxHalfCpltCallback), (2 bytes).
    Removing stm32f1xx_hal_uart.o(i.HAL_UART_Transmit_DMA), (128 bytes).
    Removing stm32f1xx_hal_uart.o(i.HAL_UART_Transmit_IT), (62 bytes).
    Removing stm32f1xx_hal_uart.o(i.HAL_UART_TxCpltCallback), (2 bytes).
    Removing stm32f1xx_hal_uart.o(i.HAL_UART_TxHalfCpltCallback), (2 bytes).
    Removing stm32f1xx_hal_uart.o(i.UART_DMAAbortOnError), (16 bytes).
    Removing stm32f1xx_hal_uart.o(i.UART_DMAError), (74 bytes).
    Removing stm32f1xx_hal_uart.o(i.UART_DMAReceiveCplt), (60 bytes).
    Removing stm32f1xx_hal_uart.o(i.UART_DMARxAbortCallback), (42 bytes).
    Removing stm32f1xx_hal_uart.o(i.UART_DMARxHalfCplt), (10 bytes).
    Removing stm32f1xx_hal_uart.o(i.UART_DMARxOnlyAbortCallback), (20 bytes).
    Removing stm32f1xx_hal_uart.o(i.UART_DMATransmitCplt), (46 bytes).
    Removing stm32f1xx_hal_uart.o(i.UART_DMATxAbortCallback), (42 bytes).
    Removing stm32f1xx_hal_uart.o(i.UART_DMATxHalfCplt), (10 bytes).
    Removing stm32f1xx_hal_uart.o(i.UART_DMATxOnlyAbortCallback), (20 bytes).
    Removing stm32f1xx_hal_uart.o(i.UART_EndRxTransfer), (28 bytes).
    Removing stm32f1xx_hal_uart.o(i.UART_EndTxTransfer), (18 bytes).
    Removing stm32f1xx_hal_uart.o(i.UART_Receive_IT), (140 bytes).
    Removing system_stm32f1xx.o(.rev16_text), (4 bytes).
    Removing system_stm32f1xx.o(.revsh_text), (4 bytes).
    Removing system_stm32f1xx.o(.rrx_text), (6 bytes).
    Removing system_stm32f1xx.o(i.SystemCoreClockUpdate), (104 bytes).
    Removing diskio.o(.rev16_text), (4 bytes).
    Removing diskio.o(.revsh_text), (4 bytes).
    Removing diskio.o(.rrx_text), (6 bytes).
    Removing diskio.o(i.get_fattime), (4 bytes).
    Removing ff.o(.rev16_text), (4 bytes).
    Removing ff.o(.revsh_text), (4 bytes).
    Removing ff.o(.rrx_text), (6 bytes).
    Removing ff.o(i.dir_remove), (54 bytes).
    Removing ff.o(i.f_chmod), (78 bytes).
    Removing ff.o(i.f_closedir), (32 bytes).
    Removing ff.o(i.f_getfree), (200 bytes).
    Removing ff.o(i.f_gets), (72 bytes).
    Removing ff.o(i.f_lseek), (430 bytes).
    Removing ff.o(i.f_mkdir), (352 bytes).
    Removing ff.o(i.f_mkfs), (1334 bytes).
    Removing ff.o(i.f_printf), (490 bytes).
    Removing ff.o(i.f_putc), (60 bytes).
    Removing ff.o(i.f_puts), (70 bytes).
    Removing ff.o(i.f_rename), (256 bytes).
    Removing ff.o(i.f_stat), (60 bytes).
    Removing ff.o(i.f_truncate), (142 bytes).
    Removing ff.o(i.f_unlink), (156 bytes).
    Removing ff.o(i.f_utime), (82 bytes).
    Removing ff.o(i.f_write), (394 bytes).
    Removing ff.o(i.putc_bfd), (70 bytes).
    Removing ff.o(.constdata), (44 bytes).
    Removing ff_gen_drv.o(.rev16_text), (4 bytes).
    Removing ff_gen_drv.o(.revsh_text), (4 bytes).
    Removing ff_gen_drv.o(.rrx_text), (6 bytes).
    Removing ff_gen_drv.o(i.FATFS_GetAttachedDriversNbr), (12 bytes).
    Removing ff_gen_drv.o(i.FATFS_UnLinkDriver), (6 bytes).
    Removing ff_gen_drv.o(i.FATFS_UnLinkDriverEx), (52 bytes).
    Removing syscall.o(.rev16_text), (4 bytes).
    Removing syscall.o(.revsh_text), (4 bytes).
    Removing syscall.o(.rrx_text), (6 bytes).
    Removing fadd.o(.text), (176 bytes).
    Removing fmul.o(.text), (100 bytes).
    Removing fdiv.o(.text), (124 bytes).
    Removing fscalb.o(.text), (24 bytes).
    Removing fflti.o(.text), (18 bytes).
    Removing ffltui.o(.text), (10 bytes).
    Removing dfltui.o(.text), (26 bytes).
    Removing ffixi.o(.text), (50 bytes).
    Removing ffixui.o(.text), (40 bytes).
    Removing dfixui.o(.text), (50 bytes).
    Removing fepilogue.o(.text), (110 bytes).
    Removing depilogue.o(.text), (186 bytes).
    Removing dadd.o(.text), (334 bytes).
    Removing dmul.o(.text), (228 bytes).
    Removing ddiv.o(.text), (222 bytes).
    Removing dsqrt.o(.text), (162 bytes).
    Removing dfixul.o(.text), (48 bytes).
    Removing cdcmple.o(.text), (48 bytes).
    Removing cdrcmple.o(.text), (48 bytes).

394 unused section(s) (total 25208 bytes) removed from the image.

==============================================================================

Image Symbol Table

    Local Symbols

    Symbol Name                              Value     Ov Type        Size  Object(Section)

    ../Core/Src/gpio.c                       0x00000000   Number         0  gpio.o ABSOLUTE
    ../Core/Src/main.c                       0x00000000   Number         0  main.o ABSOLUTE
    ../Core/Src/spi.c                        0x00000000   Number         0  spi.o ABSOLUTE
    ../Core/Src/stm32f1xx_hal_msp.c          0x00000000   Number         0  stm32f1xx_hal_msp.o ABSOLUTE
    ../Core/Src/stm32f1xx_it.c               0x00000000   Number         0  stm32f1xx_it.o ABSOLUTE
    ../Core/Src/system_stm32f1xx.c           0x00000000   Number         0  system_stm32f1xx.o ABSOLUTE
    ../Core/Src/usart.c                      0x00000000   Number         0  usart.o ABSOLUTE
    ../Drivers/STM32F1xx_HAL_Driver/Src/stm32f1xx_hal.c 0x00000000   Number         0  stm32f1xx_hal.o ABSOLUTE
    ../Drivers/STM32F1xx_HAL_Driver/Src/stm32f1xx_hal_cortex.c 0x00000000   Number         0  stm32f1xx_hal_cortex.o ABSOLUTE
    ../Drivers/STM32F1xx_HAL_Driver/Src/stm32f1xx_hal_dma.c 0x00000000   Number         0  stm32f1xx_hal_dma.o ABSOLUTE
    ../Drivers/STM32F1xx_HAL_Driver/Src/stm32f1xx_hal_exti.c 0x00000000   Number         0  stm32f1xx_hal_exti.o ABSOLUTE
    ../Drivers/STM32F1xx_HAL_Driver/Src/stm32f1xx_hal_flash.c 0x00000000   Number         0  stm32f1xx_hal_flash.o ABSOLUTE
    ../Drivers/STM32F1xx_HAL_Driver/Src/stm32f1xx_hal_flash_ex.c 0x00000000   Number         0  stm32f1xx_hal_flash_ex.o ABSOLUTE
    ../Drivers/STM32F1xx_HAL_Driver/Src/stm32f1xx_hal_gpio.c 0x00000000   Number         0  stm32f1xx_hal_gpio.o ABSOLUTE
    ../Drivers/STM32F1xx_HAL_Driver/Src/stm32f1xx_hal_gpio_ex.c 0x00000000   Number         0  stm32f1xx_hal_gpio_ex.o ABSOLUTE
    ../Drivers/STM32F1xx_HAL_Driver/Src/stm32f1xx_hal_pwr.c 0x00000000   Number         0  stm32f1xx_hal_pwr.o ABSOLUTE
    ../Drivers/STM32F1xx_HAL_Driver/Src/stm32f1xx_hal_rcc.c 0x00000000   Number         0  stm32f1xx_hal_rcc.o ABSOLUTE
    ../Drivers/STM32F1xx_HAL_Driver/Src/stm32f1xx_hal_rcc_ex.c 0x00000000   Number         0  stm32f1xx_hal_rcc_ex.o ABSOLUTE
    ../Drivers/STM32F1xx_HAL_Driver/Src/stm32f1xx_hal_spi.c 0x00000000   Number         0  stm32f1xx_hal_spi.o ABSOLUTE
    ../Drivers/STM32F1xx_HAL_Driver/Src/stm32f1xx_hal_tim.c 0x00000000   Number         0  stm32f1xx_hal_tim.o ABSOLUTE
    ../Drivers/STM32F1xx_HAL_Driver/Src/stm32f1xx_hal_tim_ex.c 0x00000000   Number         0  stm32f1xx_hal_tim_ex.o ABSOLUTE
    ../Drivers/STM32F1xx_HAL_Driver/Src/stm32f1xx_hal_uart.c 0x00000000   Number         0  stm32f1xx_hal_uart.o ABSOLUTE
    ../FATFS/App/fatfs.c                     0x00000000   Number         0  fatfs.o ABSOLUTE
    ../FATFS/Target/user_diskio.c            0x00000000   Number         0  user_diskio.o ABSOLUTE
    ../Middlewares/Third_Party/FatFs/src/diskio.c 0x00000000   Number         0  diskio.o ABSOLUTE
    ../Middlewares/Third_Party/FatFs/src/ff.c 0x00000000   Number         0  ff.o ABSOLUTE
    ../Middlewares/Third_Party/FatFs/src/ff_gen_drv.c 0x00000000   Number         0  ff_gen_drv.o ABSOLUTE
    ../Middlewares/Third_Party/FatFs/src/option/syscall.c 0x00000000   Number         0  syscall.o ABSOLUTE
    ../clib/microlib/division.c              0x00000000   Number         0  uidiv.o ABSOLUTE
    ../clib/microlib/division.c              0x00000000   Number         0  uldiv.o ABSOLUTE
    ../clib/microlib/errno.c                 0x00000000   Number         0  errno.o ABSOLUTE
    ../clib/microlib/init/entry.s            0x00000000   Number         0  entry10b.o ABSOLUTE
    ../clib/microlib/init/entry.s            0x00000000   Number         0  entry11a.o ABSOLUTE
    ../clib/microlib/init/entry.s            0x00000000   Number         0  entry5.o ABSOLUTE
    ../clib/microlib/init/entry.s            0x00000000   Number         0  entry11b.o ABSOLUTE
    ../clib/microlib/init/entry.s            0x00000000   Number         0  entry8a.o ABSOLUTE
    ../clib/microlib/init/entry.s            0x00000000   Number         0  entry2.o ABSOLUTE
    ../clib/microlib/init/entry.s            0x00000000   Number         0  entry7a.o ABSOLUTE
    ../clib/microlib/init/entry.s            0x00000000   Number         0  entry7b.o ABSOLUTE
    ../clib/microlib/init/entry.s            0x00000000   Number         0  entry9a.o ABSOLUTE
    ../clib/microlib/init/entry.s            0x00000000   Number         0  entry9b.o ABSOLUTE
    ../clib/microlib/init/entry.s            0x00000000   Number         0  entry10a.o ABSOLUTE
    ../clib/microlib/init/entry.s            0x00000000   Number         0  entry8b.o ABSOLUTE
    ../clib/microlib/init/entry.s            0x00000000   Number         0  entry.o ABSOLUTE
    ../clib/microlib/longlong.c              0x00000000   Number         0  llushr.o ABSOLUTE
    ../clib/microlib/longlong.c              0x00000000   Number         0  llsshr.o ABSOLUTE
    ../clib/microlib/longlong.c              0x00000000   Number         0  llshl.o ABSOLUTE
    ../clib/microlib/malloc/malloc.c         0x00000000   Number         0  malloc.o ABSOLUTE
    ../clib/microlib/malloc/malloc.c         0x00000000   Number         0  mallocr.o ABSOLUTE
    ../clib/microlib/malloc/malloc.c         0x00000000   Number         0  malloca.o ABSOLUTE
    ../clib/microlib/malloc/malloc.c         0x00000000   Number         0  mallocra.o ABSOLUTE
    ../clib/microlib/malloc/mvars.c          0x00000000   Number         0  mvars.o ABSOLUTE
    ../clib/microlib/printf/printf.c         0x00000000   Number         0  printf5.o ABSOLUTE
    ../clib/microlib/printf/printf.c         0x00000000   Number         0  printf8.o ABSOLUTE
    ../clib/microlib/printf/printf.c         0x00000000   Number         0  printfa.o ABSOLUTE
    ../clib/microlib/printf/printf.c         0x00000000   Number         0  printf7.o ABSOLUTE
    ../clib/microlib/printf/printf.c         0x00000000   Number         0  printf6.o ABSOLUTE
    ../clib/microlib/printf/printf.c         0x00000000   Number         0  printfb.o ABSOLUTE
    ../clib/microlib/printf/printf.c         0x00000000   Number         0  printf4.o ABSOLUTE
    ../clib/microlib/printf/printf.c         0x00000000   Number         0  printf3.o ABSOLUTE
    ../clib/microlib/printf/printf.c         0x00000000   Number         0  printf2.o ABSOLUTE
    ../clib/microlib/printf/printf.c         0x00000000   Number         0  printf1.o ABSOLUTE
    ../clib/microlib/printf/printf.c         0x00000000   Number         0  printf0.o ABSOLUTE
    ../clib/microlib/printf/stubs.s          0x00000000   Number         0  stubs.o ABSOLUTE
    ../clib/microlib/string/memcpy.c         0x00000000   Number         0  memcpya.o ABSOLUTE
    ../clib/microlib/string/memcpy.c         0x00000000   Number         0  memcpyb.o ABSOLUTE
    ../clib/microlib/string/memset.c         0x00000000   Number         0  memseta.o ABSOLUTE
    ../clib/microlib/string/strlen.c         0x00000000   Number         0  strlen.o ABSOLUTE
    ../clib/microlib/stubs.s                 0x00000000   Number         0  iusefp.o ABSOLUTE
    ../clib/microlib/stubs.s                 0x00000000   Number         0  useno.o ABSOLUTE
    ../fplib/microlib/fpadd.c                0x00000000   Number         0  dadd.o ABSOLUTE
    ../fplib/microlib/fpadd.c                0x00000000   Number         0  fadd.o ABSOLUTE
    ../fplib/microlib/fpdiv.c                0x00000000   Number         0  fdiv.o ABSOLUTE
    ../fplib/microlib/fpdiv.c                0x00000000   Number         0  ddiv.o ABSOLUTE
    ../fplib/microlib/fpepilogue.c           0x00000000   Number         0  depilogue.o ABSOLUTE
    ../fplib/microlib/fpepilogue.c           0x00000000   Number         0  fepilogue.o ABSOLUTE
    ../fplib/microlib/fpfix.c                0x00000000   Number         0  ffixui.o ABSOLUTE
    ../fplib/microlib/fpfix.c                0x00000000   Number         0  ffixi.o ABSOLUTE
    ../fplib/microlib/fpfix.c                0x00000000   Number         0  dfixul.o ABSOLUTE
    ../fplib/microlib/fpfix.c                0x00000000   Number         0  dfixui.o ABSOLUTE
    ../fplib/microlib/fpflt.c                0x00000000   Number         0  fflti.o ABSOLUTE
    ../fplib/microlib/fpflt.c                0x00000000   Number         0  ffltui.o ABSOLUTE
    ../fplib/microlib/fpflt.c                0x00000000   Number         0  dfltui.o ABSOLUTE
    ../fplib/microlib/fpmul.c                0x00000000   Number         0  dmul.o ABSOLUTE
    ../fplib/microlib/fpmul.c                0x00000000   Number         0  fmul.o ABSOLUTE
    ../fplib/microlib/fpscalb.c              0x00000000   Number         0  fscalb.o ABSOLUTE
    ../fplib/microlib/fpsqrt.c               0x00000000   Number         0  dsqrt.o ABSOLUTE
    ../mathlib/sqrt.c                        0x00000000   Number         0  sqrt.o ABSOLUTE
    ../mathlib/sqrt.c                        0x00000000   Number         0  sqrt_x.o ABSOLUTE
    ..\Core\Src\gpio.c                       0x00000000   Number         0  gpio.o ABSOLUTE
    ..\Core\Src\main.c                       0x00000000   Number         0  main.o ABSOLUTE
    ..\Core\Src\spi.c                        0x00000000   Number         0  spi.o ABSOLUTE
    ..\Core\Src\stm32f1xx_hal_msp.c          0x00000000   Number         0  stm32f1xx_hal_msp.o ABSOLUTE
    ..\Core\Src\stm32f1xx_it.c               0x00000000   Number         0  stm32f1xx_it.o ABSOLUTE
    ..\Core\Src\system_stm32f1xx.c           0x00000000   Number         0  system_stm32f1xx.o ABSOLUTE
    ..\Core\Src\usart.c                      0x00000000   Number         0  usart.o ABSOLUTE
    ..\Drivers\Fonts\Fonts.c                 0x00000000   Number         0  fonts.o ABSOLUTE
    ..\Drivers\LCD\lcd_driver.c              0x00000000   Number         0  lcd_driver.o ABSOLUTE
    ..\Drivers\STM32F1xx_HAL_Driver\Src\stm32f1xx_hal.c 0x00000000   Number         0  stm32f1xx_hal.o ABSOLUTE
    ..\Drivers\STM32F1xx_HAL_Driver\Src\stm32f1xx_hal_cortex.c 0x00000000   Number         0  stm32f1xx_hal_cortex.o ABSOLUTE
    ..\Drivers\STM32F1xx_HAL_Driver\Src\stm32f1xx_hal_dma.c 0x00000000   Number         0  stm32f1xx_hal_dma.o ABSOLUTE
    ..\Drivers\STM32F1xx_HAL_Driver\Src\stm32f1xx_hal_exti.c 0x00000000   Number         0  stm32f1xx_hal_exti.o ABSOLUTE
    ..\Drivers\STM32F1xx_HAL_Driver\Src\stm32f1xx_hal_flash.c 0x00000000   Number         0  stm32f1xx_hal_flash.o ABSOLUTE
    ..\Drivers\STM32F1xx_HAL_Driver\Src\stm32f1xx_hal_flash_ex.c 0x00000000   Number         0  stm32f1xx_hal_flash_ex.o ABSOLUTE
    ..\Drivers\STM32F1xx_HAL_Driver\Src\stm32f1xx_hal_gpio.c 0x00000000   Number         0  stm32f1xx_hal_gpio.o ABSOLUTE
    ..\Drivers\STM32F1xx_HAL_Driver\Src\stm32f1xx_hal_gpio_ex.c 0x00000000   Number         0  stm32f1xx_hal_gpio_ex.o ABSOLUTE
    ..\Drivers\STM32F1xx_HAL_Driver\Src\stm32f1xx_hal_pwr.c 0x00000000   Number         0  stm32f1xx_hal_pwr.o ABSOLUTE
    ..\Drivers\STM32F1xx_HAL_Driver\Src\stm32f1xx_hal_rcc.c 0x00000000   Number         0  stm32f1xx_hal_rcc.o ABSOLUTE
    ..\Drivers\STM32F1xx_HAL_Driver\Src\stm32f1xx_hal_rcc_ex.c 0x00000000   Number         0  stm32f1xx_hal_rcc_ex.o ABSOLUTE
    ..\Drivers\STM32F1xx_HAL_Driver\Src\stm32f1xx_hal_spi.c 0x00000000   Number         0  stm32f1xx_hal_spi.o ABSOLUTE
    ..\Drivers\STM32F1xx_HAL_Driver\Src\stm32f1xx_hal_tim.c 0x00000000   Number         0  stm32f1xx_hal_tim.o ABSOLUTE
    ..\Drivers\STM32F1xx_HAL_Driver\Src\stm32f1xx_hal_tim_ex.c 0x00000000   Number         0  stm32f1xx_hal_tim_ex.o ABSOLUTE
    ..\Drivers\STM32F1xx_HAL_Driver\Src\stm32f1xx_hal_uart.c 0x00000000   Number         0  stm32f1xx_hal_uart.o ABSOLUTE
    ..\Drivers\Touch\Touch.c                 0x00000000   Number         0  touch.o ABSOLUTE
    ..\Drivers\XPT2046\XPT2046.c             0x00000000   Number         0  xpt2046.o ABSOLUTE
    ..\Drivers\diskio_spi\user_diskio_spi.c  0x00000000   Number         0  user_diskio_spi.o ABSOLUTE
    ..\FATFS\App\fatfs.c                     0x00000000   Number         0  fatfs.o ABSOLUTE
    ..\FATFS\Target\fatfs_storage.c          0x00000000   Number         0  fatfs_storage.o ABSOLUTE
    ..\FATFS\Target\user_diskio.c            0x00000000   Number         0  user_diskio.o ABSOLUTE
    ..\Middlewares\Third_Party\FatFs\src\diskio.c 0x00000000   Number         0  diskio.o ABSOLUTE
    ..\Middlewares\Third_Party\FatFs\src\ff.c 0x00000000   Number         0  ff.o ABSOLUTE
    ..\Middlewares\Third_Party\FatFs\src\ff_gen_drv.c 0x00000000   Number         0  ff_gen_drv.o ABSOLUTE
    ..\Middlewares\Third_Party\FatFs\src\option\syscall.c 0x00000000   Number         0  syscall.o ABSOLUTE
    ..\\Drivers\\LCD\\lcd_driver.c           0x00000000   Number         0  lcd_driver.o ABSOLUTE
    ..\\Drivers\\Touch\\Touch.c              0x00000000   Number         0  touch.o ABSOLUTE
    ..\\Drivers\\XPT2046\\XPT2046.c          0x00000000   Number         0  xpt2046.o ABSOLUTE
    ..\\Drivers\\diskio_spi\\user_diskio_spi.c 0x00000000   Number         0  user_diskio_spi.o ABSOLUTE
    ..\\FATFS\\Target\\fatfs_storage.c       0x00000000   Number         0  fatfs_storage.o ABSOLUTE
    cdcmple.s                                0x00000000   Number         0  cdcmple.o ABSOLUTE
    cdrcmple.s                               0x00000000   Number         0  cdrcmple.o ABSOLUTE
    dc.s                                     0x00000000   Number         0  dc.o ABSOLUTE
    handlers.s                               0x00000000   Number         0  handlers.o ABSOLUTE
    init.s                                   0x00000000   Number         0  init.o ABSOLUTE
    startup_stm32f103xb.s                    0x00000000   Number         0  startup_stm32f103xb.o ABSOLUTE
    RESET                                    0x08000000   Section      236  startup_stm32f103xb.o(RESET)
    .ARM.Collect$$$$00000000                 0x080000ec   Section        0  entry.o(.ARM.Collect$$$$00000000)
    .ARM.Collect$$$$00000001                 0x080000ec   Section        4  entry2.o(.ARM.Collect$$$$00000001)
    .ARM.Collect$$$$00000004                 0x080000f0   Section        4  entry5.o(.ARM.Collect$$$$00000004)
    .ARM.Collect$$$$00000008                 0x080000f4   Section        0  entry7b.o(.ARM.Collect$$$$00000008)
    .ARM.Collect$$$$0000000A                 0x080000f4   Section        0  entry8b.o(.ARM.Collect$$$$0000000A)
    .ARM.Collect$$$$0000000B                 0x080000f4   Section        8  entry9a.o(.ARM.Collect$$$$0000000B)
    .ARM.Collect$$$$0000000D                 0x080000fc   Section        0  entry10a.o(.ARM.Collect$$$$0000000D)
    .ARM.Collect$$$$0000000F                 0x080000fc   Section        0  entry11a.o(.ARM.Collect$$$$0000000F)
    .ARM.Collect$$$$00002712                 0x080000fc   Section        4  entry2.o(.ARM.Collect$$$$00002712)
    __lit__00000000                          0x080000fc   Data           4  entry2.o(.ARM.Collect$$$$00002712)
    .text                                    0x08000100   Section       36  startup_stm32f103xb.o(.text)
    .text                                    0x08000124   Section        0  memseta.o(.text)
    .text                                    0x08000148   Section        0  strlen.o(.text)
    .text                                    0x08000156   Section        0  uidiv.o(.text)
    .text                                    0x08000184   Section       36  init.o(.text)
    i.BusFault_Handler                       0x080001a8   Section        0  stm32f1xx_it.o(i.BusFault_Handler)
    i.DebugMon_Handler                       0x080001aa   Section        0  stm32f1xx_it.o(i.DebugMon_Handler)
    i.Error_Handler                          0x080001ac   Section        0  main.o(i.Error_Handler)
    i.FATFS_LinkDriver                       0x080001ae   Section        0  ff_gen_drv.o(i.FATFS_LinkDriver)
    i.FATFS_LinkDriverEx                     0x080001b4   Section        0  ff_gen_drv.o(i.FATFS_LinkDriverEx)
    i.HAL_Delay                              0x080001f4   Section        0  stm32f1xx_hal.o(i.HAL_Delay)
    i.HAL_GPIO_Init                          0x08000218   Section        0  stm32f1xx_hal_gpio.o(i.HAL_GPIO_Init)
    i.HAL_GPIO_WritePin                      0x080003f8   Section        0  stm32f1xx_hal_gpio.o(i.HAL_GPIO_WritePin)
    i.HAL_GetTick                            0x08000404   Section        0  stm32f1xx_hal.o(i.HAL_GetTick)
    i.HAL_IncTick                            0x08000410   Section        0  stm32f1xx_hal.o(i.HAL_IncTick)
    i.HAL_Init                               0x08000420   Section        0  stm32f1xx_hal.o(i.HAL_Init)
    i.HAL_InitTick                           0x08000444   Section        0  stm32f1xx_hal.o(i.HAL_InitTick)
    i.HAL_MspInit                            0x08000484   Section        0  stm32f1xx_hal_msp.o(i.HAL_MspInit)
    i.HAL_NVIC_SetPriority                   0x080004c0   Section        0  stm32f1xx_hal_cortex.o(i.HAL_NVIC_SetPriority)
    i.HAL_NVIC_SetPriorityGrouping           0x08000500   Section        0  stm32f1xx_hal_cortex.o(i.HAL_NVIC_SetPriorityGrouping)
    i.HAL_RCC_ClockConfig                    0x08000524   Section        0  stm32f1xx_hal_rcc.o(i.HAL_RCC_ClockConfig)
    i.HAL_RCC_GetPCLK1Freq                   0x08000650   Section        0  stm32f1xx_hal_rcc.o(i.HAL_RCC_GetPCLK1Freq)
    i.HAL_RCC_GetPCLK2Freq                   0x08000670   Section        0  stm32f1xx_hal_rcc.o(i.HAL_RCC_GetPCLK2Freq)
    i.HAL_RCC_GetSysClockFreq                0x08000690   Section        0  stm32f1xx_hal_rcc.o(i.HAL_RCC_GetSysClockFreq)
    i.HAL_RCC_OscConfig                      0x080006fc   Section        0  stm32f1xx_hal_rcc.o(i.HAL_RCC_OscConfig)
    i.HAL_SPI_Init                           0x08000a1c   Section        0  stm32f1xx_hal_spi.o(i.HAL_SPI_Init)
    i.HAL_SPI_MspInit                        0x08000ad0   Section        0  spi.o(i.HAL_SPI_MspInit)
    i.HAL_SPI_Transmit                       0x08000b40   Section        0  stm32f1xx_hal_spi.o(i.HAL_SPI_Transmit)
    i.HAL_SPI_TransmitReceive                0x08000ca6   Section        0  stm32f1xx_hal_spi.o(i.HAL_SPI_TransmitReceive)
    i.HAL_SYSTICK_Config                     0x08000e88   Section        0  stm32f1xx_hal_cortex.o(i.HAL_SYSTICK_Config)
    i.HAL_UART_Init                          0x08000eb0   Section        0  stm32f1xx_hal_uart.o(i.HAL_UART_Init)
    i.HAL_UART_MspInit                       0x08000f14   Section        0  usart.o(i.HAL_UART_MspInit)
    i.HAL_UART_Transmit                      0x08000f84   Section        0  stm32f1xx_hal_uart.o(i.HAL_UART_Transmit)
    i.HardFault_Handler                      0x08001036   Section        0  stm32f1xx_it.o(i.HardFault_Handler)
    i.MX_FATFS_Init                          0x08001038   Section        0  fatfs.o(i.MX_FATFS_Init)
    i.MX_GPIO_Init                           0x08001054   Section        0  gpio.o(i.MX_GPIO_Init)
    i.MX_SPI1_Init                           0x0800114c   Section        0  spi.o(i.MX_SPI1_Init)
    i.MX_USART2_UART_Init                    0x08001194   Section        0  usart.o(i.MX_USART2_UART_Init)
    i.MemManage_Handler                      0x080011cc   Section        0  stm32f1xx_it.o(i.MemManage_Handler)
    i.NMI_Handler                            0x080011ce   Section        0  stm32f1xx_it.o(i.NMI_Handler)
    i.PendSV_Handler                         0x080011d0   Section        0  stm32f1xx_it.o(i.PendSV_Handler)
    i.SPI_EndRxTxTransaction                 0x080011d2   Section        0  stm32f1xx_hal_spi.o(i.SPI_EndRxTxTransaction)
    SPI_EndRxTxTransaction                   0x080011d3   Thumb Code    32  stm32f1xx_hal_spi.o(i.SPI_EndRxTxTransaction)
    i.SPI_Timer_On                           0x080011f4   Section        0  user_diskio_spi.o(i.SPI_Timer_On)
    i.SPI_Timer_Status                       0x0800120c   Section        0  user_diskio_spi.o(i.SPI_Timer_Status)
    i.SPI_WaitFlagStateUntilTimeout          0x0800122c   Section        0  stm32f1xx_hal_spi.o(i.SPI_WaitFlagStateUntilTimeout)
    SPI_WaitFlagStateUntilTimeout            0x0800122d   Thumb Code   180  stm32f1xx_hal_spi.o(i.SPI_WaitFlagStateUntilTimeout)
    i.SVC_Handler                            0x080012e4   Section        0  stm32f1xx_it.o(i.SVC_Handler)
    i.Storage_CheckBitmapFile                0x080012e8   Section        0  fatfs_storage.o(i.Storage_CheckBitmapFile)
    i.Storage_GetDirectoryBitmapFiles        0x08001308   Section        0  fatfs_storage.o(i.Storage_GetDirectoryBitmapFiles)
    i.Storage_OpenReadFile                   0x08001390   Section        0  fatfs_storage.o(i.Storage_OpenReadFile)
    i.SysTick_Handler                        0x08001468   Section        0  stm32f1xx_it.o(i.SysTick_Handler)
    i.SystemClock_Config                     0x0800146c   Section        0  main.o(i.SystemClock_Config)
    i.SystemInit                             0x080014ba   Section        0  system_stm32f1xx.o(i.SystemInit)
    i.UART_SetConfig                         0x080014bc   Section        0  stm32f1xx_hal_uart.o(i.UART_SetConfig)
    UART_SetConfig                           0x080014bd   Thumb Code   178  stm32f1xx_hal_uart.o(i.UART_SetConfig)
    i.UART_WaitOnFlagUntilTimeout            0x08001574   Section        0  stm32f1xx_hal_uart.o(i.UART_WaitOnFlagUntilTimeout)
    UART_WaitOnFlagUntilTimeout              0x08001575   Thumb Code   100  stm32f1xx_hal_uart.o(i.UART_WaitOnFlagUntilTimeout)
    i.USER_SPI_initialize                    0x080015d8   Section        0  user_diskio_spi.o(i.USER_SPI_initialize)
    i.USER_SPI_ioctl                         0x08001700   Section        0  user_diskio_spi.o(i.USER_SPI_ioctl)
    i.USER_SPI_read                          0x080018c0   Section        0  user_diskio_spi.o(i.USER_SPI_read)
    i.USER_SPI_status                        0x08001940   Section        0  user_diskio_spi.o(i.USER_SPI_status)
    i.USER_SPI_write                         0x08001950   Section        0  user_diskio_spi.o(i.USER_SPI_write)
    i.USER_initialize                        0x080019ec   Section        0  user_diskio.o(i.USER_initialize)
    i.USER_ioctl                             0x080019f0   Section        0  user_diskio.o(i.USER_ioctl)
    i.USER_read                              0x080019f4   Section        0  user_diskio.o(i.USER_read)
    i.USER_status                            0x080019f8   Section        0  user_diskio.o(i.USER_status)
    i.USER_write                             0x080019fc   Section        0  user_diskio.o(i.USER_write)
    i.UsageFault_Handler                     0x08001a00   Section        0  stm32f1xx_it.o(i.UsageFault_Handler)
    i.__0printf$6                            0x08001a04   Section        0  printf6.o(i.__0printf$6)
    i.__0sprintf$6                           0x08001a24   Section        0  printf6.o(i.__0sprintf$6)
    i.__NVIC_SetPriority                     0x08001a4c   Section        0  stm32f1xx_hal_cortex.o(i.__NVIC_SetPriority)
    __NVIC_SetPriority                       0x08001a4d   Thumb Code    32  stm32f1xx_hal_cortex.o(i.__NVIC_SetPriority)
    i.__scatterload_copy                     0x08001a6c   Section       14  handlers.o(i.__scatterload_copy)
    i.__scatterload_null                     0x08001a7a   Section        2  handlers.o(i.__scatterload_null)
    i.__scatterload_zeroinit                 0x08001a7c   Section       14  handlers.o(i.__scatterload_zeroinit)
    i._printf_core                           0x08001a8c   Section        0  printf6.o(i._printf_core)
    _printf_core                             0x08001a8d   Thumb Code   748  printf6.o(i._printf_core)
    i._printf_post_padding                   0x08001d7c   Section        0  printf6.o(i._printf_post_padding)
    _printf_post_padding                     0x08001d7d   Thumb Code    36  printf6.o(i._printf_post_padding)
    i._printf_pre_padding                    0x08001da0   Section        0  printf6.o(i._printf_pre_padding)
    _printf_pre_padding                      0x08001da1   Thumb Code    46  printf6.o(i._printf_pre_padding)
    i._sputc                                 0x08001dce   Section        0  printf6.o(i._sputc)
    _sputc                                   0x08001dcf   Thumb Code    10  printf6.o(i._sputc)
    i.check_fs                               0x08001dd8   Section        0  ff.o(i.check_fs)
    check_fs                                 0x08001dd9   Thumb Code    90  ff.o(i.check_fs)
    i.chk_lock                               0x08001e38   Section        0  ff.o(i.chk_lock)
    chk_lock                                 0x08001e39   Thumb Code    96  ff.o(i.chk_lock)
    i.clear_lock                             0x08001e9c   Section        0  ff.o(i.clear_lock)
    clear_lock                               0x08001e9d   Thumb Code    32  ff.o(i.clear_lock)
    i.clmt_clust                             0x08001ec0   Section        0  ff.o(i.clmt_clust)
    clmt_clust                               0x08001ec1   Thumb Code    38  ff.o(i.clmt_clust)
    i.clust2sect                             0x08001ee6   Section        0  ff.o(i.clust2sect)
    i.create_chain                           0x08001f04   Section        0  ff.o(i.create_chain)
    create_chain                             0x08001f05   Thumb Code   176  ff.o(i.create_chain)
    i.create_name                            0x08001fb4   Section        0  ff.o(i.create_name)
    create_name                              0x08001fb5   Thumb Code   220  ff.o(i.create_name)
    i.dec_lock                               0x080020a0   Section        0  ff.o(i.dec_lock)
    dec_lock                                 0x080020a1   Thumb Code    54  ff.o(i.dec_lock)
    i.despiselect                            0x080020dc   Section        0  user_diskio_spi.o(i.despiselect)
    despiselect                              0x080020dd   Thumb Code    22  user_diskio_spi.o(i.despiselect)
    i.dir_next                               0x080020f8   Section        0  ff.o(i.dir_next)
    dir_next                                 0x080020f9   Thumb Code   244  ff.o(i.dir_next)
    i.dir_read                               0x080021ec   Section        0  ff.o(i.dir_read)
    dir_read                                 0x080021ed   Thumb Code    92  ff.o(i.dir_read)
    i.dir_register                           0x08002248   Section        0  ff.o(i.dir_register)
    dir_register                             0x08002249   Thumb Code   102  ff.o(i.dir_register)
    i.dir_sdi                                0x080022b0   Section        0  ff.o(i.dir_sdi)
    dir_sdi                                  0x080022b1   Thumb Code   136  ff.o(i.dir_sdi)
    i.disk_initialize                        0x08002338   Section        0  diskio.o(i.disk_initialize)
    i.disk_ioctl                             0x08002360   Section        0  diskio.o(i.disk_ioctl)
    i.disk_read                              0x0800237c   Section        0  diskio.o(i.disk_read)
    i.disk_status                            0x08002398   Section        0  diskio.o(i.disk_status)
    i.disk_write                             0x080023b0   Section        0  diskio.o(i.disk_write)
    i.display_images                         0x080023cc   Section        0  main.o(i.display_images)
    display_images                           0x080023cd   Thumb Code   154  main.o(i.display_images)
    i.f_close                                0x080024ec   Section        0  ff.o(i.f_close)
    i.f_mount                                0x08002514   Section        0  ff.o(i.f_mount)
    i.f_open                                 0x08002570   Section        0  ff.o(i.f_open)
    i.f_opendir                              0x08002704   Section        0  ff.o(i.f_opendir)
    i.f_read                                 0x08002786   Section        0  ff.o(i.f_read)
    i.f_readdir                              0x080028b8   Section        0  ff.o(i.f_readdir)
    i.f_sync                                 0x08002906   Section        0  ff.o(i.f_sync)
    i.find_volume                            0x08002980   Section        0  ff.o(i.find_volume)
    find_volume                              0x08002981   Thumb Code   588  ff.o(i.find_volume)
    i.follow_path                            0x08002bd8   Section        0  ff.o(i.follow_path)
    follow_path                              0x08002bd9   Thumb Code   170  ff.o(i.follow_path)
    i.fputc                                  0x08002c84   Section        0  usart.o(i.fputc)
    i.get_fat                                0x08002c9c   Section        0  ff.o(i.get_fat)
    i.get_fattime                            0x08002d5e   Section        0  fatfs.o(i.get_fattime)
    i.get_fileinfo                           0x08002d62   Section        0  ff.o(i.get_fileinfo)
    get_fileinfo                             0x08002d63   Thumb Code    76  ff.o(i.get_fileinfo)
    i.get_ldnumber                           0x08002dae   Section        0  ff.o(i.get_ldnumber)
    get_ldnumber                             0x08002daf   Thumb Code    60  ff.o(i.get_ldnumber)
    i.inc_lock                               0x08002dec   Section        0  ff.o(i.inc_lock)
    inc_lock                                 0x08002ded   Thumb Code   146  ff.o(i.inc_lock)
    i.lcd_clear_screen                       0x08002e84   Section        0  lcd_driver.o(i.lcd_clear_screen)
    i.lcd_display_char                       0x08002f44   Section        0  lcd_driver.o(i.lcd_display_char)
    i.lcd_display_string                     0x08002fdc   Section        0  lcd_driver.o(i.lcd_display_string)
    i.lcd_draw_point                         0x08003034   Section        0  lcd_driver.o(i.lcd_draw_point)
    i.lcd_init                               0x08003064   Section        0  lcd_driver.o(i.lcd_init)
    i.lcd_read_id                            0x08003424   Section        0  lcd_driver.o(i.lcd_read_id)
    i.lcd_set_cursor                         0x08003484   Section        0  lcd_driver.o(i.lcd_set_cursor)
    i.lcd_write_byte                         0x08003550   Section        0  lcd_driver.o(i.lcd_write_byte)
    i.lcd_write_register                     0x08003598   Section        0  lcd_driver.o(i.lcd_write_register)
    lcd_write_register                       0x08003599   Thumb Code    22  lcd_driver.o(i.lcd_write_register)
    i.lcd_write_word                         0x080035b0   Section        0  lcd_driver.o(i.lcd_write_word)
    i.ld_clust                               0x08003604   Section        0  ff.o(i.ld_clust)
    ld_clust                                 0x08003605   Thumb Code    20  ff.o(i.ld_clust)
    i.main                                   0x08003618   Section        0  main.o(i.main)
    i.malloc                                 0x0800368c   Section        0  malloc.o(i.malloc)
    i.mem_cpy                                0x080036f8   Section        0  ff.o(i.mem_cpy)
    mem_cpy                                  0x080036f9   Thumb Code    18  ff.o(i.mem_cpy)
    i.mem_set                                0x0800370a   Section        0  ff.o(i.mem_set)
    mem_set                                  0x0800370b   Thumb Code    14  ff.o(i.mem_set)
    i.move_window                            0x08003718   Section        0  ff.o(i.move_window)
    move_window                              0x08003719   Thumb Code    54  ff.o(i.move_window)
    i.put_fat                                0x0800374e   Section        0  ff.o(i.put_fat)
    i.rcvr_datablock                         0x08003848   Section        0  user_diskio_spi.o(i.rcvr_datablock)
    rcvr_datablock                           0x08003849   Thumb Code    78  user_diskio_spi.o(i.rcvr_datablock)
    i.remove_chain                           0x08003896   Section        0  ff.o(i.remove_chain)
    remove_chain                             0x08003897   Thumb Code   110  ff.o(i.remove_chain)
    i.send_cmd                               0x08003904   Section        0  user_diskio_spi.o(i.send_cmd)
    send_cmd                                 0x08003905   Thumb Code   134  user_diskio_spi.o(i.send_cmd)
    i.setRotation                            0x0800398c   Section        0  lcd_driver.o(i.setRotation)
    i.spiselect                              0x08003a70   Section        0  user_diskio_spi.o(i.spiselect)
    spiselect                                0x08003a71   Thumb Code    42  user_diskio_spi.o(i.spiselect)
    i.st_clust                               0x08003aa0   Section        0  ff.o(i.st_clust)
    st_clust                                 0x08003aa1   Thumb Code    16  ff.o(i.st_clust)
    i.sync_fs                                0x08003ab0   Section        0  ff.o(i.sync_fs)
    sync_fs                                  0x08003ab1   Thumb Code   182  ff.o(i.sync_fs)
    i.sync_window                            0x08003b66   Section        0  ff.o(i.sync_window)
    sync_window                              0x08003b67   Thumb Code    96  ff.o(i.sync_window)
    i.validate                               0x08003bc6   Section        0  ff.o(i.validate)
    validate                                 0x08003bc7   Thumb Code    40  ff.o(i.validate)
    i.wait_ready                             0x08003bee   Section        0  user_diskio_spi.o(i.wait_ready)
    wait_ready                               0x08003bef   Thumb Code    38  user_diskio_spi.o(i.wait_ready)
    i.xchg_spi                               0x08003c14   Section        0  user_diskio_spi.o(i.xchg_spi)
    xchg_spi                                 0x08003c15   Thumb Code    26  user_diskio_spi.o(i.xchg_spi)
    i.xmit_datablock                         0x08003c34   Section        0  user_diskio_spi.o(i.xmit_datablock)
    xmit_datablock                           0x08003c35   Thumb Code    80  user_diskio_spi.o(i.xmit_datablock)
    .constdata                               0x08003c84   Section     1140  fonts.o(.constdata)
    .constdata                               0x080040f8   Section     1520  fonts.o(.constdata)
    .constdata                               0x080046e8   Section       16  system_stm32f1xx.o(.constdata)
    .constdata                               0x080046f8   Section        8  system_stm32f1xx.o(.constdata)
    .data                                    0x20000000   Section        2  lcd_driver.o(.data)
    .data                                    0x20000004   Section       12  user_diskio_spi.o(.data)
    Stat                                     0x20000004   Data           1  user_diskio_spi.o(.data)
    CardType                                 0x20000005   Data           1  user_diskio_spi.o(.data)
    .data                                    0x20000010   Section        8  fatfs_storage.o(.data)
    .data                                    0x20000018   Section        4  usart.o(.data)
    .data                                    0x2000001c   Section       20  user_diskio.o(.data)
    .data                                    0x20000030   Section        5  fatfs.o(.data)
    .data                                    0x20000038   Section       12  stm32f1xx_hal.o(.data)
    .data                                    0x20000044   Section        4  system_stm32f1xx.o(.data)
    .data                                    0x20000048   Section        8  ff.o(.data)
    Fsid                                     0x20000048   Data           2  ff.o(.data)
    FatFs                                    0x2000004c   Data           4  ff.o(.data)
    .data                                    0x20000050   Section        4  mvars.o(.data)
    .data                                    0x20000054   Section        4  mvars.o(.data)
    .bss                                     0x20000058   Section     1060  fatfs_storage.o(.bss)
    .bss                                     0x2000047c   Section      680  main.o(.bss)
    .bss                                     0x20000724   Section       88  spi.o(.bss)
    .bss                                     0x2000077c   Section       64  usart.o(.bss)
    .bss                                     0x200007bc   Section       24  ff.o(.bss)
    Files                                    0x200007bc   Data          24  ff.o(.bss)
    .bss                                     0x200007d4   Section       12  ff_gen_drv.o(.bss)
    HEAP                                     0x200007e0   Section      512  startup_stm32f103xb.o(HEAP)
    STACK                                    0x200009e0   Section     4096  startup_stm32f103xb.o(STACK)

    Global Symbols

    Symbol Name                              Value     Ov Type        Size  Object(Section)

    BuildAttributes$$THM_ISAv4$P$D$K$B$S$PE$A:L22UL41UL21$X:L11$S22US41US21$IEEE1$IW$USESV6$~STKCKD$USESV7$~SHL$OTIME$ROPI$IEEEJ$EBA8$MICROLIB$REQ8$PRES8$EABIv2 0x00000000   Number         0  anon$$obj.o ABSOLUTE
    __ARM_use_no_argv                        0x00000000   Number         0  main.o ABSOLUTE
    __use_no_errno                           0x00000000   Number         0  useno.o ABSOLUTE
    __use_no_exception_handling              0x00000000   Number         0  useno.o ABSOLUTE
    __use_no_fp                              0x00000000   Number         0  useno.o ABSOLUTE
    __use_no_heap                            0x00000000   Number         0  useno.o ABSOLUTE
    __use_no_heap_region                     0x00000000   Number         0  useno.o ABSOLUTE
    __use_no_semihosting                     0x00000000   Number         0  useno.o ABSOLUTE
    __use_no_semihosting_swi                 0x00000000   Number         0  useno.o ABSOLUTE
    __use_no_signal_handling                 0x00000000   Number         0  useno.o ABSOLUTE
    _printf_a                                0x00000000   Number         0  stubs.o ABSOLUTE
    _printf_c                                0x00000000   Number         0  stubs.o ABSOLUTE
    _printf_charcount                        0x00000000   Number         0  stubs.o ABSOLUTE
    _printf_d                                0x00000000   Number         0  stubs.o ABSOLUTE
    _printf_e                                0x00000000   Number         0  stubs.o ABSOLUTE
    _printf_f                                0x00000000   Number         0  stubs.o ABSOLUTE
    _printf_flags                            0x00000000   Number         0  stubs.o ABSOLUTE
    _printf_fp_dec                           0x00000000   Number         0  stubs.o ABSOLUTE
    _printf_fp_hex                           0x00000000   Number         0  stubs.o ABSOLUTE
    _printf_g                                0x00000000   Number         0  stubs.o ABSOLUTE
    _printf_i                                0x00000000   Number         0  stubs.o ABSOLUTE
    _printf_int_dec                          0x00000000   Number         0  stubs.o ABSOLUTE
    _printf_l                                0x00000000   Number         0  stubs.o ABSOLUTE
    _printf_lc                               0x00000000   Number         0  stubs.o ABSOLUTE
    _printf_ll                               0x00000000   Number         0  stubs.o ABSOLUTE
    _printf_lld                              0x00000000   Number         0  stubs.o ABSOLUTE
    _printf_lli                              0x00000000   Number         0  stubs.o ABSOLUTE
    _printf_llo                              0x00000000   Number         0  stubs.o ABSOLUTE
    _printf_llu                              0x00000000   Number         0  stubs.o ABSOLUTE
    _printf_llx                              0x00000000   Number         0  stubs.o ABSOLUTE
    _printf_longlong_dec                     0x00000000   Number         0  stubs.o ABSOLUTE
    _printf_longlong_hex                     0x00000000   Number         0  stubs.o ABSOLUTE
    _printf_longlong_oct                     0x00000000   Number         0  stubs.o ABSOLUTE
    _printf_ls                               0x00000000   Number         0  stubs.o ABSOLUTE
    _printf_mbtowc                           0x00000000   Number         0  stubs.o ABSOLUTE
    _printf_n                                0x00000000   Number         0  stubs.o ABSOLUTE
    _printf_o                                0x00000000   Number         0  stubs.o ABSOLUTE
    _printf_p                                0x00000000   Number         0  stubs.o ABSOLUTE
    _printf_percent                          0x00000000   Number         0  stubs.o ABSOLUTE
    _printf_pre_padding                      0x00000000   Number         0  stubs.o ABSOLUTE
    _printf_return_value                     0x00000000   Number         0  stubs.o ABSOLUTE
    _printf_s                                0x00000000   Number         0  stubs.o ABSOLUTE
    _printf_sizespec                         0x00000000   Number         0  stubs.o ABSOLUTE
    _printf_str                              0x00000000   Number         0  stubs.o ABSOLUTE
    _printf_truncate_signed                  0x00000000   Number         0  stubs.o ABSOLUTE
    _printf_truncate_unsigned                0x00000000   Number         0  stubs.o ABSOLUTE
    _printf_u                                0x00000000   Number         0  stubs.o ABSOLUTE
    _printf_wc                               0x00000000   Number         0  stubs.o ABSOLUTE
    _printf_wctomb                           0x00000000   Number         0  stubs.o ABSOLUTE
    _printf_widthprec                        0x00000000   Number         0  stubs.o ABSOLUTE
    _printf_x                                0x00000000   Number         0  stubs.o ABSOLUTE
    __cpp_initialize__aeabi_                  - Undefined Weak Reference
    __cxa_finalize                            - Undefined Weak Reference
    __decompress                              - Undefined Weak Reference
    _clock_init                               - Undefined Weak Reference
    _microlib_exit                            - Undefined Weak Reference
    __Vectors_Size                           0x000000ec   Number         0  startup_stm32f103xb.o ABSOLUTE
    __Vectors                                0x08000000   Data           4  startup_stm32f103xb.o(RESET)
    __Vectors_End                            0x080000ec   Data           0  startup_stm32f103xb.o(RESET)
    __main                                   0x080000ed   Thumb Code     0  entry.o(.ARM.Collect$$$$00000000)
    _main_stk                                0x080000ed   Thumb Code     0  entry2.o(.ARM.Collect$$$$00000001)
    _main_scatterload                        0x080000f1   Thumb Code     0  entry5.o(.ARM.Collect$$$$00000004)
    __main_after_scatterload                 0x080000f5   Thumb Code     0  entry5.o(.ARM.Collect$$$$00000004)
    _main_clock                              0x080000f5   Thumb Code     0  entry7b.o(.ARM.Collect$$$$00000008)
    _main_cpp_init                           0x080000f5   Thumb Code     0  entry8b.o(.ARM.Collect$$$$0000000A)
    _main_init                               0x080000f5   Thumb Code     0  entry9a.o(.ARM.Collect$$$$0000000B)
    __rt_final_cpp                           0x080000fd   Thumb Code     0  entry10a.o(.ARM.Collect$$$$0000000D)
    __rt_final_exit                          0x080000fd   Thumb Code     0  entry11a.o(.ARM.Collect$$$$0000000F)
    Reset_Handler                            0x08000101   Thumb Code     8  startup_stm32f103xb.o(.text)
    ADC1_2_IRQHandler                        0x0800011b   Thumb Code     0  startup_stm32f103xb.o(.text)
    CAN1_RX1_IRQHandler                      0x0800011b   Thumb Code     0  startup_stm32f103xb.o(.text)
    CAN1_SCE_IRQHandler                      0x0800011b   Thumb Code     0  startup_stm32f103xb.o(.text)
    DMA1_Channel1_IRQHandler                 0x0800011b   Thumb Code     0  startup_stm32f103xb.o(.text)
    DMA1_Channel2_IRQHandler                 0x0800011b   Thumb Code     0  startup_stm32f103xb.o(.text)
    DMA1_Channel3_IRQHandler                 0x0800011b   Thumb Code     0  startup_stm32f103xb.o(.text)
    DMA1_Channel4_IRQHandler                 0x0800011b   Thumb Code     0  startup_stm32f103xb.o(.text)
    DMA1_Channel5_IRQHandler                 0x0800011b   Thumb Code     0  startup_stm32f103xb.o(.text)
    DMA1_Channel6_IRQHandler                 0x0800011b   Thumb Code     0  startup_stm32f103xb.o(.text)
    DMA1_Channel7_IRQHandler                 0x0800011b   Thumb Code     0  startup_stm32f103xb.o(.text)
    EXTI0_IRQHandler                         0x0800011b   Thumb Code     0  startup_stm32f103xb.o(.text)
    EXTI15_10_IRQHandler                     0x0800011b   Thumb Code     0  startup_stm32f103xb.o(.text)
    EXTI1_IRQHandler                         0x0800011b   Thumb Code     0  startup_stm32f103xb.o(.text)
    EXTI2_IRQHandler                         0x0800011b   Thumb Code     0  startup_stm32f103xb.o(.text)
    EXTI3_IRQHandler                         0x0800011b   Thumb Code     0  startup_stm32f103xb.o(.text)
    EXTI4_IRQHandler                         0x0800011b   Thumb Code     0  startup_stm32f103xb.o(.text)
    EXTI9_5_IRQHandler                       0x0800011b   Thumb Code     0  startup_stm32f103xb.o(.text)
    FLASH_IRQHandler                         0x0800011b   Thumb Code     0  startup_stm32f103xb.o(.text)
    I2C1_ER_IRQHandler                       0x0800011b   Thumb Code     0  startup_stm32f103xb.o(.text)
    I2C1_EV_IRQHandler                       0x0800011b   Thumb Code     0  startup_stm32f103xb.o(.text)
    I2C2_ER_IRQHandler                       0x0800011b   Thumb Code     0  startup_stm32f103xb.o(.text)
    I2C2_EV_IRQHandler                       0x0800011b   Thumb Code     0  startup_stm32f103xb.o(.text)
    PVD_IRQHandler                           0x0800011b   Thumb Code     0  startup_stm32f103xb.o(.text)
    RCC_IRQHandler                           0x0800011b   Thumb Code     0  startup_stm32f103xb.o(.text)
    RTC_Alarm_IRQHandler                     0x0800011b   Thumb Code     0  startup_stm32f103xb.o(.text)
    RTC_IRQHandler                           0x0800011b   Thumb Code     0  startup_stm32f103xb.o(.text)
    SPI1_IRQHandler                          0x0800011b   Thumb Code     0  startup_stm32f103xb.o(.text)
    SPI2_IRQHandler                          0x0800011b   Thumb Code     0  startup_stm32f103xb.o(.text)
    TAMPER_IRQHandler                        0x0800011b   Thumb Code     0  startup_stm32f103xb.o(.text)
    TIM1_BRK_IRQHandler                      0x0800011b   Thumb Code     0  startup_stm32f103xb.o(.text)
    TIM1_CC_IRQHandler                       0x0800011b   Thumb Code     0  startup_stm32f103xb.o(.text)
    TIM1_TRG_COM_IRQHandler                  0x0800011b   Thumb Code     0  startup_stm32f103xb.o(.text)
    TIM1_UP_IRQHandler                       0x0800011b   Thumb Code     0  startup_stm32f103xb.o(.text)
    TIM2_IRQHandler                          0x0800011b   Thumb Code     0  startup_stm32f103xb.o(.text)
    TIM3_IRQHandler                          0x0800011b   Thumb Code     0  startup_stm32f103xb.o(.text)
    TIM4_IRQHandler                          0x0800011b   Thumb Code     0  startup_stm32f103xb.o(.text)
    USART1_IRQHandler                        0x0800011b   Thumb Code     0  startup_stm32f103xb.o(.text)
    USART2_IRQHandler                        0x0800011b   Thumb Code     0  startup_stm32f103xb.o(.text)
    USART3_IRQHandler                        0x0800011b   Thumb Code     0  startup_stm32f103xb.o(.text)
    USBWakeUp_IRQHandler                     0x0800011b   Thumb Code     0  startup_stm32f103xb.o(.text)
    USB_HP_CAN1_TX_IRQHandler                0x0800011b   Thumb Code     0  startup_stm32f103xb.o(.text)
    USB_LP_CAN1_RX0_IRQHandler               0x0800011b   Thumb Code     0  startup_stm32f103xb.o(.text)
    WWDG_IRQHandler                          0x0800011b   Thumb Code     0  startup_stm32f103xb.o(.text)
    __aeabi_memset                           0x08000125   Thumb Code    14  memseta.o(.text)
    __aeabi_memset4                          0x08000125   Thumb Code     0  memseta.o(.text)
    __aeabi_memset8                          0x08000125   Thumb Code     0  memseta.o(.text)
    __aeabi_memclr                           0x08000133   Thumb Code     4  memseta.o(.text)
    __aeabi_memclr4                          0x08000133   Thumb Code     0  memseta.o(.text)
    __aeabi_memclr8                          0x08000133   Thumb Code     0  memseta.o(.text)
    _memset$wrapper                          0x08000137   Thumb Code    18  memseta.o(.text)
    strlen                                   0x08000149   Thumb Code    14  strlen.o(.text)
    __aeabi_uidiv                            0x08000157   Thumb Code     0  uidiv.o(.text)
    __aeabi_uidivmod                         0x08000157   Thumb Code    44  uidiv.o(.text)
    __scatterload                            0x08000185   Thumb Code    28  init.o(.text)
    __scatterload_rt2                        0x08000185   Thumb Code     0  init.o(.text)
    BusFault_Handler                         0x080001a9   Thumb Code     2  stm32f1xx_it.o(i.BusFault_Handler)
    DebugMon_Handler                         0x080001ab   Thumb Code     2  stm32f1xx_it.o(i.DebugMon_Handler)
    Error_Handler                            0x080001ad   Thumb Code     2  main.o(i.Error_Handler)
    FATFS_LinkDriver                         0x080001af   Thumb Code     6  ff_gen_drv.o(i.FATFS_LinkDriver)
    FATFS_LinkDriverEx                       0x080001b5   Thumb Code    60  ff_gen_drv.o(i.FATFS_LinkDriverEx)
    HAL_Delay                                0x080001f5   Thumb Code    32  stm32f1xx_hal.o(i.HAL_Delay)
    HAL_GPIO_Init                            0x08000219   Thumb Code   446  stm32f1xx_hal_gpio.o(i.HAL_GPIO_Init)
    HAL_GPIO_WritePin                        0x080003f9   Thumb Code    10  stm32f1xx_hal_gpio.o(i.HAL_GPIO_WritePin)
    HAL_GetTick                              0x08000405   Thumb Code     6  stm32f1xx_hal.o(i.HAL_GetTick)
    HAL_IncTick                              0x08000411   Thumb Code    12  stm32f1xx_hal.o(i.HAL_IncTick)
    HAL_Init                                 0x08000421   Thumb Code    32  stm32f1xx_hal.o(i.HAL_Init)
    HAL_InitTick                             0x08000445   Thumb Code    54  stm32f1xx_hal.o(i.HAL_InitTick)
    HAL_MspInit                              0x08000485   Thumb Code    52  stm32f1xx_hal_msp.o(i.HAL_MspInit)
    HAL_NVIC_SetPriority                     0x080004c1   Thumb Code    60  stm32f1xx_hal_cortex.o(i.HAL_NVIC_SetPriority)
    HAL_NVIC_SetPriorityGrouping             0x08000501   Thumb Code    26  stm32f1xx_hal_cortex.o(i.HAL_NVIC_SetPriorityGrouping)
    HAL_RCC_ClockConfig                      0x08000525   Thumb Code   280  stm32f1xx_hal_rcc.o(i.HAL_RCC_ClockConfig)
    HAL_RCC_GetPCLK1Freq                     0x08000651   Thumb Code    20  stm32f1xx_hal_rcc.o(i.HAL_RCC_GetPCLK1Freq)
    HAL_RCC_GetPCLK2Freq                     0x08000671   Thumb Code    20  stm32f1xx_hal_rcc.o(i.HAL_RCC_GetPCLK2Freq)
    HAL_RCC_GetSysClockFreq                  0x08000691   Thumb Code    74  stm32f1xx_hal_rcc.o(i.HAL_RCC_GetSysClockFreq)
    HAL_RCC_OscConfig                        0x080006fd   Thumb Code   778  stm32f1xx_hal_rcc.o(i.HAL_RCC_OscConfig)
    HAL_SPI_Init                             0x08000a1d   Thumb Code   178  stm32f1xx_hal_spi.o(i.HAL_SPI_Init)
    HAL_SPI_MspInit                          0x08000ad1   Thumb Code    98  spi.o(i.HAL_SPI_MspInit)
    HAL_SPI_Transmit                         0x08000b41   Thumb Code   358  stm32f1xx_hal_spi.o(i.HAL_SPI_Transmit)
    HAL_SPI_TransmitReceive                  0x08000ca7   Thumb Code   482  stm32f1xx_hal_spi.o(i.HAL_SPI_TransmitReceive)
    HAL_SYSTICK_Config                       0x08000e89   Thumb Code    40  stm32f1xx_hal_cortex.o(i.HAL_SYSTICK_Config)
    HAL_UART_Init                            0x08000eb1   Thumb Code    98  stm32f1xx_hal_uart.o(i.HAL_UART_Init)
    HAL_UART_MspInit                         0x08000f15   Thumb Code    98  usart.o(i.HAL_UART_MspInit)
    HAL_UART_Transmit                        0x08000f85   Thumb Code   178  stm32f1xx_hal_uart.o(i.HAL_UART_Transmit)
    HardFault_Handler                        0x08001037   Thumb Code     2  stm32f1xx_it.o(i.HardFault_Handler)
    MX_FATFS_Init                            0x08001039   Thumb Code    18  fatfs.o(i.MX_FATFS_Init)
    MX_GPIO_Init                             0x08001055   Thumb Code   230  gpio.o(i.MX_GPIO_Init)
    MX_SPI1_Init                             0x0800114d   Thumb Code    62  spi.o(i.MX_SPI1_Init)
    MX_USART2_UART_Init                      0x08001195   Thumb Code    48  usart.o(i.MX_USART2_UART_Init)
    MemManage_Handler                        0x080011cd   Thumb Code     2  stm32f1xx_it.o(i.MemManage_Handler)
    NMI_Handler                              0x080011cf   Thumb Code     2  stm32f1xx_it.o(i.NMI_Handler)
    PendSV_Handler                           0x080011d1   Thumb Code     2  stm32f1xx_it.o(i.PendSV_Handler)
    SPI_Timer_On                             0x080011f5   Thumb Code    18  user_diskio_spi.o(i.SPI_Timer_On)
    SPI_Timer_Status                         0x0800120d   Thumb Code    26  user_diskio_spi.o(i.SPI_Timer_Status)
    SVC_Handler                              0x080012e5   Thumb Code     2  stm32f1xx_it.o(i.SVC_Handler)
    Storage_CheckBitmapFile                  0x080012e9   Thumb Code    28  fatfs_storage.o(i.Storage_CheckBitmapFile)
    Storage_GetDirectoryBitmapFiles          0x08001309   Thumb Code   118  fatfs_storage.o(i.Storage_GetDirectoryBitmapFiles)
    Storage_OpenReadFile                     0x08001391   Thumb Code   208  fatfs_storage.o(i.Storage_OpenReadFile)
    SysTick_Handler                          0x08001469   Thumb Code     4  stm32f1xx_it.o(i.SysTick_Handler)
    SystemClock_Config                       0x0800146d   Thumb Code    78  main.o(i.SystemClock_Config)
    SystemInit                               0x080014bb   Thumb Code     2  system_stm32f1xx.o(i.SystemInit)
    USER_SPI_initialize                      0x080015d9   Thumb Code   286  user_diskio_spi.o(i.USER_SPI_initialize)
    USER_SPI_ioctl                           0x08001701   Thumb Code   444  user_diskio_spi.o(i.USER_SPI_ioctl)
    USER_SPI_read                            0x080018c1   Thumb Code   124  user_diskio_spi.o(i.USER_SPI_read)
    USER_SPI_status                          0x08001941   Thumb Code    12  user_diskio_spi.o(i.USER_SPI_status)
    USER_SPI_write                           0x08001951   Thumb Code   150  user_diskio_spi.o(i.USER_SPI_write)
    USER_initialize                          0x080019ed   Thumb Code     4  user_diskio.o(i.USER_initialize)
    USER_ioctl                               0x080019f1   Thumb Code     4  user_diskio.o(i.USER_ioctl)
    USER_read                                0x080019f5   Thumb Code     4  user_diskio.o(i.USER_read)
    USER_status                              0x080019f9   Thumb Code     4  user_diskio.o(i.USER_status)
    USER_write                               0x080019fd   Thumb Code     4  user_diskio.o(i.USER_write)
    UsageFault_Handler                       0x08001a01   Thumb Code     2  stm32f1xx_it.o(i.UsageFault_Handler)
    __0printf$6                              0x08001a05   Thumb Code    22  printf6.o(i.__0printf$6)
    __1printf$6                              0x08001a05   Thumb Code     0  printf6.o(i.__0printf$6)
    __2printf                                0x08001a05   Thumb Code     0  printf6.o(i.__0printf$6)
    __0sprintf$6                             0x08001a25   Thumb Code    34  printf6.o(i.__0sprintf$6)
    __1sprintf$6                             0x08001a25   Thumb Code     0  printf6.o(i.__0sprintf$6)
    __2sprintf                               0x08001a25   Thumb Code     0  printf6.o(i.__0sprintf$6)
    __scatterload_copy                       0x08001a6d   Thumb Code    14  handlers.o(i.__scatterload_copy)
    __scatterload_null                       0x08001a7b   Thumb Code     2  handlers.o(i.__scatterload_null)
    __scatterload_zeroinit                   0x08001a7d   Thumb Code    14  handlers.o(i.__scatterload_zeroinit)
    clust2sect                               0x08001ee7   Thumb Code    30  ff.o(i.clust2sect)
    disk_initialize                          0x08002339   Thumb Code    36  diskio.o(i.disk_initialize)
    disk_ioctl                               0x08002361   Thumb Code    24  diskio.o(i.disk_ioctl)
    disk_read                                0x0800237d   Thumb Code    24  diskio.o(i.disk_read)
    disk_status                              0x08002399   Thumb Code    18  diskio.o(i.disk_status)
    disk_write                               0x080023b1   Thumb Code    24  diskio.o(i.disk_write)
    f_close                                  0x080024ed   Thumb Code    38  ff.o(i.f_close)
    f_mount                                  0x08002515   Thumb Code    88  ff.o(i.f_mount)
    f_open                                   0x08002571   Thumb Code   400  ff.o(i.f_open)
    f_opendir                                0x08002705   Thumb Code   130  ff.o(i.f_opendir)
    f_read                                   0x08002787   Thumb Code   306  ff.o(i.f_read)
    f_readdir                                0x080028b9   Thumb Code    78  ff.o(i.f_readdir)
    f_sync                                   0x08002907   Thumb Code   122  ff.o(i.f_sync)
    fputc                                    0x08002c85   Thumb Code    20  usart.o(i.fputc)
    get_fat                                  0x08002c9d   Thumb Code   194  ff.o(i.get_fat)
    get_fattime                              0x08002d5f   Thumb Code     4  fatfs.o(i.get_fattime)
    lcd_clear_screen                         0x08002e85   Thumb Code   176  lcd_driver.o(i.lcd_clear_screen)
    lcd_display_char                         0x08002f45   Thumb Code   144  lcd_driver.o(i.lcd_display_char)
    lcd_display_string                       0x08002fdd   Thumb Code    88  lcd_driver.o(i.lcd_display_string)
    lcd_draw_point                           0x08003035   Thumb Code    44  lcd_driver.o(i.lcd_draw_point)
    lcd_init                                 0x08003065   Thumb Code   946  lcd_driver.o(i.lcd_init)
    lcd_read_id                              0x08003425   Thumb Code    82  lcd_driver.o(i.lcd_read_id)
    lcd_set_cursor                           0x08003485   Thumb Code   198  lcd_driver.o(i.lcd_set_cursor)
    lcd_write_byte                           0x08003551   Thumb Code    58  lcd_driver.o(i.lcd_write_byte)
    lcd_write_word                           0x080035b1   Thumb Code    70  lcd_driver.o(i.lcd_write_word)
    main                                     0x08003619   Thumb Code    88  main.o(i.main)
    malloc                                   0x0800368d   Thumb Code    92  malloc.o(i.malloc)
    put_fat                                  0x0800374f   Thumb Code   248  ff.o(i.put_fat)
    setRotation                              0x0800398d   Thumb Code   224  lcd_driver.o(i.setRotation)
    c_chFont1206                             0x08003c84   Data        1140  fonts.o(.constdata)
    c_chFont1608                             0x080040f8   Data        1520  fonts.o(.constdata)
    AHBPrescTable                            0x080046e8   Data          16  system_stm32f1xx.o(.constdata)
    APBPrescTable                            0x080046f8   Data           8  system_stm32f1xx.o(.constdata)
    Region$$Table$$Base                      0x08004700   Number         0  anon$$obj.o(Region$$Table)
    Region$$Table$$Limit                     0x08004720   Number         0  anon$$obj.o(Region$$Table)
    _rotation                                0x20000000   Data           1  lcd_driver.o(.data)
    lcd_id                                   0x20000001   Data           1  lcd_driver.o(.data)
    spiTimerTickStart                        0x20000008   Data           4  user_diskio_spi.o(.data)
    spiTimerTickDelay                        0x2000000c   Data           4  user_diskio_spi.o(.data)
    BytesWritten                             0x20000010   Data           4  fatfs_storage.o(.data)
    BytesRead                                0x20000014   Data           4  fatfs_storage.o(.data)
    __stdout                                 0x20000018   Data           4  usart.o(.data)
    USER_Driver                              0x2000001c   Data          20  user_diskio.o(.data)
    retUSER                                  0x20000030   Data           1  fatfs.o(.data)
    USERPath                                 0x20000031   Data           4  fatfs.o(.data)
    uwTickFreq                               0x20000038   Data           1  stm32f1xx_hal.o(.data)
    uwTickPrio                               0x2000003c   Data           4  stm32f1xx_hal.o(.data)
    uwTick                                   0x20000040   Data           4  stm32f1xx_hal.o(.data)
    SystemCoreClock                          0x20000044   Data           4  system_stm32f1xx.o(.data)
    __microlib_freelist                      0x20000050   Data           4  mvars.o(.data)
    __microlib_freelist_initialised          0x20000054   Data           4  mvars.o(.data)
    aBuffer                                  0x20000058   Data         960  fatfs_storage.o(.bss)
    MyFileInfo                               0x20000418   Data          24  fatfs_storage.o(.bss)
    MyDirectory                              0x20000430   Data          32  fatfs_storage.o(.bss)
    MyFile                                   0x20000450   Data          44  fatfs_storage.o(.bss)
    pDirectoryFiles                          0x2000047c   Data         100  main.o(.bss)
    microSDFatFs                             0x200004e0   Data         560  main.o(.bss)
    str                                      0x20000710   Data          20  main.o(.bss)
    hspi1                                    0x20000724   Data          88  spi.o(.bss)
    huart2                                   0x2000077c   Data          64  usart.o(.bss)
    disk                                     0x200007d4   Data          12  ff_gen_drv.o(.bss)
    __heap_base                              0x200007e0   Data           0  startup_stm32f103xb.o(HEAP)
    __heap_limit                             0x200009e0   Data           0  startup_stm32f103xb.o(HEAP)
    __initial_sp                             0x200019e0   Data           0  startup_stm32f103xb.o(STACK)



==============================================================================

Memory Map of the image

  Image Entry point : 0x080000ed

  Load Region LR_IROM1 (Base: 0x08000000, Size: 0x00004778, Max: 0x00020000, ABSOLUTE)

    Execution Region ER_IROM1 (Base: 0x08000000, Size: 0x00004720, Max: 0x00020000, ABSOLUTE)

    Base Addr    Size         Type   Attr      Idx    E Section Name        Object

    0x08000000   0x000000ec   Data   RO            3    RESET               startup_stm32f103xb.o
    0x080000ec   0x00000000   Code   RO         3212  * .ARM.Collect$$$$00000000  mc_w.l(entry.o)
    0x080000ec   0x00000004   Code   RO         3530    .ARM.Collect$$$$00000001  mc_w.l(entry2.o)
    0x080000f0   0x00000004   Code   RO         3533    .ARM.Collect$$$$00000004  mc_w.l(entry5.o)
    0x080000f4   0x00000000   Code   RO         3535    .ARM.Collect$$$$00000008  mc_w.l(entry7b.o)
    0x080000f4   0x00000000   Code   RO         3537    .ARM.Collect$$$$0000000A  mc_w.l(entry8b.o)
    0x080000f4   0x00000008   Code   RO         3538    .ARM.Collect$$$$0000000B  mc_w.l(entry9a.o)
    0x080000fc   0x00000000   Code   RO         3540    .ARM.Collect$$$$0000000D  mc_w.l(entry10a.o)
    0x080000fc   0x00000000   Code   RO         3542    .ARM.Collect$$$$0000000F  mc_w.l(entry11a.o)
    0x080000fc   0x00000004   Code   RO         3531    .ARM.Collect$$$$00002712  mc_w.l(entry2.o)
    0x08000100   0x00000024   Code   RO            4    .text               startup_stm32f103xb.o
    0x08000124   0x00000024   Code   RO         3217    .text               mc_w.l(memseta.o)
    0x08000148   0x0000000e   Code   RO         3219    .text               mc_w.l(strlen.o)
    0x08000156   0x0000002c   Code   RO         3544    .text               mc_w.l(uidiv.o)
    0x08000182   0x00000002   PAD
    0x08000184   0x00000024   Code   RO         3580    .text               mc_w.l(init.o)
    0x080001a8   0x00000002   Code   RO          830    i.BusFault_Handler  stm32f1xx_it.o
    0x080001aa   0x00000002   Code   RO          831    i.DebugMon_Handler  stm32f1xx_it.o
    0x080001ac   0x00000002   Code   RO          589    i.Error_Handler     main.o
    0x080001ae   0x00000006   Code   RO         3127    i.FATFS_LinkDriver  ff_gen_drv.o
    0x080001b4   0x00000040   Code   RO         3128    i.FATFS_LinkDriverEx  ff_gen_drv.o
    0x080001f4   0x00000024   Code   RO         1070    i.HAL_Delay         stm32f1xx_hal.o
    0x08000218   0x000001e0   Code   RO         1378    i.HAL_GPIO_Init     stm32f1xx_hal_gpio.o
    0x080003f8   0x0000000a   Code   RO         1382    i.HAL_GPIO_WritePin  stm32f1xx_hal_gpio.o
    0x08000402   0x00000002   PAD
    0x08000404   0x0000000c   Code   RO         1074    i.HAL_GetTick       stm32f1xx_hal.o
    0x08000410   0x00000010   Code   RO         1080    i.HAL_IncTick       stm32f1xx_hal.o
    0x08000420   0x00000024   Code   RO         1081    i.HAL_Init          stm32f1xx_hal.o
    0x08000444   0x00000040   Code   RO         1082    i.HAL_InitTick      stm32f1xx_hal.o
    0x08000484   0x0000003c   Code   RO          905    i.HAL_MspInit       stm32f1xx_hal_msp.o
    0x080004c0   0x00000040   Code   RO         1544    i.HAL_NVIC_SetPriority  stm32f1xx_hal_cortex.o
    0x08000500   0x00000024   Code   RO         1545    i.HAL_NVIC_SetPriorityGrouping  stm32f1xx_hal_cortex.o
    0x08000524   0x0000012c   Code   RO         1238    i.HAL_RCC_ClockConfig  stm32f1xx_hal_rcc.o
    0x08000650   0x00000020   Code   RO         1245    i.HAL_RCC_GetPCLK1Freq  stm32f1xx_hal_rcc.o
    0x08000670   0x00000020   Code   RO         1246    i.HAL_RCC_GetPCLK2Freq  stm32f1xx_hal_rcc.o
    0x08000690   0x0000006c   Code   RO         1247    i.HAL_RCC_GetSysClockFreq  stm32f1xx_hal_rcc.o
    0x080006fc   0x00000320   Code   RO         1250    i.HAL_RCC_OscConfig  stm32f1xx_hal_rcc.o
    0x08000a1c   0x000000b2   Code   RO         2049    i.HAL_SPI_Init      stm32f1xx_hal_spi.o
    0x08000ace   0x00000002   PAD
    0x08000ad0   0x00000070   Code   RO          730    i.HAL_SPI_MspInit   spi.o
    0x08000b40   0x00000166   Code   RO         2057    i.HAL_SPI_Transmit  stm32f1xx_hal_spi.o
    0x08000ca6   0x000001e2   Code   RO         2058    i.HAL_SPI_TransmitReceive  stm32f1xx_hal_spi.o
    0x08000e88   0x00000028   Code   RO         1549    i.HAL_SYSTICK_Config  stm32f1xx_hal_cortex.o
    0x08000eb0   0x00000062   Code   RO         2421    i.HAL_UART_Init     stm32f1xx_hal_uart.o
    0x08000f12   0x00000002   PAD
    0x08000f14   0x00000070   Code   RO          772    i.HAL_UART_MspInit  usart.o
    0x08000f84   0x000000b2   Code   RO         2429    i.HAL_UART_Transmit  stm32f1xx_hal_uart.o
    0x08001036   0x00000002   Code   RO          832    i.HardFault_Handler  stm32f1xx_it.o
    0x08001038   0x0000001c   Code   RO          989    i.MX_FATFS_Init     fatfs.o
    0x08001054   0x000000f8   Code   RO          705    i.MX_GPIO_Init      gpio.o
    0x0800114c   0x00000048   Code   RO          731    i.MX_SPI1_Init      spi.o
    0x08001194   0x00000038   Code   RO          773    i.MX_USART2_UART_Init  usart.o
    0x080011cc   0x00000002   Code   RO          833    i.MemManage_Handler  stm32f1xx_it.o
    0x080011ce   0x00000002   Code   RO          834    i.NMI_Handler       stm32f1xx_it.o
    0x080011d0   0x00000002   Code   RO          835    i.PendSV_Handler    stm32f1xx_it.o
    0x080011d2   0x00000020   Code   RO         2087    i.SPI_EndRxTxTransaction  stm32f1xx_hal_spi.o
    0x080011f2   0x00000002   PAD
    0x080011f4   0x00000018   Code   RO          413    i.SPI_Timer_On      user_diskio_spi.o
    0x0800120c   0x00000020   Code   RO          414    i.SPI_Timer_Status  user_diskio_spi.o
    0x0800122c   0x000000b8   Code   RO         2092    i.SPI_WaitFlagStateUntilTimeout  stm32f1xx_hal_spi.o
    0x080012e4   0x00000002   Code   RO          836    i.SVC_Handler       stm32f1xx_it.o
    0x080012e6   0x00000002   PAD
    0x080012e8   0x00000020   Code   RO          529    i.Storage_CheckBitmapFile  fatfs_storage.o
    0x08001308   0x00000088   Code   RO          531    i.Storage_GetDirectoryBitmapFiles  fatfs_storage.o
    0x08001390   0x000000d8   Code   RO          532    i.Storage_OpenReadFile  fatfs_storage.o
    0x08001468   0x00000004   Code   RO          837    i.SysTick_Handler   stm32f1xx_it.o
    0x0800146c   0x0000004e   Code   RO          590    i.SystemClock_Config  main.o
    0x080014ba   0x00000002   Code   RO         2718    i.SystemInit        system_stm32f1xx.o
    0x080014bc   0x000000b8   Code   RO         2447    i.UART_SetConfig    stm32f1xx_hal_uart.o
    0x08001574   0x00000064   Code   RO         2448    i.UART_WaitOnFlagUntilTimeout  stm32f1xx_hal_uart.o
    0x080015d8   0x00000128   Code   RO          473    i.USER_SPI_initialize  user_diskio_spi.o
    0x08001700   0x000001c0   Code   RO          497    i.USER_SPI_ioctl    user_diskio_spi.o
    0x080018c0   0x00000080   Code   RO          485    i.USER_SPI_read     user_diskio_spi.o
    0x08001940   0x00000010   Code   RO          479    i.USER_SPI_status   user_diskio_spi.o
    0x08001950   0x0000009c   Code   RO          491    i.USER_SPI_write    user_diskio_spi.o
    0x080019ec   0x00000004   Code   RO          929    i.USER_initialize   user_diskio.o
    0x080019f0   0x00000004   Code   RO          930    i.USER_ioctl        user_diskio.o
    0x080019f4   0x00000004   Code   RO          931    i.USER_read         user_diskio.o
    0x080019f8   0x00000004   Code   RO          932    i.USER_status       user_diskio.o
    0x080019fc   0x00000004   Code   RO          933    i.USER_write        user_diskio.o
    0x08001a00   0x00000002   Code   RO          838    i.UsageFault_Handler  stm32f1xx_it.o
    0x08001a02   0x00000002   PAD
    0x08001a04   0x00000020   Code   RO         3376    i.__0printf$6       mc_w.l(printf6.o)
    0x08001a24   0x00000028   Code   RO         3378    i.__0sprintf$6      mc_w.l(printf6.o)
    0x08001a4c   0x00000020   Code   RO         1551    i.__NVIC_SetPriority  stm32f1xx_hal_cortex.o
    0x08001a6c   0x0000000e   Code   RO         3588    i.__scatterload_copy  mc_w.l(handlers.o)
    0x08001a7a   0x00000002   Code   RO         3589    i.__scatterload_null  mc_w.l(handlers.o)
    0x08001a7c   0x0000000e   Code   RO         3590    i.__scatterload_zeroinit  mc_w.l(handlers.o)
    0x08001a8a   0x00000002   PAD
    0x08001a8c   0x000002f0   Code   RO         3383    i._printf_core      mc_w.l(printf6.o)
    0x08001d7c   0x00000024   Code   RO         3384    i._printf_post_padding  mc_w.l(printf6.o)
    0x08001da0   0x0000002e   Code   RO         3385    i._printf_pre_padding  mc_w.l(printf6.o)
    0x08001dce   0x0000000a   Code   RO         3387    i._sputc            mc_w.l(printf6.o)
    0x08001dd8   0x00000060   Code   RO         2810    i.check_fs          ff.o
    0x08001e38   0x00000064   Code   RO         2811    i.chk_lock          ff.o
    0x08001e9c   0x00000024   Code   RO         2812    i.clear_lock        ff.o
    0x08001ec0   0x00000026   Code   RO         2813    i.clmt_clust        ff.o
    0x08001ee6   0x0000001e   Code   RO         2814    i.clust2sect        ff.o
    0x08001f04   0x000000b0   Code   RO         2815    i.create_chain      ff.o
    0x08001fb4   0x000000ec   Code   RO         2816    i.create_name       ff.o
    0x080020a0   0x0000003c   Code   RO         2817    i.dec_lock          ff.o
    0x080020dc   0x0000001c   Code   RO          415    i.despiselect       user_diskio_spi.o
    0x080020f8   0x000000f4   Code   RO         2818    i.dir_next          ff.o
    0x080021ec   0x0000005c   Code   RO         2819    i.dir_read          ff.o
    0x08002248   0x00000066   Code   RO         2820    i.dir_register      ff.o
    0x080022ae   0x00000002   PAD
    0x080022b0   0x00000088   Code   RO         2822    i.dir_sdi           ff.o
    0x08002338   0x00000028   Code   RO         2755    i.disk_initialize   diskio.o
    0x08002360   0x0000001c   Code   RO         2756    i.disk_ioctl        diskio.o
    0x0800237c   0x0000001c   Code   RO         2757    i.disk_read         diskio.o
    0x08002398   0x00000018   Code   RO         2758    i.disk_status       diskio.o
    0x080023b0   0x0000001c   Code   RO         2759    i.disk_write        diskio.o
    0x080023cc   0x00000120   Code   RO          591    i.display_images    main.o
    0x080024ec   0x00000026   Code   RO         2824    i.f_close           ff.o
    0x08002512   0x00000002   PAD
    0x08002514   0x0000005c   Code   RO         2831    i.f_mount           ff.o
    0x08002570   0x00000194   Code   RO         2832    i.f_open            ff.o
    0x08002704   0x00000082   Code   RO         2833    i.f_opendir         ff.o
    0x08002786   0x00000132   Code   RO         2837    i.f_read            ff.o
    0x080028b8   0x0000004e   Code   RO         2838    i.f_readdir         ff.o
    0x08002906   0x0000007a   Code   RO         2841    i.f_sync            ff.o
    0x08002980   0x00000258   Code   RO         2846    i.find_volume       ff.o
    0x08002bd8   0x000000aa   Code   RO         2847    i.follow_path       ff.o
    0x08002c82   0x00000002   PAD
    0x08002c84   0x00000018   Code   RO          775    i.fputc             usart.o
    0x08002c9c   0x000000c2   Code   RO         2848    i.get_fat           ff.o
    0x08002d5e   0x00000004   Code   RO          990    i.get_fattime       fatfs.o
    0x08002d62   0x0000004c   Code   RO         2849    i.get_fileinfo      ff.o
    0x08002dae   0x0000003c   Code   RO         2850    i.get_ldnumber      ff.o
    0x08002dea   0x00000002   PAD
    0x08002dec   0x00000098   Code   RO         2851    i.inc_lock          ff.o
    0x08002e84   0x000000c0   Code   RO           13    i.lcd_clear_screen  lcd_driver.o
    0x08002f44   0x00000098   Code   RO           14    i.lcd_display_char  lcd_driver.o
    0x08002fdc   0x00000058   Code   RO           16    i.lcd_display_string  lcd_driver.o
    0x08003034   0x00000030   Code   RO           20    i.lcd_draw_point    lcd_driver.o
    0x08003064   0x000003c0   Code   RO           24    i.lcd_init          lcd_driver.o
    0x08003424   0x00000060   Code   RO           25    i.lcd_read_id       lcd_driver.o
    0x08003484   0x000000cc   Code   RO           26    i.lcd_set_cursor    lcd_driver.o
    0x08003550   0x00000048   Code   RO           28    i.lcd_write_byte    lcd_driver.o
    0x08003598   0x00000016   Code   RO           31    i.lcd_write_register  lcd_driver.o
    0x080035ae   0x00000002   PAD
    0x080035b0   0x00000054   Code   RO           32    i.lcd_write_word    lcd_driver.o
    0x08003604   0x00000014   Code   RO         2852    i.ld_clust          ff.o
    0x08003618   0x00000074   Code   RO          592    i.main              main.o
    0x0800368c   0x0000006c   Code   RO         3483    i.malloc            mc_w.l(malloc.o)
    0x080036f8   0x00000012   Code   RO         2853    i.mem_cpy           ff.o
    0x0800370a   0x0000000e   Code   RO         2854    i.mem_set           ff.o
    0x08003718   0x00000036   Code   RO         2855    i.move_window       ff.o
    0x0800374e   0x000000f8   Code   RO         2856    i.put_fat           ff.o
    0x08003846   0x00000002   PAD
    0x08003848   0x0000004e   Code   RO          416    i.rcvr_datablock    user_diskio_spi.o
    0x08003896   0x0000006e   Code   RO         2858    i.remove_chain      ff.o
    0x08003904   0x00000086   Code   RO          417    i.send_cmd          user_diskio_spi.o
    0x0800398a   0x00000002   PAD
    0x0800398c   0x000000e4   Code   RO           33    i.setRotation       lcd_driver.o
    0x08003a70   0x00000030   Code   RO          418    i.spiselect         user_diskio_spi.o
    0x08003aa0   0x00000010   Code   RO         2859    i.st_clust          ff.o
    0x08003ab0   0x000000b6   Code   RO         2860    i.sync_fs           ff.o
    0x08003b66   0x00000060   Code   RO         2861    i.sync_window       ff.o
    0x08003bc6   0x00000028   Code   RO         2862    i.validate          ff.o
    0x08003bee   0x00000026   Code   RO          419    i.wait_ready        user_diskio_spi.o
    0x08003c14   0x00000020   Code   RO          420    i.xchg_spi          user_diskio_spi.o
    0x08003c34   0x00000050   Code   RO          421    i.xmit_datablock    user_diskio_spi.o
    0x08003c84   0x00000474   Data   RO          266    .constdata          fonts.o
    0x080040f8   0x000005f0   Data   RO          267    .constdata          fonts.o
    0x080046e8   0x00000010   Data   RO         2719    .constdata          system_stm32f1xx.o
    0x080046f8   0x00000008   Data   RO         2720    .constdata          system_stm32f1xx.o
    0x08004700   0x00000020   Data   RO         3586    Region$$Table       anon$$obj.o


    Execution Region RW_IRAM1 (Base: 0x20000000, Size: 0x000019e0, Max: 0x00005000, ABSOLUTE)

    Base Addr    Size         Type   Attr      Idx    E Section Name        Object

    0x20000000   0x00000002   Data   RW           34    .data               lcd_driver.o
    0x20000002   0x00000002   PAD
    0x20000004   0x0000000c   Data   RW          422    .data               user_diskio_spi.o
    0x20000010   0x00000008   Data   RW          534    .data               fatfs_storage.o
    0x20000018   0x00000004   Data   RW          777    .data               usart.o
    0x2000001c   0x00000014   Data   RW          934    .data               user_diskio.o
    0x20000030   0x00000005   Data   RW          993    .data               fatfs.o
    0x20000035   0x00000003   PAD
    0x20000038   0x0000000c   Data   RW         1088    .data               stm32f1xx_hal.o
    0x20000044   0x00000004   Data   RW         2721    .data               system_stm32f1xx.o
    0x20000048   0x00000008   Data   RW         2865    .data               ff.o
    0x20000050   0x00000004   Data   RW         3552    .data               mc_w.l(mvars.o)
    0x20000054   0x00000004   Data   RW         3553    .data               mc_w.l(mvars.o)
    0x20000058   0x00000424   Zero   RW          533    .bss                fatfs_storage.o
    0x2000047c   0x000002a8   Zero   RW          593    .bss                main.o
    0x20000724   0x00000058   Zero   RW          732    .bss                spi.o
    0x2000077c   0x00000040   Zero   RW          776    .bss                usart.o
    0x200007bc   0x00000018   Zero   RW         2863    .bss                ff.o
    0x200007d4   0x0000000c   Zero   RW         3131    .bss                ff_gen_drv.o
    0x200007e0   0x00000200   Zero   RW            2    HEAP                startup_stm32f103xb.o
    0x200009e0   0x00001000   Zero   RW            1    STACK               startup_stm32f103xb.o


==============================================================================

Image component sizes


      Code (inc. data)   RO Data    RW Data    ZI Data      Debug   Object Name

       148         22          0          0          0       3729   diskio.o
        32         10          0          5          0       1600   fatfs.o
       384         30          0          8       1060       6254   fatfs_storage.o
      4566         62          0          8         24      32276   ff.o
        70          4          0          0         12       1655   ff_gen_drv.o
         0          0       2660          0          0        656   fonts.o
       248         18          0          0          0       1055   gpio.o
      2146         94          0          2          0     407639   lcd_driver.o
       484        162          0          0        680      35167   main.o
       184         24          0          0         88       1749   spi.o
        36          8        236          0       4608        828   startup_stm32f103xb.o
       164         28          0         12          0       6101   stm32f1xx_hal.o
       172         14          0          0          0      28410   stm32f1xx_hal_cortex.o
       490         34          0          0          0       2964   stm32f1xx_hal_gpio.o
        60          8          0          0          0        922   stm32f1xx_hal_msp.o
      1272        100          0          0          0       5340   stm32f1xx_hal_rcc.o
      1234          4          0          0          0       6344   stm32f1xx_hal_spi.o
       560          6          0          0          0       4108   stm32f1xx_hal_uart.o
        20          0          0          0          0       4094   stm32f1xx_it.o
         2          0         24          4          0       1191   system_stm32f1xx.o
       192         26          0          4         64       3598   usart.o
        20          0          0         20          0       3588   user_diskio.o
      1538         58          0         12          0      17006   user_diskio_spi.o

    ----------------------------------------------------------------------
     14048        712       2952         80       6536     576274   Object Totals
         0          0         32          0          0          0   (incl. Generated)
        26          0          0          5          0          0   (incl. Padding)

    ----------------------------------------------------------------------

      Code (inc. data)   RO Data    RW Data    ZI Data      Debug   Library Member Name

         0          0          0          0          0          0   entry.o
         0          0          0          0          0          0   entry10a.o
         0          0          0          0          0          0   entry11a.o
         8          4          0          0          0          0   entry2.o
         4          0          0          0          0          0   entry5.o
         0          0          0          0          0          0   entry7b.o
         0          0          0          0          0          0   entry8b.o
         8          4          0          0          0          0   entry9a.o
        30          0          0          0          0          0   handlers.o
        36          8          0          0          0         68   init.o
       108         16          0          0          0         84   malloc.o
        36          0          0          0          0        108   memseta.o
         0          0          0          8          0          0   mvars.o
       916         20          0          0          0        504   printf6.o
        14          0          0          0          0         68   strlen.o
        44          0          0          0          0         80   uidiv.o

    ----------------------------------------------------------------------
      1208         52          0          8          0        912   Library Totals
         4          0          0          0          0          0   (incl. Padding)

    ----------------------------------------------------------------------

      Code (inc. data)   RO Data    RW Data    ZI Data      Debug   Library Name

      1204         52          0          8          0        912   mc_w.l

    ----------------------------------------------------------------------
      1208         52          0          8          0        912   Library Totals

    ----------------------------------------------------------------------

==============================================================================


      Code (inc. data)   RO Data    RW Data    ZI Data      Debug   

     15256        764       2952         88       6536     570734   Grand Totals
     15256        764       2952         88       6536     570734   ELF Image Totals
     15256        764       2952         88          0          0   ROM Totals

==============================================================================

    Total RO  Size (Code + RO Data)                18208 (  17.78kB)
    Total RW  Size (RW Data + ZI Data)              6624 (   6.47kB)
    Total ROM Size (Code + RO Data + RW Data)      18296 (  17.87kB)

==============================================================================

